[    0.000000] Initializing cgroup subsys cpuset
[    0.000000] Initializing cgroup subsys cpu
[    0.000000] Initializing cgroup subsys cpuacct
[    0.000000] Linux version 4.4.0-210-generic (buildd@lgw01-amd64-009) (gcc version 5.4.0 20160609 (Ubuntu 5.4.0-6ubuntu1~16.04.12) ) #242-Ubuntu SMP Fri Apr 16 09:57:56 UTC 2021 (Ubuntu 4.4.0-210.242-generic 4.4.262)
[    0.000000] Command line: BOOT_IMAGE=/boot/vmlinuz-4.4.0-210-generic root=LABEL=cloudimg-rootfs ro console=tty1 console=ttyS0
[    0.000000] KERNEL supported cpus:
[    0.000000]   Intel GenuineIntel
[    0.000000]   AMD AuthenticAMD
[    0.000000]   Centaur CentaurHauls
[    0.000000] x86/fpu: xstate_offset[2]:  576, xstate_sizes[2]:  256
[    0.000000] x86/fpu: Supporting XSAVE feature 0x01: 'x87 floating point registers'
[    0.000000] x86/fpu: Supporting XSAVE feature 0x02: 'SSE registers'
[    0.000000] x86/fpu: Supporting XSAVE feature 0x04: 'AVX registers'
[    0.000000] x86/fpu: Enabled xstate features 0x7, context size is 832 bytes, using 'standard' format.
[    0.000000] e820: BIOS-provided physical RAM map:
[    0.000000] BIOS-e820: [mem 0x0000000000000000-0x000000000009fbff] usable
[    0.000000] BIOS-e820: [mem 0x000000000009fc00-0x000000000009ffff] reserved
[    0.000000] BIOS-e820: [mem 0x00000000000f0000-0x00000000000fffff] reserved
[    0.000000] BIOS-e820: [mem 0x0000000000100000-0x000000007ffeffff] usable
[    0.000000] BIOS-e820: [mem 0x000000007fff0000-0x000000007fffffff] ACPI data
[    0.000000] BIOS-e820: [mem 0x00000000fec00000-0x00000000fec00fff] reserved
[    0.000000] BIOS-e820: [mem 0x00000000fee00000-0x00000000fee00fff] reserved
[    0.000000] BIOS-e820: [mem 0x00000000fffc0000-0x00000000ffffffff] reserved
[    0.000000] NX (Execute Disable) protection: active
[    0.000000] SMBIOS 2.5 present.
[    0.000000] Hypervisor detected: KVM
[    0.000000] Kernel/User page tables isolation: disabled
[    0.000000] e820: last_pfn = 0x7fff0 max_arch_pfn = 0x400000000
[    0.000000] MTRR: Disabled
[    0.000000] x86/PAT: MTRRs disabled, skipping PAT initialization too.
[    0.000000] CPU MTRRs all blank - virtualized system.
[    0.000000] x86/PAT: Configuration [0-7]: WB  WT  UC- UC  WB  WT  UC- UC  
[    0.000000] found SMP MP-table at [mem 0x0009fff0-0x0009ffff] mapped at [ffff88000009fff0]
[    0.000000] Scanning 1 areas for low memory corruption
[    0.000000] RAMDISK: [mem 0x362dc000-0x37165fff]
[    0.000000] ACPI: Early table checksum verification disabled
[    0.000000] ACPI: RSDP 0x00000000000E0000 000024 (v02 VBOX  )
[    0.000000] ACPI: XSDT 0x000000007FFF0030 00003C (v01 VBOX   VBOXXSDT 00000001 ASL  00000061)
[    0.000000] ACPI: FACP 0x000000007FFF00F0 0000F4 (v04 VBOX   VBOXFACP 00000001 ASL  00000061)
[    0.000000] ACPI: DSDT 0x000000007FFF0470 002325 (v02 VBOX   VBOXBIOS 00000002 INTL 20100528)
[    0.000000] ACPI: FACS 0x000000007FFF0200 000040
[    0.000000] ACPI: FACS 0x000000007FFF0200 000040
[    0.000000] ACPI: APIC 0x000000007FFF0240 00005C (v02 VBOX   VBOXAPIC 00000001 ASL  00000061)
[    0.000000] ACPI: SSDT 0x000000007FFF02A0 0001CC (v01 VBOX   VBOXCPUT 00000002 INTL 20100528)
[    0.000000] No NUMA configuration found
[    0.000000] Faking a node at [mem 0x0000000000000000-0x000000007ffeffff]
[    0.000000] NODE_DATA(0) allocated [mem 0x7ffeb000-0x7ffeffff]
[    0.000000] kvm-clock: Using msrs 4b564d01 and 4b564d00
[    0.000000] kvm-clock: cpu 0, msr 0:7ffe3001, primary cpu clock
[    0.000000] kvm-clock: using sched offset of 3287762761 cycles
[    0.000000] clocksource: kvm-clock: mask: 0xffffffffffffffff max_cycles: 0x1cd42e4dffb, max_idle_ns: 881590591483 ns
[    0.000000] Zone ranges:
[    0.000000]   DMA      [mem 0x0000000000001000-0x0000000000ffffff]
[    0.000000]   DMA32    [mem 0x0000000001000000-0x000000007ffeffff]
[    0.000000]   Normal   empty
[    0.000000]   Device   empty
[    0.000000] Movable zone start for each node
[    0.000000] Early memory node ranges
[    0.000000]   node   0: [mem 0x0000000000001000-0x000000000009efff]
[    0.000000]   node   0: [mem 0x0000000000100000-0x000000007ffeffff]
[    0.000000] Initmem setup node 0 [mem 0x0000000000001000-0x000000007ffeffff]
[    0.000000] ACPI: PM-Timer IO Port: 0x4008
[    0.000000] IOAPIC[0]: apic_id 2, version 32, address 0xfec00000, GSI 0-23
[    0.000000] ACPI: INT_SRC_OVR (bus 0 bus_irq 0 global_irq 2 dfl dfl)
[    0.000000] ACPI: INT_SRC_OVR (bus 0 bus_irq 9 global_irq 9 low level)
[    0.000000] Using ACPI (MADT) for SMP configuration information
[    0.000000] smpboot: Allowing 2 CPUs, 0 hotplug CPUs
[    0.000000] PM: Registered nosave memory: [mem 0x00000000-0x00000fff]
[    0.000000] PM: Registered nosave memory: [mem 0x0009f000-0x0009ffff]
[    0.000000] PM: Registered nosave memory: [mem 0x000a0000-0x000effff]
[    0.000000] PM: Registered nosave memory: [mem 0x000f0000-0x000fffff]
[    0.000000] e820: [mem 0x80000000-0xfebfffff] available for PCI devices
[    0.000000] Booting paravirtualized kernel on KVM
[    0.000000] clocksource: refined-jiffies: mask: 0xffffffff max_cycles: 0xffffffff, max_idle_ns: 7645519600211568 ns
[    0.000000] setup_percpu: NR_CPUS:512 nr_cpumask_bits:512 nr_cpu_ids:2 nr_node_ids:1
[    0.000000] PERCPU: Embedded 33 pages/cpu @ffff88007fc00000 s95192 r8192 d31784 u1048576
[    0.000000] Built 1 zonelists in Node order, mobility grouping on.  Total pages: 515960
[    0.000000] Policy zone: DMA32
[    0.000000] Kernel command line: BOOT_IMAGE=/boot/vmlinuz-4.4.0-210-generic root=LABEL=cloudimg-rootfs ro console=tty1 console=ttyS0
[    0.000000] PID hash table entries: 4096 (order: 3, 32768 bytes)
[    0.000000] Memory: 2029984K/2096696K available (8644K kernel code, 1332K rwdata, 4044K rodata, 1492K init, 1164K bss, 66712K reserved, 0K cma-reserved)
[    0.000000] SLUB: HWalign=64, Order=0-3, MinObjects=0, CPUs=2, Nodes=1
[    0.000000] Hierarchical RCU implementation.
[    0.000000] 	Build-time adjustment of leaf fanout to 64.
[    0.000000] 	RCU restricting CPUs from NR_CPUS=512 to nr_cpu_ids=2.
[    0.000000] RCU: Adjusting geometry for rcu_fanout_leaf=64, nr_cpu_ids=2
[    0.000000] NR_IRQS:33024 nr_irqs:440 16
[    0.000000] Console: colour VGA+ 80x25
[    0.000000] console [tty1] enabled
[    0.000000] console [ttyS0] enabled
[    0.000000] tsc: Detected 2903.994 MHz processor
[    0.180745] Calibrating delay loop (skipped) preset value.. 5807.98 BogoMIPS (lpj=11615976)
[    0.182836] pid_max: default: 32768 minimum: 301
[    0.184031] ACPI: Core revision 20150930
[    0.185960] ACPI: 2 ACPI AML tables successfully acquired and loaded
[    0.187360] Security Framework initialized
[    0.188717] Yama: becoming mindful.
[    0.189736] AppArmor: AppArmor initialized
[    0.193147] Dentry cache hash table entries: 262144 (order: 9, 2097152 bytes)
[    0.195098] Inode-cache hash table entries: 131072 (order: 8, 1048576 bytes)
[    0.196824] Mount-cache hash table entries: 4096 (order: 3, 32768 bytes)
[    0.198234] Mountpoint-cache hash table entries: 4096 (order: 3, 32768 bytes)
[    0.202151] Initializing cgroup subsys io
[    0.203027] Initializing cgroup subsys memory
[    0.204412] Initializing cgroup subsys devices
[    0.205384] Initializing cgroup subsys freezer
[    0.206420] Initializing cgroup subsys net_cls
[    0.207419] Initializing cgroup subsys perf_event
[    0.208629] Initializing cgroup subsys net_prio
[    0.209956] Initializing cgroup subsys hugetlb
[    0.211170] Initializing cgroup subsys pids
[    0.213407] mce: CPU supports 0 MCE banks
[    0.214509] Last level iTLB entries: 4KB 128, 2MB 8, 4MB 8
[    0.215604] Last level dTLB entries: 4KB 64, 2MB 0, 4MB 0, 1GB 4
[    0.217088] Spectre V1 : Mitigation: usercopy/swapgs barriers and __user pointer sanitization
[    0.218844] Spectre V2 : Mitigation: Full generic retpoline
[    0.220037] Spectre V2 : Spectre v2 / SpectreRSB mitigation: Filling RSB on context switch
[    0.221801] Speculative Store Bypass: Vulnerable
[    0.222897] SRBDS: Mitigation: TSX disabled
[    0.226666] Freeing SMP alternatives memory: 36K
[    0.233614] ftrace: allocating 32380 entries in 127 pages
[    0.289836] smpboot: APIC(0) Converting physical 0 to logical package 0
[    0.291200] smpboot: Max logical packages: 1
[    0.292547] x2apic enabled
[    0.293669] Switched APIC routing to physical x2apic.
[    0.295868] ..TIMER: vector=0x30 apic1=0 pin1=2 apic2=-1 pin2=-1
[    0.405353] smpboot: CPU0: Intel(R) Core(TM) i5-9400F CPU @ 2.90GHz (family: 0x6, model: 0x9e, stepping: 0xd)
[    0.407825] Performance Events: unsupported p6 CPU model 158 no PMU driver, software events only.
[    0.419454] KVM setup paravirtual spinlock
[    0.420926] x86: Booting SMP configuration:
[    0.422091] .... node  #0, CPUs:      #1
[    0.423105] kvm-clock: cpu 1, msr 0:7ffe3041, secondary cpu clock
[    0.425081] mce: CPU supports 0 MCE banks
[    0.428040] x86: Booted up 1 node, 2 CPUs
[    0.429328] smpboot: Total of 2 processors activated (11615.97 BogoMIPS)
[    0.431165] devtmpfs: initialized
[    0.433943] evm: security.selinux
[    0.434922] evm: security.SMACK64
[    0.435816] evm: security.SMACK64EXEC
[    0.436692] evm: security.SMACK64TRANSMUTE
[    0.437752] evm: security.SMACK64MMAP
[    0.439991] evm: security.ima
[    0.440760] evm: security.capability
[    0.441701] clocksource: jiffies: mask: 0xffffffff max_cycles: 0xffffffff, max_idle_ns: 7645041785100000 ns
[    0.444037] futex hash table entries: 512 (order: 3, 32768 bytes)
[    0.445483] pinctrl core: initialized pinctrl subsystem
[    0.446856] RTC time: 20:20:16, date: 11/02/21
[    0.448162] NET: Registered protocol family 16
[    0.461275] cpuidle: using governor ladder
[    0.474179] cpuidle: using governor menu
[    0.475032] PCCT header not found.
[    0.476218] ACPI: bus type PCI registered
[    0.477124] acpiphp: ACPI Hot Plug PCI Controller Driver version: 0.5
[    0.478377] PCI: Using configuration type 1 for base access
[    0.490189] ACPI: Added _OSI(Module Device)
[    0.491095] ACPI: Added _OSI(Processor Device)
[    0.492004] ACPI: Added _OSI(3.0 _SCP Extensions)
[    0.493409] ACPI: Added _OSI(Processor Aggregator Device)
[    0.495220] ACPI: Executed 1 blocks of module-level executable AML code
[    0.500793] ACPI: Interpreter enabled
[    0.501721] ACPI: (supports S0 S5)
[    0.502850] ACPI: Using IOAPIC for interrupt routing
[    0.504076] PCI: Using host bridge windows from ACPI; if necessary, use "pci=nocrs" and report a bug
[    0.509159] ACPI: PCI Root Bridge [PCI0] (domain 0000 [bus 00-ff])
[    0.510573] acpi PNP0A03:00: _OSC: OS supports [ASPM ClockPM Segments MSI]
[    0.512097] acpi PNP0A03:00: _OSC: not requesting OS control; OS requires [ExtendedConfig ASPM ClockPM MSI]
[    0.514057] acpi PNP0A03:00: fail to add MMCONFIG information, can't access extended PCI configuration space under this bridge.
[    0.516752] PCI host bridge to bus 0000:00
[    0.517898] pci_bus 0000:00: root bus resource [io  0x0000-0x0cf7 window]
[    0.519251] pci_bus 0000:00: root bus resource [io  0x0d00-0xffff window]
[    0.520583] pci_bus 0000:00: root bus resource [mem 0x000a0000-0x000bffff window]
[    0.522189] pci_bus 0000:00: root bus resource [mem 0x80000000-0xfdffffff window]
[    0.523891] pci_bus 0000:00: root bus resource [bus 00-ff]
[    0.526467] pci 0000:00:01.1: legacy IDE quirk: reg 0x10: [io  0x01f0-0x01f7]
[    0.528048] pci 0000:00:01.1: legacy IDE quirk: reg 0x14: [io  0x03f6]
[    0.529304] pci 0000:00:01.1: legacy IDE quirk: reg 0x18: [io  0x0170-0x0177]
[    0.531337] pci 0000:00:01.1: legacy IDE quirk: reg 0x1c: [io  0x0376]
[    0.568640] pci 0000:00:07.0: quirk: [io  0x4000-0x403f] claimed by PIIX4 ACPI
[    0.570270] pci 0000:00:07.0: quirk: [io  0x4100-0x410f] claimed by PIIX4 SMB
[    0.588173] ACPI: PCI Interrupt Link [LNKA] (IRQs 5 9 10 *11)
[    0.590140] ACPI: PCI Interrupt Link [LNKB] (IRQs 5 9 *10 11)
[    0.591834] ACPI: PCI Interrupt Link [LNKC] (IRQs 5 *9 10 11)
[    0.593710] ACPI: PCI Interrupt Link [LNKD] (IRQs 5 9 10 *11)
[    0.595474] ACPI: Enabled 2 GPEs in block 00 to 07
[    0.596864] vgaarb: setting as boot device: PCI:0000:00:02.0
[    0.598344] vgaarb: device added: PCI:0000:00:02.0,decodes=io+mem,owns=io+mem,locks=none
[    0.600040] vgaarb: loaded
[    0.600907] vgaarb: bridge control possible 0000:00:02.0
[    0.602520] SCSI subsystem initialized
[    0.603480] ACPI: bus type USB registered
[    0.604318] usbcore: registered new interface driver usbfs
[    0.605582] usbcore: registered new interface driver hub
[    0.606964] usbcore: registered new device driver usb
[    0.608137] PCI: Using ACPI for IRQ routing
[    0.609445] NetLabel: Initializing
[    0.610254] NetLabel:  domain hash size = 128
[    0.611179] NetLabel:  protocols = UNLABELED CIPSOv4
[    0.612200] NetLabel:  unlabeled traffic allowed by default
[    0.613472] amd_nb: Cannot enumerate AMD northbridges
[    0.614751] clocksource: Switched to clocksource kvm-clock
[    0.625678] AppArmor: AppArmor Filesystem Enabled
[    0.626914] pnp: PnP ACPI init
[    0.628249] pnp: PnP ACPI: found 3 devices
[    0.637900] clocksource: acpi_pm: mask: 0xffffff max_cycles: 0xffffff, max_idle_ns: 2085701024 ns
[    0.639759] NET: Registered protocol family 2
[    0.640837] TCP established hash table entries: 16384 (order: 5, 131072 bytes)
[    0.642400] TCP bind hash table entries: 16384 (order: 6, 262144 bytes)
[    0.643809] TCP: Hash tables configured (established 16384 bind 16384)
[    0.645031] UDP hash table entries: 1024 (order: 3, 32768 bytes)
[    0.646313] UDP-Lite hash table entries: 1024 (order: 3, 32768 bytes)
[    0.647744] NET: Registered protocol family 1
[    0.648748] pci 0000:00:00.0: Limiting direct PCI/PCI transfers
[    0.650017] pci 0000:00:01.0: Activating ISA DMA hang workarounds
[    0.651561] Unpacking initramfs...
[    0.893597] Freeing initrd memory: 14888K
[    0.894874] clocksource: tsc: mask: 0xffffffffffffffff max_cycles: 0x29dc0055a3d, max_idle_ns: 440795341144 ns
[    0.896983] platform rtc_cmos: registered platform RTC device (no PNP device found)
[    0.898981] Scanning for low memory corruption every 60 seconds
[    0.900833] audit: initializing netlink subsys (disabled)
[    0.902133] audit: type=2000 audit(1635884422.088:1): initialized
[    0.903728] Initialise system trusted keyring
[    0.904869] HugeTLB registered 2 MB page size, pre-allocated 0 pages
[    0.907495] zbud: loaded
[    0.908517] VFS: Disk quotas dquot_6.6.0
[    0.909535] VFS: Dquot-cache hash table entries: 512 (order 0, 4096 bytes)
[    0.911384] squashfs: version 4.0 (2009/01/31) Phillip Lougher
[    0.912808] fuse init (API version 7.23)
[    0.913711] Key type big_key registered
[    0.914655] Allocating IMA MOK and blacklist keyrings.
[    0.916604] Key type asymmetric registered
[    0.917478] Asymmetric key parser 'x509' registered
[    0.918646] Block layer SCSI generic (bsg) driver version 0.4 loaded (major 249)
[    0.920532] io scheduler noop registered
[    0.921447] io scheduler deadline registered (default)
[    0.922705] io scheduler cfq registered
[    0.923720] pci_hotplug: PCI Hot Plug PCI Core version: 0.5
[    0.924779] pciehp: PCI Express Hot Plug Controller Driver version: 0.4
[    0.926106] ACPI: AC Adapter [AC] (on-line)
[    0.927164] input: Power Button as /devices/LNXSYSTM:00/LNXPWRBN:00/input/input0
[    0.929249] ACPI: Power Button [PWRF]
[    0.930118] input: Sleep Button as /devices/LNXSYSTM:00/LNXSLPBN:00/input/input1
[    0.932332] ACPI: Sleep Button [SLPF]
[    0.933425] GHES: HEST is not enabled!
[    0.934360] Serial: 8250/16550 driver, 32 ports, IRQ sharing enabled
[    0.956346] 00:02: ttyS0 at I/O 0x3f8 (irq = 4, base_baud = 115200) is a 16550A
[    0.958741] Linux agpgart interface v0.103
[    0.961203] loop: module loaded
[    0.962390] scsi host0: ata_piix
[    0.963165] scsi host1: ata_piix
[    0.964344] ata1: PATA max UDMA/33 cmd 0x1f0 ctl 0x3f6 bmdma 0xd000 irq 14
[    0.965839] ata2: PATA max UDMA/33 cmd 0x170 ctl 0x376 bmdma 0xd008 irq 15
[    0.967320] libphy: Fixed MDIO Bus: probed
[    0.968487] tun: Universal TUN/TAP device driver, 1.6
[    0.969781] tun: (C) 1999-2004 Max Krasnyansky <maxk@qualcomm.com>
[    0.971157] PPP generic driver version 2.4.2
[    0.972470] ehci_hcd: USB 2.0 'Enhanced' Host Controller (EHCI) Driver
[    0.973865] ehci-pci: EHCI PCI platform driver
[    0.974782] ehci-platform: EHCI generic platform driver
[    0.975917] ohci_hcd: USB 1.1 'Open' Host Controller (OHCI) Driver
[    0.977174] ohci-pci: OHCI PCI platform driver
[    0.978246] ohci-platform: OHCI generic platform driver
[    0.979389] uhci_hcd: USB Universal Host Controller Interface driver
[    0.980903] i8042: PNP: PS/2 Controller [PNP0303:PS2K,PNP0f03:PS2M] at 0x60,0x64 irq 1,12
[    0.983228] serio: i8042 KBD port at 0x60,0x64 irq 1
[    0.984144] serio: i8042 AUX port at 0x60,0x64 irq 12
[    0.985471] mousedev: PS/2 mouse device common for all mice
[    0.987321] input: AT Translated Set 2 keyboard as /devices/platform/i8042/serio0/input/input2
[    0.989186] rtc_cmos rtc_cmos: rtc core: registered rtc_cmos as rtc0
[    0.990612] rtc_cmos rtc_cmos: alarms up to one day, 114 bytes nvram
[    0.991907] i2c /dev entries driver
[    0.992803] device-mapper: uevent: version 1.0.3
[    0.994025] device-mapper: ioctl: 4.34.0-ioctl (2015-10-28) initialised: dm-devel@redhat.com
[    0.995891] ledtrig-cpu: registered to indicate activity on CPUs
[    0.997441] NET: Registered protocol family 10
[    0.998717] NET: Registered protocol family 17
[    0.999672] Key type dns_resolver registered
[    1.000714] registered taskstats version 1
[    1.001722] Loading compiled-in X.509 certificates
[    1.003386] Loaded X.509 cert 'Build time autogenerated kernel key: cf00e047681d67edb2720680708b7d9498083038'
[    1.005479] zswap: loaded using pool lzo/zbud
[    1.008233] Key type trusted registered
[    1.012354] Key type encrypted registered
[    1.013176] AppArmor: AppArmor sha1 policy hashing enabled
[    1.014338] ima: No TPM chip found, activating TPM-bypass!
[    1.015612] ima: Allocated hash algorithm: sha1
[    1.016497] evm: HMAC attrs: 0x1
[    1.017479]   Magic number: 13:573:345
[    1.018512] tty tty62: hash matches
[    1.019518] rtc_cmos rtc_cmos: setting system clock to 2021-11-02 20:20:17 UTC (1635884417)
[    1.021404] BIOS EDD facility v0.16 2004-Jun-25, 0 devices found
[    1.022666] EDD information not available.
[    1.151840] Freeing unused kernel memory: 1492K
[    1.153081] Write protecting the kernel read-only data: 14336k
[    1.154723] Freeing unused kernel memory: 1584K
[    1.156081] Freeing unused kernel memory: 52K
Loading, please wait...
starting version 229
[    1.168645] random: systemd-udevd: uninitialized urandom read (16 bytes read, 3 bits of entropy available)
[    1.169292] random: udevadm: uninitialized urandom read (16 bytes read, 3 bits of entropy available)
[    1.169313] random: udevadm: uninitialized urandom read (16 bytes read, 3 bits of entropy available)
[    1.175414] random: udevadm: uninitialized urandom read (16 bytes read, 3 bits of entropy available)
[    1.175446] random: udevadm: uninitialized urandom read (16 bytes read, 3 bits of entropy available)
[    1.175536] random: udevadm: uninitialized urandom read (16 bytes read, 3 bits of entropy available)
[    1.175568] random: udevadm: uninitialized urandom read (16 bytes read, 3 bits of entropy available)
[    1.175619] random: udevadm: uninitialized urandom read (16 bytes read, 3 bits of entropy available)
[    1.175652] random: udevadm: uninitialized urandom read (16 bytes read, 3 bits of entropy available)
[    1.175681] random: udevadm: uninitialized urandom read (16 bytes read, 3 bits of entropy available)
[    1.213104] Fusion MPT base driver 3.04.20
[    1.214114] Copyright (c) 1999-2008 LSI Corporation
[    1.218285] e1000: Intel(R) PRO/1000 Network Driver - version 7.3.21-k8-NAPI
[    1.220161] e1000: Copyright (c) 1999-2006 Intel Corporation.
[    1.232890] Fusion MPT SPI Host driver 3.04.20
[    1.236544] AVX2 version of gcm_enc/dec engaged.
[    1.237807] AES CTR mode by8 optimization enabled
[    1.248993] mptbase: ioc0: Initiating bringup
[    1.314921] ioc0: LSI53C1030 A0: Capabilities={Initiator}
[    1.420479] input: ImExPS/2 Generic Explorer Mouse as /devices/platform/i8042/serio1/input/input4
[    1.485237] scsi host2: ioc0: LSI53C1030 A0, FwRev=00000000h, Ports=1, MaxQ=256, IRQ=20
[    1.604285] scsi 2:0:0:0: Direct-Access     VBOX     HARDDISK         1.0  PQ: 0 ANSI: 5
[    1.605944] scsi target2:0:0: Beginning Domain Validation
[    1.609297] scsi target2:0:0: Domain Validation skipping write tests
[    1.610655] scsi target2:0:0: Ending Domain Validation
[    1.611859] scsi target2:0:0: asynchronous
[    1.613592] scsi 2:0:1:0: Direct-Access     VBOX     HARDDISK         1.0  PQ: 0 ANSI: 5
[    1.615730] scsi target2:0:1: Beginning Domain Validation
[    1.618630] scsi target2:0:1: Domain Validation skipping write tests
[    1.620451] scsi target2:0:1: Ending Domain Validation
[    1.621768] scsi target2:0:1: asynchronous
[    1.630286] sd 2:0:0:0: Attached scsi generic sg0 type 0
[    1.630288] sd 2:0:0:0: [sda] 83886080 512-byte logical blocks: (42.9 GB/40.0 GiB)
[    1.643754] sd 2:0:0:0: [sda] Write Protect is off
[    1.645040] sd 2:0:0:0: [sda] Incomplete mode parameter data
[    1.646409] sd 2:0:0:0: [sda] Assuming drive cache: write through
[    1.648374] sd 2:0:1:0: Attached scsi generic sg1 type 0
[    1.652259]  sda: sda1
[    1.654136] sd 2:0:0:0: [sda] Attached SCSI disk
[    1.654486] sd 2:0:1:0: [sdb] 20480 512-byte logical blocks: (10.5 MB/10.0 MiB)
[    1.659286] sd 2:0:1:0: [sdb] Write Protect is off
[    1.662921] sd 2:0:1:0: [sdb] Incomplete mode parameter data
[    1.664416] sd 2:0:1:0: [sdb] Assuming drive cache: write through
[    1.670168] sd 2:0:1:0: [sdb] Attached SCSI disk
[    2.001200] e1000 0000:00:03.0 eth0: (PCI:33MHz:32-bit) 02:be:82:6b:cc:1d
[    2.002754] e1000 0000:00:03.0 eth0: Intel(R) PRO/1000 Network Connection
[    2.374200] e1000 0000:00:08.0 eth1: (PCI:33MHz:32-bit) 08:00:27:40:c9:71
[    2.378298] e1000 0000:00:08.0 eth1: Intel(R) PRO/1000 Network Connection
[    2.385170] e1000 0000:00:03.0 enp0s3: renamed from eth0
[    2.395728] e1000 0000:00:08.0 enp0s8: renamed from eth1
Begin: Loading essential drivers ... [    3.679697] md: linear personality registered for level -1
[    3.683137] md: multipath personality registered for level -4
[    3.686379] md: raid0 personality registered for level 0
[    3.690094] md: raid1 personality registered for level 1
[    3.758841] raid6: sse2x1   gen() 10959 MB/s
[    3.826900] raid6: sse2x1   xor()  7369 MB/s
[    3.894845] raid6: sse2x2   gen() 15773 MB/s
[    3.962817] raid6: sse2x2   xor() 10092 MB/s
[    4.030773] raid6: sse2x4   gen() 16330 MB/s
[    4.098801] raid6: sse2x4   xor() 10373 MB/s
[    4.166825] raid6: avx2x1   gen() 21726 MB/s
[    4.234823] raid6: avx2x2   gen() 29298 MB/s
[    4.302803] raid6: avx2x4   gen() 30959 MB/s
[    4.303671] raid6: using algorithm avx2x4 gen() 30959 MB/s
[    4.304717] raid6: using avx2x2 recovery algorithm
[    4.306985] xor: automatically using best checksumming function:
[    4.346823]    avx       : 24891.000 MB/sec
[    4.348946] async_tx: api initialized (async)
[    4.357822] md: raid6 personality registered for level 6
[    4.358896] md: raid5 personality registered for level 5
[    4.360008] md: raid4 personality registered for level 4
[    4.366104] md: raid10 personality registered for level 10
done.
Begin: Running /scripts/init-premount ... done.
Begin: Mounting root file system ... Begin: Running /scripts/local-top ... done.
Begin: Running /scripts/local-premount ... [    4.393664] Btrfs loaded
Scanning for Btrfs filesystems
done.
Warning: fsck not present, so skipping root file system
[    4.430228] EXT4-fs (sda1): mounted filesystem with ordered data mode. Opts: (null)
done.
Begin: Running /scripts/local-bottom ... done.
Begin: Running /scripts/init-bottom ... done.
[    4.563967] systemd[1]: systemd 229 running in system mode. (+PAM +AUDIT +SELINUX +IMA +APPARMOR +SMACK +SYSVINIT +UTMP +LIBCRYPTSETUP +GCRYPT +GNUTLS +ACL +XZ -LZ4 +SECCOMP +BLKID +ELFUTILS +KMOD -IDN)
[    4.566883] systemd[1]: Detected virtualization oracle.
[    4.567912] systemd[1]: Detected architecture x86-64.

Welcome to [1mUbuntu 16.04.7 LTS[0m!

[    4.571507] systemd[1]: Set hostname to <ubuntu>.
[    4.574392] systemd[1]: Initializing machine ID from random generator.
[    4.575569] systemd[1]: Installed transient /etc/machine-id file.
[    4.679060] systemd[1]: Listening on Device-mapper event daemon FIFOs.
[[0;32m  OK  [0m] Listening on Device-mapper event daemon FIFOs.
[    4.681261] systemd[1]: Reached target User and Group Name Lookups.
[[0;32m  OK  [0m] Reached target User and Group Name Lookups.
[    4.683134] systemd[1]: Listening on LVM2 poll daemon socket.
[[0;32m  OK  [0m] Listening on LVM2 poll daemon socket.
[    4.685182] systemd[1]: Listening on udev Control Socket.
[[0;32m  OK  [0m] Listening on udev Control Socket.
[    4.687035] systemd[1]: Started Trigger resolvconf update for networkd DNS.
[[0;32m  OK  [0m] Started Trigger resolvconf update for networkd DNS.
[    4.689408] systemd[1]: Listening on fsck to fsckd communication Socket.
[[0;32m  OK  [0m] Listening on fsck to fsckd communication Socket.
[    4.691638] systemd[1]: Listening on Syslog Socket.
[[0;32m  OK  [0m] Listening on Syslog Socket.
[    4.693535] systemd[1]: Created slice User and Session Slice.
[[0;32m  OK  [0m] Created slice User and Session Slice.
[    4.695461] systemd[1]: Listening on Journal Socket.
[[0;32m  OK  [0m] Listening on Journal Socket.
[    4.696958] systemd[1]: Listening on udev Kernel Socket.
[[0;32m  OK  [0m] Listening on udev Kernel Socket.
[    4.698880] systemd[1]: Reached target Encrypted Volumes.
[[0;32m  OK  [0m] Reached target Encrypted Volumes.
[    4.700774] systemd[1]: Created slice System Slice.
[[0;32m  OK  [0m] Created slice System Slice.
[    4.707155] systemd[1]: Reached target Slices.
[[0;32m  OK  [0m] Reached target Slices.
[    4.718915] systemd[1]: Mounting Huge Pages File System...
         Mounting Huge Pages File System...
[    4.721055] systemd[1]: Mounting POSIX Message Queue File System...
         Mounting POSIX Message Queue File System...
[    4.725012] systemd[1]: Starting Load Kernel Modules...
         Starting Load Kernel Modules...
[    4.727303] systemd[1]: Starting Create list of required static device nodes for the current kernel...
         Starting Create list of required st... nodes for the current kernel...
[    4.731498] systemd[1]: Starting Set console keymap...
         Starting Set console keymap...
[    4.733731] systemd[1]: Created slice system-serial\x2dgetty.slice.
[[0;32m  OK  [0m] Created slice system-serial\x2dgetty.slice.
[    4.739775] systemd[1]: Starting Nameserver information manager...
         Starting Nameserver information manager...
[    4.742033] systemd[1]: Listening on Journal Audit Socket.
[[0;32m  OK  [0m] Listening on Journal Audit Socket.
[    4.744490] systemd[1]: Started Forward Password Requests to Wall Directory Watch.
[    4.745034] Loading iSCSI transport class v2.0-870.
[[0;32m  OK  [0m] Started Forward Password Requests to Wall Directory Watch.
[    4.749832] systemd[1]: Listening on /dev/initctl Compatibility Named Pipe.
[[0;32m  OK  [0m] Listening on /dev/initctl Compatibility Named Pipe.
[    4.752274] systemd[1]: Reached target Swap.
[[0;32m  OK  [0m] Reached target Swap.
[    4.753865] systemd[1]: Listening on LVM2 metadata daemon socket.
[[0;32m  OK  [0m] Listening on LVM2 metadata daemon socket.
[    4.756768] systemd[1]: Starting Monitoring of LVM2 mirrors, snapshots etc. using dmeventd or progress polling...
         Starting Monitoring of LVM2 mirrors... dmeventd or progress polling...
[    4.761848] systemd[1]: Starting Uncomplicated firewall...
         Starting Uncomplicated firewall...
[    4.764482] systemd[1]: Starting File System Check on Root Device...
         Starting File System Check on Root Device...
    4.771994] iscsi: registered transport (tcp)
[    4.772573] systemd[1]: Mounting Debug File System...
         Mounting Debug File System...
[    4.775096] systemd[1]: Reached target System Time Synchronized.
[[0;32m  OK  [0m] Reached target System Time Synchronized.
[    4.777624] systemd[1]: Set up automount Arbitrary Executable File Formats File System Automount Point.
[[0;32m  OK  [0m] Set up automount Arbitrary Executab...ats File System Automount Point.
[    4.780729] systemd[1]: Listening on Journal Socket (/dev/log).
[[0;32m  OK  [0m] Listening on Journal Socket (/dev/log).
[    4.783297] systemd[1]: Starting Journal Service...
         Starting Journal Service...
[    4.786442] systemd[1]: Mounted Huge Pages File System.
[[0;32m  OK  [0m] Mounted Huge Pages File System.
[    4.799110] systemd[1]: Mounted POSIX Message Queue File System.
[[0;32m  OK  [0m] Mounted POSIX Message Queue File System.
[    4.800874] systemd[1]: Mounted Debug File System.
[[0;32m  OK  [0m] Mounted Debug File System.
[    4.803310] systemd[1]: Started Create list of required static device nodes for the current kernel.
[[0;32m  OK  [0m] Started Create list of required sta...ce nodes for the current kernel.
[    4.806960] systemd[1]: Started Set console keymap.
[[0;32m  OK  [0m] Started Set console keymap.
[    4.816963] iscsi: registered transport (iser)
[    4.823587] systemd[1]: Started Load Kernel Modules.
[[0;32m  OK  [0m] Started Load Kernel Modules.
[    4.825554] systemd[1]: Started Uncomplicated firewall.
[[0;32m  OK  [0m] Started Uncomplicated firewall.
[    4.830465] systemd[1]: Started File System Check on Root Device.
[[0;32m  OK  [0m] Started File System Check on Root Device.
[    4.833000] systemd[1]: Started Nameserver information manager.
[[0;32m  OK  [0m] Started Nameserver information manager.
[    4.836240] systemd[1]: Started Journal Service.
[[0;32m  OK  [0m] Started Journal Service.
[[0;32m  OK  [0m] Started LVM2 metadata daemon.
[[0;32m  OK  [0m] Started File System Check Daemon to report status.
         Starting Remount Root and Kernel File Systems...
         Mounting FUSE Control File System...
         Starting Apply Kernel Variables...
         Starting Create Static Device Nodes in /dev...
[[0;32m  OK  [0m] Mounted FUSE Control File System.
[    4.850539] EXT4-fs (sda1): re-mounted. Opts: (null)
[[0;32m  OK  [0m] Started Remount Root and Kernel File Systems.
         Starting udev Coldplug all Devices...
         Starting Load/Save Random Seed...
         Starting Flush Journal to Persistent Storage...
[[0;32m  OK  [0m] Started Apply Kernel Variables.
[[0;32m  OK  [0m] Started Create Static Device Nodes in /dev.
[[0;32m  OK  [0m] Started Load/Save Random Seed.
         Starting udev Kernel Device Manager...
[[0;32m  OK  [0m] Started Flush Journal to Persistent Storage.
[[0;32m  OK  [0m] Started udev Coldplug all Devices.
[[0;32m  OK  [0m] Started udev Kernel Device Manager.
[[0;32m  OK  [0m] Started Dispatch Password Requests to Console Directory Watch.
[[0;32m  OK  [0m] Found device /dev/ttyS0.
[[0;32m  OK  [0m] Listening on Load/Save RF Kill Switch Status /dev/rfkill Watch.
[[0;32m  OK  [0m] Started Monitoring of LVM2 mirrors,...ng dmeventd or progress polling.
[[0;32m  OK  [0m] Reached target Local File Systems (Pre).
[[0;32m  OK  [0m] Reached target Local File Systems.
         Starting Create Volatile Files and Directories...
         Starting Commit a transient machine-id on disk...
         Starting Tell Plymouth To Write Out Runtime Data...
         Starting LSB: AppArmor initialization...
         Starting Initial cloud-init job (pre-networking)...
         Starting Set console font and keymap...
[[0;32m  OK  [0m] Started Create Volatile Files and Directories.
[[0;32m  OK  [0m] Started Commit a transient machine-id on disk.
         Starting Update UTMP about System Boot/Shutdown...
[[0;32m  OK  [0m] Started Tell Plymouth To Write Out Runtime Data.
[[0;32m  OK  [0m] Started Update UTMP about System Boot/Shutdown.
[[0;32m  OK  [0m] Started Set console font and keymap.
[[0;32m  OK  [0m] Created slice system-getty.slice.
[[0;32m  OK  [0m] Started LSB: AppArmor initialization.
         Starting Load AppArmor profiles managed internally by snapd...
[[0;32m  OK  [0m] Started Load AppArmor profiles managed internally by snapd.
[    6.204848] cloud-init[631]: Cloud-init v. 21.1-19-gbad84ad4-0ubuntu1~16.04.2 running 'init-local' at Tue, 02 Nov 2021 20:20:22 +0000. Up 5.97 seconds.
[[0;32m  OK  [0m] Started Initial cloud-init job (pre-networking).
[[0;32m  OK  [0m] Reached target Network (Pre).
         Starting Raise network interfaces...
[[0;32m  OK  [0m] Started Raise network interfaces.
         Starting Initial cloud-init job (metadata service crawler)...
[[0;32m  OK  [0m] Reached target Network.
[    7.073181] cloud-init[961]: Cloud-init v. 21.1-19-gbad84ad4-0ubuntu1~16.04.2 running 'init' at Tue, 02 Nov 2021 20:20:23 +0000. Up 6.66 seconds.
[    7.074603] cloud-init[961]: ci-info: ++++++++++++++++++++++++++++++++++++++Net device info+++++++++++++++++++++++++++++++++++++++
[    7.080353] cloud-init[961]: ci-info: +--------+-------+----------------------------+---------------+--------+-------------------+
[    7.088326] cloud-init[961]: ci-info: | Device |   Up  |          Address           |      Mask     | Scope  |     Hw-Address    |
[    7.096358] cloud-init[961]: ci-info: +--------+-------+----------------------------+---------------+--------+-------------------+
[    7.097932] cloud-init[961]: ci-info: | enp0s3 |  True |         10.0.2.15          | 255.255.255.0 | global | 02:be:82:6b:cc:1d |
[    7.099106] cloud-init[961]: ci-info: | enp0s3 |  True | fe80::be:82ff:fe6b:cc1d/64 |       .       |  link  | 02:be:82:6b:cc:1d |
[    7.104332] cloud-init[961]: ci-info: | enp0s8 | False |             .              |       .       |   .    | 08:00:27:40:c9:71 |
[    7.112381] cloud-init[961]: ci-info: |   lo   |  True |         127.0.0.1          |   255.0.0.0   |  host  |         .         |
[    7.120609] cloud-init[961]: ci-info: |   lo   |  True |          ::1/128           |       .       |  host  |         .         |
[[0;32m  OK  [0m] Started Initial cloud-init job (metadata service crawler).
[    7.120722] cloud-init[961]: ci-info: +--------+-------+----------------------------+---------------+--------+-------------------+
[    7.136208] cloud-init[961]: ci-info: +++++++++++++++++++++++++++Route IPv4 info++++++++++++++++++++++++++++
[    7.136343] cloud-init[961]: ci-info: +-------+-------------+----------+---------------+-----------+-------+
[[0;32m  OK  [0m] Reached target Cloud-config availability.
[    7.136481] cloud-init[961]: ci-info: | Route | Destination | Gateway  |    Genmask    | Interface | Flags |
[[0;32m  OK  [0m] [    7.144893] Reached target System Initialization.cloud-init
[961]: ci-info: +-------+-------------+----------+---------------+-----------+-------+
[[    7.144928] [0;32m  OK  [0mcloud-init] [961]: Listening on ACPID Listen Socket.ci-info: |   0   |   0.0.0.0   | 10.0.2.2 |    0.0.0.0    |   enp0s3  |   UG  |

[    7.152530] cloud-init[[961]: [0;32m  OK  [0mci-info: |   1   |   10.0.2.0  | 0.0.0.0  | 255.255.255.0 |   enp0s3  |   U   |] 
Listening on D-Bus System Message Bus Socket.
[    7.152789] cloud-init[961]: ci-info: +-------+-------------+----------+---------------+-----------+-------+
[[0;32m  OK  [0m] Started Daily Cleanup of Temporary Directories.
[    7.160753] cloud-init[961]: ci-info: +++++++++++++++++++Route IPv6 info+++++++++++++++++++
[    7.168678] cloud-init[961]: ci-info: +-------+-------------+---------+-----------+-------+
[[0;32m  OK  [0m] Started Daily apt download activities.
[[    7.168716] [0;32m  OK  [0mcloud-init] [961]: Started Ubuntu Advantage update messaging.ci-info: | Route | Destination | Gateway | Interface | Flags |

[    7.184734] cloud-init[961]: ci-info: +-------+-------------+---------+-----------+-------+
[    7.184864] cloud-init[961]: ci-info: |   0   |  fe80::/64  |    ::   |   enp0s3  |   U   |
[    7.185069] cloud-init[961]: ci-info: |   3   |   ff00::/8  |    ::   |   enp0s3  |   U   |
[[0;32m  OK  [0m] Started ACPI Events Check.
[    7.185138] cloud-init[961]: ci-info: +-------+-------------+---------+-----------+-------+
[    7.200429] cloud-init[961]: Generating public/private rsa key pair.
[    7.200570] cloud-init[961]: Your identification has been saved in /etc/ssh/ssh_host_rsa_key.
[[0;32m  OK  [0m] Reached target Paths.
[    7.200615] cloud-init[961]: Your public key has been saved in /etc/ssh/ssh_host_rsa_key.pub.
[    7.202145]          cloud-initStarting Socket activation for snappy daemon.[961]: 
The key fingerprint is:
[[    7.202439] [0;32m  OK  [0mcloud-init] [961]: Listening on UUID daemon activation socket.SHA256:2zcq/WifNtWrxM9kCz7qgS9/6WC/gWbyFnVWQyxFTM4 root@ubuntu-xenial

[    7.216213] cloud-init[961]: The key's randomart image is:
[    7.216341] cloud-init[961]: +---[RSA 2048]----+
         Starting LXD - unix socket.
[    7.216389] cloud-init[961]: |              B= |
[    7.236515] cloud-init[961]: |             .o+.|
[    7.236671] cloud-init[961]: |              .Eo|
[[0;32m  OK  [0m] Started Message of the Day.
[[    7.236707] [0;32m  OK  [0mcloud-init] [961]: Started Daily apt upgrade and clean activities.|             . o |

[    7.244454] cloud-init[961]: |        S   . o. |
[    7.244602] cloud-init[961]: |         o..o . .|
[[0;32m  OK  [0m] Reached target Timers.
[    7.244631] cloud-init[961]: |        .+.B+*.o.|
[    7.252700] cloud-init[961]: |        ..X=O*B..|
[[0;32m  OK  [0m] Reached target Network is Online.
[    7.253380] cloud-init[961]: |         oBXBB++ |
[    7.268951] cloud-init[961]: +----[SHA256]-----+
         Starting iSCSI initiator daemon (iscsid)...
[    7.276454] cloud-init[961]: Generating public/private dsa key pair.
[    7.277483] cloud-init[961]: Your identification has been saved in /etc/ssh/ssh_host_dsa_key.
[    7.277776] cloud-init[961]: Your public key has been saved in /etc/ssh/ssh_host_dsa_key.pub.
[[0;32m  OK  [0m] Listening on Socket activation for snappy daemon.
[    7.278051] cloud-init[961]: The key fingerprint is:
[    7.278250] cloud-init[961]: SHA256:F52CFHs9SnxC7HjEnwLtniyBJDkK8Nh7SEeIDBGHrm8 root@ubuntu-xenial
[[0;32m  OK  [0m] Listening on LXD - unix socket.
[    7.279789] cloud-init[961]: The key's randomart image is:
[    7.289014] cloud-init[961]: +---[DSA 1024]----+
[[0;32m  OK  [0m[    7.289217] ] cloud-initReached target Sockets.[961]: 
|O=....  o=.      |
[    7.289246] cloud-init[961]: |+*..+ ...==o .   |
[    7.290508] cloud-init[961]: |o.+..+ .o*B.*.   |
[    7.290746] cloud-init[961]: | o.+  . oo=*o.   |
[    7.290779] cloud-init[961]: |. o .   S=oo     |
[    7.290804] cloud-init[961]: |.  .    ..+      |
[    7.291077] cloud-init[961]: | .       .       |
[    7.291125] cloud-init[961]: |  E              |
[[    7.291176] [0;32m  OK  [0mcloud-init] [961]: Reached target Basic System.| .               |

[    7.291229] cloud-init[961]: +----[SHA256]-----+
[    7.312474] cloud-init[961]: Generating public/private ecdsa key pair.
[    7.312639] cloud-init[961]: Your identification has been saved in /etc/ssh/ssh_host_ecdsa_key.
[[0;32m  OK  [0m] Started ACPI event daemon.
[    7.312677] cloud-init[961]: Your public key has been saved in /etc/ssh/ssh_host_ecdsa_key.pub.
[    7.332569] cloud-init[961]: The key fingerprint is:
[    7.332923] cloud-init[961]: SHA256:jttp9SnyxuiEi2VgtJEsveu6zFUgXxGkcCzc3GDxpOc root@ubuntu-xenial
[    7.332950] cloud-init[961]: The key's randomart image is:
         Starting Login Service...
[    7.333003] cloud-init[961]: +---[ECDSA 256]---+
[    7.333026] cloud-init[961]: | ..+===.         |
[    7.333060] cloud-init[961]: |  o*+*..         |
[    7.335331] cloud-init[961]: |  o.X +          |
[    7.336166] cloud-init[961]: |   = O           |
[    7.344440] cloud-init[961]: |    * E S        |
         Starting LXD - container startup/shutdown...
[    7.345079] cloud-init[961]: |   . + +  .      |
[[    7.352476] cloud-init[961]: |    o = o+ . .   |
[    7.352962] cloud-init[961]: | o o + =+.+ o    |
[    7.353178] cloud-init[961]: |  =oo oo++..     |
[    7.353367] cloud-init[961]: +----[SHA256]-----+
[0;32m  OK  [0m] Started D-Bus System Message Bus.
[    7.354094] cloud-init[961]: Generating public/private ed25519 key pair.
[    7.355347] cloud-init[961]: Your identification has been saved in /etc/ssh/ssh_host_ed25519_key.
[    7.356626] cloud-init[961]: Your public key has been saved in /etc/ssh/ssh_host_ed25519_key.pub.
[    7.364337] cloud-init[961]: The key fingerprint is:
[    7.365273] cloud-init[961]: SHA256:dZzbCrUi3UeSAGFPT0YbRq26IDiWtvwOgvaxjAeluIU root@ubuntu-xenial
[    7.366401] cloud-init[961]: The key's randomart image is:
[    7.367105] cloud-init[961]: +--[ED25519 256]--+
[    7.367670] cloud-init[961]: |        +oooB.   |
[    7.368320] cloud-init[961]: |       . o B =.  |
[    7.369671] cloud-init[961]: |          o X..  |
[    7.370530] cloud-init[961]: |   .     o +.*   |
[    7.376598] cloud-init[961]: |..o  o  S +.+ o  |
[    7.377585] cloud-init[961]: |E+. * . ...o o   |
[    7.384192] cloud-init[961]: |.+o=.o . . ..    |
[    7.384851] cloud-init[961]: |o +o=.    .      |
[    7.386068] cloud-init[961]: | ..+ oo          |
[    7.387074] cloud-init[961]: +----[SHA256]-----+
         Starting Accounts Service...
[[0;32m  OK  [0m] Started Regular background program processing daemon.
         Starting LSB: Record successful boot for GRUB...
         Starting Pollinate to seed the pseudo random number generator...
[[0;32m  OK  [0m] Started Deferred execution scheduler.
         Starting LSB: MD monitoring daemon...
         Starting Snap Daemon...
[[0;32m  OK  [0m] Started FUSE filesystem for LXC.
         Starting Virtualbox guest utils...
         Starting /etc/rc.local Compatibility...
         Starting System Logging Service...
[[0;32m  OK  [0m] Started iSCSI initiator daemon (iscsid).
[[0;32m  OK  [0m] Started /etc/rc.local Compatibility.
         Starting Login to default iSCSI targets...
[[0;32m  OK  [0m] Started Login Service.
[[0;32m  OK  [0m] Started Unattended Upgrades Shutdown.
[[0;32m  OK  [0m] Started System Logging Service.
[[0;32m  OK  [0m] Started LSB: MD monitoring daemon.
[[0;32m  OK  [0m] Started LXD - container startup/shutdown.
[[0;32m  OK  [0m] Started LSB: Record successful boot for GRUB.
[[0;32m  OK  [0m] Started Login to default iSCSI targets.
[[0;32m  OK  [0m] Reached target Remote File Systems (Pre).
[[0;32m  OK  [0m] Reached target Remote File Systems.
         Starting Permit User Sessions...
         Starting LSB: daemon to balance interrupts for SMP systems...
         Starting LSB: Set the CPU Frequency Scaling governor to "ondemand"...
         Starting LSB: automatic crash report generation...
[[0;32m  OK  [0m] Started Permit User Sessions.
         Starting Terminate Plymouth Boot Screen...
         Starting Hold until boot process finishes up...
[[0;32m  OK  [0m] Started Hold until boot process finishes up.
         Starting Set console scheme...
[[0;32m  OK  [0m] Started Getty on tty1.
[[0;32m  OK  [0m] Started Serial Getty on ttyS0.
[[0;32m  OK  [0m] Reached target Login Prompts.
[[0;32m  OK  [0m] Started Terminate Plymouth Boot Screen.
[[0;32m  OK  [0m] Started Set console scheme.
[[0;32m  OK  [0m] Started LSB: Set the CPU Frequency Scaling governor to "ondemand".
         Starting Authenticate and Authorize Users to Run Privileged Tasks...
[[0;32m  OK  [0m] Started LSB: daemon to balance interrupts for SMP systems.
[[0;32m  OK  [0m] Started Virtualbox guest utils.
[[0;32m  OK  [0m] Started LSB: automatic crash report generation.
[[0;32m  OK  [0m] Started Authenticate and Authorize Users to Run Privileged Tasks.
[[0;32m  OK  [0m] Started Accounts Service.
[[0;32m  OK  [0m] Started Snap Daemon.
         Starting Wait until snapd is fully seeded...
[[0;32m  OK  [0m] Started Pollinate to seed the pseudo random number generator.
         Starting OpenBSD Secure Shell server...
[[0;32m  OK  [0m] Started OpenBSD Secure Shell server.
[[0;32m  OK  [0m] Started Wait until snapd is fully seeded.
         Starting Apply the settings specified in cloud-config...
[[0;32m  OK  [0m] Reached target Multi-User System.
[[0;32m  OK  [0m] Reached target Graphical Interface.
         Starting Update UTMP about System Runlevel Changes...
[[0;32m  OK  [0m] Started Update UTMP about System Runlevel Changes.
[    8.746060] cloud-init[1306]: Generating locales (this might take a while)...
[    9.398031] cloud-init[1306]:   en_US.UTF-8... done
[    9.408426] cloud-init[1306]: Generation complete.
[    9.633521] cloud-init[1306]: Cloud-init v. 21.1-19-gbad84ad4-0ubuntu1~16.04.2 running 'modules:config' at Tue, 02 Nov 2021 20:20:25 +0000. Up 8.66 seconds.
[[0;32m  OK  [0m] Started Apply the settings specified in cloud-config.
         Starting Execute cloud user/final scripts...
ci-info: no authorized SSH keys fingerprints found for user ubuntu.
<14>Nov  2 20:20:26 ec2: 
<14>Nov  2 20:20:26 ec2: #############################################################
<14>Nov  2 20:20:26 ec2: -----BEGIN SSH HOST KEY FINGERPRINTS-----
<14>Nov  2 20:20:26 ec2: 1024 SHA256:F52CFHs9SnxC7HjEnwLtniyBJDkK8Nh7SEeIDBGHrm8 root@ubuntu-xenial (DSA)
<14>Nov  2 20:20:26 ec2: 256 SHA256:jttp9SnyxuiEi2VgtJEsveu6zFUgXxGkcCzc3GDxpOc root@ubuntu-xenial (ECDSA)
<14>Nov  2 20:20:26 ec2: 256 SHA256:dZzbCrUi3UeSAGFPT0YbRq26IDiWtvwOgvaxjAeluIU root@ubuntu-xenial (ED25519)
<14>Nov  2 20:20:26 ec2: 2048 SHA256:2zcq/WifNtWrxM9kCz7qgS9/6WC/gWbyFnVWQyxFTM4 root@ubuntu-xenial (RSA)
<14>Nov  2 20:20:26 ec2: -----END SSH HOST KEY FINGERPRINTS-----
<14>Nov  2 20:20:26 ec2: #############################################################
-----BEGIN SSH HOST KEY KEYS-----
ecdsa-sha2-nistp256 AAAAE2VjZHNhLXNoYTItbmlzdHAyNTYAAAAIbmlzdHAyNTYAAABBBBX0tjRRsGeM0GIPCGKHMU7PbgTnXX9DbUzFaiNeD2OtgdhRYyB0Z7MMgkBr1m/qrT6qu9rst9MUNG/gsBNc7uY= root@ubuntu-xenial
ssh-ed25519 AAAAC3NzaC1lZDI1NTE5AAAAIFGxH7vXp0a/009/3XmNYBP1y4qgsEjdf2wltFKHYtzW root@ubuntu-xenial
ssh-rsa AAAAB3NzaC1yc2EAAAADAQABAAABAQDESnZDYiy41alyOT1Mpma07wNlGqcRPcir7zBdFw9LdTEzTX1vZHq1VClyc3EPNCLEyB4F2t2Lp1KU4KYnh+aFf7GHS8nj9fQw5ffuV8ZxT1Gl+6ETP+AxCL6yzsGV6j5H43GCrNElQHrbwUAhYyyV9SvZdYxzJEzTBqc9Ik5ZJhbEognYRaWqq7jmhEOZouPzdLSqYswmhvejSdHHHlPgootlFk5GOvAqIEHzqx6eW9w2Qstb9OPGJMfccWzJtAZstFclts6auXpUfB94K2tDPqcjjq+w3h7G/MPfONaJBu2ASpgszJbXRoXKwif6K+I+iXMjiY2sff/cLdVEyNUV root@ubuntu-xenial
-----END SSH HOST KEY KEYS-----
[   10.013628] cloud-init[1349]: Cloud-init v. 21.1-19-gbad84ad4-0ubuntu1~16.04.2 running 'modules:final' at Tue, 02 Nov 2021 20:20:26 +0000. Up 9.90 seconds.
[   10.014836] cloud-init[1349]: ci-info: no authorized SSH keys fingerprints found for user ubuntu.
[   10.020403] cloud-init[1349]: Cloud-init v. 21.1-19-gbad84ad4-0ubuntu1~16.04.2 finished at Tue, 02 Nov 2021 20:20:26 +0000. Datasource DataSourceNoCloud [seed=/dev/sdb][dsmode=net].  Up 10.00 seconds
[[0;32m  OK  [0m] Started Execute cloud user/final scripts.
[[0;32m  OK  [0m] Reached target Cloud-init target.

Ubuntu 16.04.7 LTS ubuntu-xenial ttyS0

ubuntu-xenial login: 