[    0.000000] Initializing cgroup subsys cpuset
[    0.000000] Initializing cgroup subsys cpu
[    0.000000] Initializing cgroup subsys cpuacct
[    0.000000] Linux version 4.4.0-210-generic (buildd@lgw01-amd64-009) (gcc version 5.4.0 20160609 (Ubuntu 5.4.0-6ubuntu1~16.04.12) ) #242-Ubuntu SMP Fri Apr 16 09:57:56 UTC 2021 (Ubuntu 4.4.0-210.242-generic 4.4.262)
[    0.000000] Command line: BOOT_IMAGE=/boot/vmlinuz-4.4.0-210-generic root=LABEL=cloudimg-rootfs ro console=tty1 console=ttyS0
[    0.000000] KERNEL supported cpus:
[    0.000000]   Intel GenuineIntel
[    0.000000]   AMD AuthenticAMD
[    0.000000]   Centaur CentaurHauls
[    0.000000] x86/fpu: xstate_offset[2]:  576, xstate_sizes[2]:  256
[    0.000000] x86/fpu: Supporting XSAVE feature 0x01: 'x87 floating point registers'
[    0.000000] x86/fpu: Supporting XSAVE feature 0x02: 'SSE registers'
[    0.000000] x86/fpu: Supporting XSAVE feature 0x04: 'AVX registers'
[    0.000000] x86/fpu: Enabled xstate features 0x7, context size is 832 bytes, using 'standard' format.
[    0.000000] e820: BIOS-provided physical RAM map:
[    0.000000] BIOS-e820: [mem 0x0000000000000000-0x000000000009fbff] usable
[    0.000000] BIOS-e820: [mem 0x000000000009fc00-0x000000000009ffff] reserved
[    0.000000] BIOS-e820: [mem 0x00000000000f0000-0x00000000000fffff] reserved
[    0.000000] BIOS-e820: [mem 0x0000000000100000-0x000000007ffeffff] usable
[    0.000000] BIOS-e820: [mem 0x000000007fff0000-0x000000007fffffff] ACPI data
[    0.000000] BIOS-e820: [mem 0x00000000fec00000-0x00000000fec00fff] reserved
[    0.000000] BIOS-e820: [mem 0x00000000fee00000-0x00000000fee00fff] reserved
[    0.000000] BIOS-e820: [mem 0x00000000fffc0000-0x00000000ffffffff] reserved
[    0.000000] NX (Execute Disable) protection: active
[    0.000000] SMBIOS 2.5 present.
[    0.000000] Hypervisor detected: KVM
[    0.000000] Kernel/User page tables isolation: disabled
[    0.000000] e820: last_pfn = 0x7fff0 max_arch_pfn = 0x400000000
[    0.000000] MTRR: Disabled
[    0.000000] x86/PAT: MTRRs disabled, skipping PAT initialization too.
[    0.000000] CPU MTRRs all blank - virtualized system.
[    0.000000] x86/PAT: Configuration [0-7]: WB  WT  UC- UC  WB  WT  UC- UC  
[    0.000000] found SMP MP-table at [mem 0x0009fff0-0x0009ffff] mapped at [ffff88000009fff0]
[    0.000000] Scanning 1 areas for low memory corruption
[    0.000000] RAMDISK: [mem 0x36146000-0x3709afff]
[    0.000000] ACPI: Early table checksum verification disabled
[    0.000000] ACPI: RSDP 0x00000000000E0000 000024 (v02 VBOX  )
[    0.000000] ACPI: XSDT 0x000000007FFF0030 00003C (v01 VBOX   VBOXXSDT 00000001 ASL  00000061)
[    0.000000] ACPI: FACP 0x000000007FFF00F0 0000F4 (v04 VBOX   VBOXFACP 00000001 ASL  00000061)
[    0.000000] ACPI: DSDT 0x000000007FFF0470 002325 (v02 VBOX   VBOXBIOS 00000002 INTL 20100528)
[    0.000000] ACPI: FACS 0x000000007FFF0200 000040
[    0.000000] ACPI: FACS 0x000000007FFF0200 000040
[    0.000000] ACPI: APIC 0x000000007FFF0240 00005C (v02 VBOX   VBOXAPIC 00000001 ASL  00000061)
[    0.000000] ACPI: SSDT 0x000000007FFF02A0 0001CC (v01 VBOX   VBOXCPUT 00000002 INTL 20100528)
[    0.000000] No NUMA configuration found
[    0.000000] Faking a node at [mem 0x0000000000000000-0x000000007ffeffff]
[    0.000000] NODE_DATA(0) allocated [mem 0x7ffeb000-0x7ffeffff]
[    0.000000] kvm-clock: Using msrs 4b564d01 and 4b564d00
[    0.000000] kvm-clock: cpu 0, msr 0:7ffe3001, primary cpu clock
[    0.000000] kvm-clock: using sched offset of 3479530338 cycles
[    0.000000] clocksource: kvm-clock: mask: 0xffffffffffffffff max_cycles: 0x1cd42e4dffb, max_idle_ns: 881590591483 ns
[    0.000000] Zone ranges:
[    0.000000]   DMA      [mem 0x0000000000001000-0x0000000000ffffff]
[    0.000000]   DMA32    [mem 0x0000000001000000-0x000000007ffeffff]
[    0.000000]   Normal   empty
[    0.000000]   Device   empty
[    0.000000] Movable zone start for each node
[    0.000000] Early memory node ranges
[    0.000000]   node   0: [mem 0x0000000000001000-0x000000000009efff]
[    0.000000]   node   0: [mem 0x0000000000100000-0x000000007ffeffff]
[    0.000000] Initmem setup node 0 [mem 0x0000000000001000-0x000000007ffeffff]
[    0.000000] ACPI: PM-Timer IO Port: 0x4008
[    0.000000] IOAPIC[0]: apic_id 2, version 32, address 0xfec00000, GSI 0-23
[    0.000000] ACPI: INT_SRC_OVR (bus 0 bus_irq 0 global_irq 2 dfl dfl)
[    0.000000] ACPI: INT_SRC_OVR (bus 0 bus_irq 9 global_irq 9 low level)
[    0.000000] Using ACPI (MADT) for SMP configuration information
[    0.000000] smpboot: Allowing 2 CPUs, 0 hotplug CPUs
[    0.000000] PM: Registered nosave memory: [mem 0x00000000-0x00000fff]
[    0.000000] PM: Registered nosave memory: [mem 0x0009f000-0x0009ffff]
[    0.000000] PM: Registered nosave memory: [mem 0x000a0000-0x000effff]
[    0.000000] PM: Registered nosave memory: [mem 0x000f0000-0x000fffff]
[    0.000000] e820: [mem 0x80000000-0xfebfffff] available for PCI devices
[    0.000000] Booting paravirtualized kernel on KVM
[    0.000000] clocksource: refined-jiffies: mask: 0xffffffff max_cycles: 0xffffffff, max_idle_ns: 7645519600211568 ns
[    0.000000] setup_percpu: NR_CPUS:512 nr_cpumask_bits:512 nr_cpu_ids:2 nr_node_ids:1
[    0.000000] PERCPU: Embedded 33 pages/cpu @ffff88007fc00000 s95192 r8192 d31784 u1048576
[    0.000000] Built 1 zonelists in Node order, mobility grouping on.  Total pages: 515960
[    0.000000] Policy zone: DMA32
[    0.000000] Kernel command line: BOOT_IMAGE=/boot/vmlinuz-4.4.0-210-generic root=LABEL=cloudimg-rootfs ro console=tty1 console=ttyS0
[    0.000000] PID hash table entries: 4096 (order: 3, 32768 bytes)
[    0.000000] Memory: 2029172K/2096696K available (8644K kernel code, 1332K rwdata, 4044K rodata, 1492K init, 1164K bss, 67524K reserved, 0K cma-reserved)
[    0.000000] SLUB: HWalign=64, Order=0-3, MinObjects=0, CPUs=2, Nodes=1
[    0.000000] Hierarchical RCU implementation.
[    0.000000] 	Build-time adjustment of leaf fanout to 64.
[    0.000000] 	RCU restricting CPUs from NR_CPUS=512 to nr_cpu_ids=2.
[    0.000000] RCU: Adjusting geometry for rcu_fanout_leaf=64, nr_cpu_ids=2
[    0.000000] NR_IRQS:33024 nr_irqs:440 16
[    0.000000] Console: colour VGA+ 80x25
[    0.000000] console [tty1] enabled
[    0.000000] console [ttyS0] enabled
[    0.000000] tsc: Detected 2903.994 MHz processor
[    0.188986] Calibrating delay loop (skipped) preset value.. 5807.98 BogoMIPS (lpj=11615976)
[    0.191119] pid_max: default: 32768 minimum: 301
[    0.192338] ACPI: Core revision 20150930
[    0.194029] ACPI: 2 ACPI AML tables successfully acquired and loaded
[    0.195614] Security Framework initialized
[    0.196754] Yama: becoming mindful.
[    0.197744] AppArmor: AppArmor initialized
[    0.201152] Dentry cache hash table entries: 262144 (order: 9, 2097152 bytes)
[    0.203259] Inode-cache hash table entries: 131072 (order: 8, 1048576 bytes)
[    0.205040] Mount-cache hash table entries: 4096 (order: 3, 32768 bytes)
[    0.206905] Mountpoint-cache hash table entries: 4096 (order: 3, 32768 bytes)
[    0.211071] Initializing cgroup subsys io
[    0.212207] Initializing cgroup subsys memory
[    0.213393] Initializing cgroup subsys devices
[    0.214465] Initializing cgroup subsys freezer
[    0.215473] Initializing cgroup subsys net_cls
[    0.216603] Initializing cgroup subsys perf_event
[    0.217672] Initializing cgroup subsys net_prio
[    0.219029] Initializing cgroup subsys hugetlb
[    0.220175] Initializing cgroup subsys pids
[    0.222418] mce: CPU supports 0 MCE banks
[    0.223405] Last level iTLB entries: 4KB 128, 2MB 8, 4MB 8
[    0.224818] Last level dTLB entries: 4KB 64, 2MB 0, 4MB 0, 1GB 4
[    0.226382] Spectre V1 : Mitigation: usercopy/swapgs barriers and __user pointer sanitization
[    0.228741] Spectre V2 : Mitigation: Full generic retpoline
[    0.229913] Spectre V2 : Spectre v2 / SpectreRSB mitigation: Filling RSB on context switch
[    0.231870] Speculative Store Bypass: Vulnerable
[    0.233059] SRBDS: Mitigation: TSX disabled
[    0.236471] Freeing SMP alternatives memory: 36K
[    0.243064] ftrace: allocating 32380 entries in 127 pages
[    0.296087] smpboot: APIC(0) Converting physical 0 to logical package 0
[    0.297751] smpboot: Max logical packages: 1
[    0.299159] x2apic enabled
[    0.300148] Switched APIC routing to physical x2apic.
[    0.302473] ..TIMER: vector=0x30 apic1=0 pin1=2 apic2=-1 pin2=-1
[    0.412036] smpboot: CPU0: Intel(R) Core(TM) i5-9400F CPU @ 2.90GHz (family: 0x6, model: 0x9e, stepping: 0xd)
[    0.414204] Performance Events: unsupported p6 CPU model 158 no PMU driver, software events only.
[    0.425052] KVM setup paravirtual spinlock
[    0.426603] x86: Booting SMP configuration:
[    0.428046] .... node  #0, CPUs:      #1
[    0.429101] kvm-clock: cpu 1, msr 0:7ffe3041, secondary cpu clock
[    0.431043] mce: CPU supports 0 MCE banks
[    0.433738] x86: Booted up 1 node, 2 CPUs
[    0.434747] smpboot: Total of 2 processors activated (11615.97 BogoMIPS)
[    0.436684] devtmpfs: initialized
[    0.439271] evm: security.selinux
[    0.440188] evm: security.SMACK64
[    0.441022] evm: security.SMACK64EXEC
[    0.441875] evm: security.SMACK64TRANSMUTE
[    0.442765] evm: security.SMACK64MMAP
[    0.443582] evm: security.ima
[    0.444423] evm: security.capability
[    0.445476] clocksource: jiffies: mask: 0xffffffff max_cycles: 0xffffffff, max_idle_ns: 7645041785100000 ns
[    0.447564] futex hash table entries: 512 (order: 3, 32768 bytes)
[    0.449043] pinctrl core: initialized pinctrl subsystem
[    0.450770] RTC time: 17:48:06, date: 11/04/21
[    0.451935] NET: Registered protocol family 16
[    0.464443] cpuidle: using governor ladder
[    0.476530] cpuidle: using governor menu
[    0.477527] PCCT header not found.
[    0.478447] ACPI: bus type PCI registered
[    0.479450] acpiphp: ACPI Hot Plug PCI Controller Driver version: 0.5
[    0.481042] PCI: Using configuration type 1 for base access
[    0.494024] ACPI: Added _OSI(Module Device)
[    0.494997] ACPI: Added _OSI(Processor Device)
[    0.496049] ACPI: Added _OSI(3.0 _SCP Extensions)
[    0.497188] ACPI: Added _OSI(Processor Aggregator Device)
[    0.498985] ACPI: Executed 1 blocks of module-level executable AML code
[    0.504538] ACPI: Interpreter enabled
[    0.505444] ACPI: (supports S0 S5)
[    0.506252] ACPI: Using IOAPIC for interrupt routing
[    0.507327] PCI: Using host bridge windows from ACPI; if necessary, use "pci=nocrs" and report a bug
[    0.512138] ACPI: PCI Root Bridge [PCI0] (domain 0000 [bus 00-ff])
[    0.513513] acpi PNP0A03:00: _OSC: OS supports [ASPM ClockPM Segments MSI]
[    0.515285] acpi PNP0A03:00: _OSC: not requesting OS control; OS requires [ExtendedConfig ASPM ClockPM MSI]
[    0.517546] acpi PNP0A03:00: fail to add MMCONFIG information, can't access extended PCI configuration space under this bridge.
[    0.520423] PCI host bridge to bus 0000:00
[    0.521268] pci_bus 0000:00: root bus resource [io  0x0000-0x0cf7 window]
[    0.522601] pci_bus 0000:00: root bus resource [io  0x0d00-0xffff window]
[    0.524235] pci_bus 0000:00: root bus resource [mem 0x000a0000-0x000bffff window]
[    0.525821] pci_bus 0000:00: root bus resource [mem 0x80000000-0xfdffffff window]
[    0.527919] pci_bus 0000:00: root bus resource [bus 00-ff]
[    0.530490] pci 0000:00:01.1: legacy IDE quirk: reg 0x10: [io  0x01f0-0x01f7]
[    0.532086] pci 0000:00:01.1: legacy IDE quirk: reg 0x14: [io  0x03f6]
[    0.533407] pci 0000:00:01.1: legacy IDE quirk: reg 0x18: [io  0x0170-0x0177]
[    0.534707] pci 0000:00:01.1: legacy IDE quirk: reg 0x1c: [io  0x0376]
[    0.563680] pci 0000:00:07.0: quirk: [io  0x4000-0x403f] claimed by PIIX4 ACPI
[    0.565420] pci 0000:00:07.0: quirk: [io  0x4100-0x410f] claimed by PIIX4 SMB
[    0.576783] ACPI: PCI Interrupt Link [LNKA] (IRQs 5 9 10 *11)
[    0.578676] ACPI: PCI Interrupt Link [LNKB] (IRQs 5 9 *10 11)
[    0.580528] ACPI: PCI Interrupt Link [LNKC] (IRQs 5 *9 10 11)
[    0.582483] ACPI: PCI Interrupt Link [LNKD] (IRQs 5 9 10 *11)
[    0.584734] ACPI: Enabled 2 GPEs in block 00 to 07
[    0.586695] vgaarb: setting as boot device: PCI:0000:00:02.0
[    0.588079] vgaarb: device added: PCI:0000:00:02.0,decodes=io+mem,owns=io+mem,locks=none
[    0.590061] vgaarb: loaded
[    0.590805] vgaarb: bridge control possible 0000:00:02.0
[    0.592355] SCSI subsystem initialized
[    0.593448] ACPI: bus type USB registered
[    0.594396] usbcore: registered new interface driver usbfs
[    0.595621] usbcore: registered new interface driver hub
[    0.596929] usbcore: registered new device driver usb
[    0.598382] PCI: Using ACPI for IRQ routing
[    0.599626] NetLabel: Initializing
[    0.600417] NetLabel:  domain hash size = 128
[    0.601343] NetLabel:  protocols = UNLABELED CIPSOv4
[    0.602617] NetLabel:  unlabeled traffic allowed by default
[    0.603977] amd_nb: Cannot enumerate AMD northbridges
[    0.605631] clocksource: Switched to clocksource kvm-clock
[    0.615799] AppArmor: AppArmor Filesystem Enabled
[    0.616873] pnp: PnP ACPI init
[    0.618401] pnp: PnP ACPI: found 3 devices
[    0.628931] clocksource: acpi_pm: mask: 0xffffff max_cycles: 0xffffff, max_idle_ns: 2085701024 ns
[    0.631021] NET: Registered protocol family 2
[    0.632136] TCP established hash table entries: 16384 (order: 5, 131072 bytes)
[    0.633764] TCP bind hash table entries: 16384 (order: 6, 262144 bytes)
[    0.635216] TCP: Hash tables configured (established 16384 bind 16384)
[    0.636708] UDP hash table entries: 1024 (order: 3, 32768 bytes)
[    0.638159] UDP-Lite hash table entries: 1024 (order: 3, 32768 bytes)
[    0.639682] NET: Registered protocol family 1
[    0.640658] pci 0000:00:00.0: Limiting direct PCI/PCI transfers
[    0.642103] pci 0000:00:01.0: Activating ISA DMA hang workarounds
[    0.643610] Unpacking initramfs...
[    0.889909] Freeing initrd memory: 15700K
[    0.890877] clocksource: tsc: mask: 0xffffffffffffffff max_cycles: 0x29dc0055a3d, max_idle_ns: 440795341144 ns
[    0.892674] platform rtc_cmos: registered platform RTC device (no PNP device found)
[    0.894106] Scanning for low memory corruption every 60 seconds
[    0.895861] audit: initializing netlink subsys (disabled)
[    0.897035] audit: type=2000 audit(1636048092.626:1): initialized
[    0.898709] Initialise system trusted keyring
[    0.899834] HugeTLB registered 2 MB page size, pre-allocated 0 pages
[    0.902903] zbud: loaded
[    0.904065] VFS: Disk quotas dquot_6.6.0
[    0.905245] VFS: Dquot-cache hash table entries: 512 (order 0, 4096 bytes)
[    0.907293] squashfs: version 4.0 (2009/01/31) Phillip Lougher
[    0.908789] fuse init (API version 7.23)
[    0.910064] Key type big_key registered
[    0.911184] Allocating IMA MOK and blacklist keyrings.
[    0.913376] Key type asymmetric registered
[    0.914583] Asymmetric key parser 'x509' registered
[    0.915655] Block layer SCSI generic (bsg) driver version 0.4 loaded (major 249)
[    0.917785] io scheduler noop registered
[    0.918887] io scheduler deadline registered (default)
[    0.920099] io scheduler cfq registered
[    0.921320] pci_hotplug: PCI Hot Plug PCI Core version: 0.5
[    0.922519] pciehp: PCI Express Hot Plug Controller Driver version: 0.4
[    0.924290] ACPI: AC Adapter [AC] (on-line)
[    0.925345] input: Power Button as /devices/LNXSYSTM:00/LNXPWRBN:00/input/input0
[    0.927219] ACPI: Power Button [PWRF]
[    0.928468] input: Sleep Button as /devices/LNXSYSTM:00/LNXSLPBN:00/input/input1
[    0.930124] ACPI: Sleep Button [SLPF]
[    0.931309] GHES: HEST is not enabled!
[    0.932474] Serial: 8250/16550 driver, 32 ports, IRQ sharing enabled
[    0.954481] 00:02: ttyS0 at I/O 0x3f8 (irq = 4, base_baud = 115200) is a 16550A
[    0.959210] Linux agpgart interface v0.103
[    0.962534] loop: module loaded
[    0.963864] scsi host0: ata_piix
[    0.965089] scsi host1: ata_piix
[    0.966278] ata1: PATA max UDMA/33 cmd 0x1f0 ctl 0x3f6 bmdma 0xd000 irq 14
[    0.967762] ata2: PATA max UDMA/33 cmd 0x170 ctl 0x376 bmdma 0xd008 irq 15
[    0.969613] libphy: Fixed MDIO Bus: probed
[    0.970752] tun: Universal TUN/TAP device driver, 1.6
[    0.971694] tun: (C) 1999-2004 Max Krasnyansky <maxk@qualcomm.com>
[    0.973084] PPP generic driver version 2.4.2
[    0.974322] ehci_hcd: USB 2.0 'Enhanced' Host Controller (EHCI) Driver
[    0.975727] ehci-pci: EHCI PCI platform driver
[    0.976822] ehci-platform: EHCI generic platform driver
[    0.978035] ohci_hcd: USB 1.1 'Open' Host Controller (OHCI) Driver
[    0.979314] ohci-pci: OHCI PCI platform driver
[    0.980463] ohci-platform: OHCI generic platform driver
[    0.981580] uhci_hcd: USB Universal Host Controller Interface driver
[    0.983109] i8042: PNP: PS/2 Controller [PNP0303:PS2K,PNP0f03:PS2M] at 0x60,0x64 irq 1,12
[    0.985441] serio: i8042 KBD port at 0x60,0x64 irq 1
[    0.986891] serio: i8042 AUX port at 0x60,0x64 irq 12
[    0.988609] mousedev: PS/2 mouse device common for all mice
[    0.990502] input: AT Translated Set 2 keyboard as /devices/platform/i8042/serio0/input/input2
[    0.993192] rtc_cmos rtc_cmos: rtc core: registered rtc_cmos as rtc0
[    0.994746] rtc_cmos rtc_cmos: alarms up to one day, 114 bytes nvram
[    0.996369] i2c /dev entries driver
[    0.997333] device-mapper: uevent: version 1.0.3
[    0.998575] device-mapper: ioctl: 4.34.0-ioctl (2015-10-28) initialised: dm-devel@redhat.com
[    1.000424] ledtrig-cpu: registered to indicate activity on CPUs
[    1.002295] NET: Registered protocol family 10
[    1.003560] NET: Registered protocol family 17
[    1.005356] Key type dns_resolver registered
[    1.006935] registered taskstats version 1
[    1.007962] Loading compiled-in X.509 certificates
[    1.009497] Loaded X.509 cert 'Build time autogenerated kernel key: cf00e047681d67edb2720680708b7d9498083038'
[    1.011856] zswap: loaded using pool lzo/zbud
[    1.014304] Key type trusted registered
[    1.017971] Key type encrypted registered
[    1.019306] AppArmor: AppArmor sha1 policy hashing enabled
[    1.020630] ima: No TPM chip found, activating TPM-bypass!
[    1.021912] ima: Allocated hash algorithm: sha1
[    1.022952] evm: HMAC attrs: 0x1
[    1.024290]   Magic number: 13:920:844
[    1.025534] rtc_cmos rtc_cmos: setting system clock to 2021-11-04 17:48:07 UTC (1636048087)
[    1.027521] BIOS EDD facility v0.16 2004-Jun-25, 0 devices found
[    1.028913] EDD information not available.
[    1.146751] Freeing unused kernel memory: 1492K
[    1.147732] Write protecting the kernel read-only data: 14336k
[    1.150139] Freeing unused kernel memory: 1584K
[    1.151516] Freeing unused kernel memory: 52K
Loading, please wait...
starting version 229
[    1.163752] random: systemd-udevd: uninitialized urandom read (16 bytes read, 3 bits of entropy available)
[    1.164375] random: udevadm: uninitialized urandom read (16 bytes read, 3 bits of entropy available)
[    1.164388] random: udevadm: uninitialized urandom read (16 bytes read, 3 bits of entropy available)
[    1.170864] random: udevadm: uninitialized urandom read (16 bytes read, 3 bits of entropy available)
[    1.170897] random: udevadm: uninitialized urandom read (16 bytes read, 3 bits of entropy available)
[    1.170986] random: udevadm: uninitialized urandom read (16 bytes read, 3 bits of entropy available)
[    1.171017] random: udevadm: uninitialized urandom read (16 bytes read, 3 bits of entropy available)
[    1.171187] random: udevadm: uninitialized urandom read (16 bytes read, 3 bits of entropy available)
[    1.171220] random: udevadm: uninitialized urandom read (16 bytes read, 3 bits of entropy available)
[    1.171249] random: udevadm: uninitialized urandom read (16 bytes read, 3 bits of entropy available)
[    1.215644] e1000: Intel(R) PRO/1000 Network Driver - version 7.3.21-k8-NAPI
[    1.216978] e1000: Copyright (c) 1999-2006 Intel Corporation.
[    1.218540] Fusion MPT base driver 3.04.20
[    1.219589] Copyright (c) 1999-2008 LSI Corporation
[    1.235953] Fusion MPT SPI Host driver 3.04.20
[    1.240259] AVX2 version of gcm_enc/dec engaged.
[    1.241143] AES CTR mode by8 optimization enabled
[    1.429131] input: ImExPS/2 Generic Explorer Mouse as /devices/platform/i8042/serio1/input/input4
[    1.593749] e1000 0000:00:03.0 eth0: (PCI:33MHz:32-bit) 02:be:82:6b:cc:1d
[    1.595492] e1000 0000:00:03.0 eth0: Intel(R) PRO/1000 Network Connection
[    1.597507] mptbase: ioc0: Initiating bringup
[    1.662185] ioc0: LSI53C1030 A0: Capabilities={Initiator}
[    1.824418] scsi host2: ioc0: LSI53C1030 A0, FwRev=00000000h, Ports=1, MaxQ=256, IRQ=20
[    1.942310] scsi 2:0:0:0: Direct-Access     VBOX     HARDDISK         1.0  PQ: 0 ANSI: 5
[    1.944174] scsi target2:0:0: Beginning Domain Validation
[    1.947550] scsi target2:0:0: Domain Validation skipping write tests
[    1.948975] scsi target2:0:0: Ending Domain Validation
[    1.950188] scsi target2:0:0: asynchronous
[    1.951993] scsi 2:0:1:0: Direct-Access     VBOX     HARDDISK         1.0  PQ: 0 ANSI: 5
[    1.954054] scsi target2:0:1: Beginning Domain Validation
[    1.957233] scsi target2:0:1: Domain Validation skipping write tests
[    1.958611] scsi target2:0:1: Ending Domain Validation
[    1.959909] scsi target2:0:1: asynchronous
[    1.967438] sd 2:0:0:0: Attached scsi generic sg0 type 0
[    1.978335] sd 2:0:0:0: [sda] 83886080 512-byte logical blocks: (42.9 GB/40.0 GiB)
[    1.980354] sd 2:0:1:0: Attached scsi generic sg1 type 0
[    1.984526] sd 2:0:1:0: [sdb] 20480 512-byte logical blocks: (10.5 MB/10.0 MiB)
[    1.987317] sd 2:0:1:0: [sdb] Write Protect is off
[    1.988715] sd 2:0:1:0: [sdb] Incomplete mode parameter data
[    1.990374] sd 2:0:1:0: [sdb] Assuming drive cache: write through
[    1.990645] sd 2:0:0:0: [sda] Write Protect is off
[    1.995208] sd 2:0:0:0: [sda] Incomplete mode parameter data
[    1.996515] sd 2:0:0:0: [sda] Assuming drive cache: write through
[    2.000762]  sda: sda1
[    2.002217] sd 2:0:0:0: [sda] Attached SCSI disk
[    2.003737] sd 2:0:1:0: [sdb] Attached SCSI disk
[    2.297523] e1000 0000:00:08.0 eth1: (PCI:33MHz:32-bit) 08:00:27:40:c9:71
[    2.298758] e1000 0000:00:08.0 eth1: Intel(R) PRO/1000 Network Connection
[    2.300757] e1000 0000:00:08.0 enp0s8: renamed from eth1
[    2.314356] e1000 0000:00:03.0 enp0s3: renamed from eth0
Begin: Loading essential drivers ... [    3.762805] md: linear personality registered for level -1
[    3.765371] md: multipath personality registered for level -4
[    3.768065] md: raid0 personality registered for level 0
[    3.771931] md: raid1 personality registered for level 1
[    3.841679] raid6: sse2x1   gen() 11456 MB/s
[    3.909707] raid6: sse2x1   xor()  7938 MB/s
[    3.977672] raid6: sse2x2   gen() 16593 MB/s
[    4.045701] raid6: sse2x2   xor() 11127 MB/s
[    4.113705] raid6: sse2x4   gen() 18076 MB/s
[    4.181688] raid6: sse2x4   xor() 11047 MB/s
[    4.249699] raid6: avx2x1   gen() 23738 MB/s
[    4.317701] raid6: avx2x2   gen() 31315 MB/s
[    4.385703] raid6: avx2x4   gen() 34775 MB/s
[    4.386624] raid6: using algorithm avx2x4 gen() 34775 MB/s
[    4.387840] raid6: using avx2x2 recovery algorithm
[    4.389787] xor: automatically using best checksumming function:
[    4.429680]    avx       : 25370.000 MB/sec
[    4.431663] async_tx: api initialized (async)
[    4.440707] md: raid6 personality registered for level 6
[    4.442059] md: raid5 personality registered for level 5
[    4.443235] md: raid4 personality registered for level 4
[    4.449197] md: raid10 personality registered for level 10
done.
Begin: Running /scripts/init-premount ... done.
Begin: Mounting root file system ... Begin: Running /scripts/local-top ... done.
Begin: Running /scripts/local-premount ... [    4.472084] Btrfs loaded
Scanning for Btrfs filesystems
done.
Begin: Will now check root file system ... fsck from util-linux 2.27.1
[/sbin/fsck.ext4 (1) -- /dev/sda1] fsck.ext4 -a -C0 /dev/sda1 
cloudimg-rootfs: recovering journal
cloudimg-rootfs: clean, 77703/5120000 files, 865962/10485499 blocks
done.
[    4.583316] EXT4-fs (sda1): mounted filesystem with ordered data mode. Opts: (null)
done.
Begin: Running /scripts/local-bottom ... done.
Begin: Running /scripts/init-bottom ... done.
[    4.683132] systemd[1]: systemd 229 running in system mode. (+PAM +AUDIT +SELINUX +IMA +APPARMOR +SMACK +SYSVINIT +UTMP +LIBCRYPTSETUP +GCRYPT +GNUTLS +ACL +XZ -LZ4 +SECCOMP +BLKID +ELFUTILS +KMOD -IDN)
[    4.687136] systemd[1]: Detected virtualization oracle.
[    4.688215] systemd[1]: Detected architecture x86-64.

Welcome to [1mUbuntu 16.04.7 LTS[0m!

[    4.692339] systemd[1]: Set hostname to <dockerubuntu>.
[    4.832860] systemd[1]: Listening on Device-mapper event daemon FIFOs.
[[0;32m  OK  [0m] Listening on Device-mapper event daemon FIFOs.
[    4.834746] systemd[1]: Reached target User and Group Name Lookups.
[[0;32m  OK  [0m] Reached target User and Group Name Lookups.
[    4.836538] systemd[1]: Listening on Journal Audit Socket.
[[0;32m  OK  [0m] Listening on Journal Audit Socket.
[    4.846024] systemd[1]: Started Forward Password Requests to Wall Directory Watch.
[[0;32m  OK  [0m] Started Forward Password Requests to Wall Directory Watch.
[    4.854319] systemd[1]: Listening on Journal Socket (/dev/log).
[[0;32m  OK  [0m] Listening on Journal Socket (/dev/log).
[    4.861863] systemd[1]: Reached target System Time Synchronized.
[[0;32m  OK  [0m] Reached target System Time Synchronized.
[    4.869970] systemd[1]: Created slice User and Session Slice.
[[0;32m  OK  [0m] Created slice User and Session Slice.
[    4.877962] systemd[1]: Listening on Syslog Socket.
[[0;32m  OK  [0m] Listening on Syslog Socket.
[    4.879640] systemd[1]: Created slice System Slice.
[[0;32m  OK  [0m] Created slice System Slice.
[    4.886336] systemd[1]: Created slice system-serial\x2dgetty.slice.
[[0;32m  OK  [0m] Created slice system-serial\x2dgetty.slice.
[    4.888222] systemd[1]: Listening on fsck to fsckd communication Socket.
[[0;32m  OK  [0m] Listening on fsck to fsckd communication Socket.
[    4.890239] systemd[1]: Listening on LVM2 poll daemon socket.
[[0;32m  OK  [0m] Listening on LVM2 poll daemon socket.
[    4.897755] systemd[1]: Listening on udev Control Socket.
[[0;32m  OK  [0m] Listening on udev Control Socket.
[    4.905987] systemd[1]: Listening on LVM2 metadata daemon socket.
[[0;32m  OK  [0m] Listening on LVM2 metadata daemon socket.
[    4.913733] systemd[1]: Reached target Slices.
[[0;32m  OK  [0m] Reached target Slices.
[    4.915212] systemd[1]: Listening on /dev/initctl Compatibility Named Pipe.
[[0;32m  OK  [0m] Listening on /dev/initctl Compatibility Named Pipe.
[    4.917468] systemd[1]: Listening on udev Kernel Socket.
[[0;32m  OK  [0m] Listening on udev Kernel Socket.
[    4.926233] systemd[1]: Listening on Journal Socket.
[[0;32m  OK  [0m] Listening on Journal Socket.
[    4.938008] systemd[1]: Starting Journal Service...
         Starting Journal Service...
[    4.940092] systemd[1]: Mounting Debug File System...
         Mounting Debug File System...
[    4.944887] systemd[1]: Starting Remount Root and Kernel File Systems...
         Starting Remount Root and Kernel File Systems...
[    4.950987] EXT4-fs (sda1): re-mounted. Opts: (null)
[    4.957902] systemd[1]: Starting Load Kernel Modules...
         Starting Load Kernel Modules...
[    4.960393] systemd[1]: Starting Set console keymap...
         Starting Set console keymap...
[    4.962511] systemd[1]: Starting Nameserver information manager...
         Starting Nameserver information manager...
[    4.965024] systemd[1]: Starting Monitoring of LVM2 mirrors, snapshots etc. using dmeventd or progress polling...
         Starting Monitoring of LVM2 mirrors... dmeventd or progress polling...
[    4.971489] systemd[1]: Starting Create list of required static device nodes for the current kernel...
         Starting Create list of required st... nodes for the current kernel...
[    4.975851] systemd[1]: Starting Uncomplicated firewall...
         Starting Uncomplicated firewall...
[    4.981485] systemd[1]: Mounting POSIX Message Queue File System...
         Mounting POSIX Message Queue File System...
[    4.984471] systemd[1]: Reached target Swap.
[[0;32m  OK  [0m] Reached target Swap.
[    4.986212] Loading iSCSI transport class v2.0-870.
[    4.987947] systemd[1]: Mounting Huge Pages File System...
         Mounting Huge Pages File System...
[    4.993832] systemd[1]: Started Trigger resolvconf update for networkd DNS.
[[0;32m  OK  [0m] Started Trigger resolvconf update for networkd DNS.
[    4.996905] iscsi: registered transport (tcp)
[    4.998227] systemd[1]: Set up automount Arbitrary Executable File Formats File System Automount Point.
[[0;32m  OK  [0m] Set up automount Arbitrary Executab...ats File System Automount Point.
[    5.009976] systemd[1]: Reached target Encrypted Volumes.
[[0;32m  OK  [0m] Reached target Encrypted Volumes.
[    5.023657] iscsi: registered transport (iser)
[    5.034237] systemd[1]: Mounted Huge Pages File System.
[[0;32m  OK  [0m] Mounted Huge Pages File System.
[    5.041743] systemd[1]: Mounted POSIX Message Queue File System.
[[0;32m  OK  [0m] Mounted POSIX Message Queue File System.
[    5.049761] systemd[1]: Mounted Debug File System.
[[0;32m  OK  [0m] Mounted Debug File System.
[    5.051230] systemd[1]: Started Journal Service.
[[0;32m  OK  [0m] Started Journal Service.
[[0;32m  OK  [0m] Started Remount Root and Kernel File Systems.
[[0;32m  OK  [0m] Started Load Kernel Modules.
[[0;32m  OK  [0m] Started Set console keymap.
[[0;32m  OK  [0m] Started Create list of required sta...ce nodes for the current kernel.
[[0;32m  OK  [0m] Started Uncomplicated firewall.
[[0;32m  OK  [0m] Started Nameserver information manager.
[[0;32m  OK  [0m] Started LVM2 metadata daemon.
         Starting Create Static Device Nodes in /dev...
         Mounting FUSE Control File System...
         Starting Apply Kernel Variables...
         Starting Load/Save Random Seed...
         Starting udev Coldplug all Devices...
         Starting Flush Journal to Persistent Storage...
[[0;32m  OK  [0m] Mounted FUSE Control File System.
[[0;32m  OK  [0m] Started Create Static Device Nodes in /dev.
[[0;32m  OK  [0m] Started Apply Kernel Variables.
[[0;32m  OK  [0m] Started Load/Save Random Seed.
         Starting udev Kernel Device Manager...
[[0;32m  OK  [0m] Started Flush Journal to Persistent Storage.
[[0;32m  OK  [0m] Started udev Coldplug all Devices.
[[0;32m  OK  [0m] Started udev Kernel Device Manager.
[[0;32m  OK  [0m] Started Dispatch Password Requests to Console Directory Watch.
[[0;32m  OK  [0m] Found device /dev/ttyS0.
[[0;32m  OK  [0m] Listening on Load/Save RF Kill Switch Status /dev/rfkill Watch.
[[0;32m  OK  [0m] Started Monitoring of LVM2 mirrors,...ng dmeventd or progress polling.
[[0;32m  OK  [0m] Found device 82540EM Gigabit Ethern...r (PRO/1000 MT Desktop Adapter).
[[0;32m  OK  [0m] Reached target Local File Systems (Pre).
[[0;32m  OK  [0m] Reached target Local File Systems.
         Starting LSB: AppArmor initialization...
         Starting Initial cloud-init job (pre-networking)...
         Starting Set console font and keymap...
         Starting Create Volatile Files and Directories...
         Starting Tell Plymouth To Write Out Runtime Data...
[[0;32m  OK  [0m] Started Create Volatile Files and Directories.
[[0;32m  OK  [0m] Started Tell Plymouth To Write Out Runtime Data.
         Starting Update UTMP about System Boot/Shutdown...
[[0;32m  OK  [0m] Found device 82540EM Gigabit Ethern...r (PRO/1000 MT Desktop Adapter).
[[0;32m  OK  [0m] Started Update UTMP about System Boot/Shutdown.
[[0;32m  OK  [0m] Started LSB: AppArmor initialization.
         Starting Load AppArmor profiles managed internally by snapd...
[[0;32m  OK  [0m] Started Load AppArmor profiles managed internally by snapd.
[[0;32m  OK  [0m] Started Set console font and keymap.
[[0;32m  OK  [0m] Created slice system-getty.slice.
[    6.186686] cloud-init[638]: Cloud-init v. 21.1-19-gbad84ad4-0ubuntu1~16.04.2 running 'init-local' at Thu, 04 Nov 2021 17:48:12 +0000. Up 5.98 seconds.
[[0;32m  OK  [0m] Started Initial cloud-init job (pre-networking).
[[0;32m  OK  [0m] Reached target Network (Pre).
[[0;32m  OK  [0m] Started ifup for enp0s8.
         Starting Raise network interfaces...
[[0;32m  OK  [0m] Started ifup for enp0s3.
[[0;32m  OK  [0m] Started Raise network interfaces.
         Starting Initial cloud-init job (metadata service crawler)...
[[0;32m  OK  [0m] Reached target Network.
[    6.769064] cloud-init[1082]: Cloud-init v. 21.1-19-gbad84ad4-0ubuntu1~16.04.2 running 'init' at Thu, 04 Nov 2021 17:48:13 +0000. Up 6.58 seconds.
[    6.780362] cloud-init[1082]: ci-info: ++++++++++++++++++++++++++++++++++++++Net device info+++++++++++++++++++++++++++++++++++++++
[    6.792327] cloud-init[1082]: ci-info: +--------+------+-----------------------------+---------------+--------+-------------------+
[    6.804234] cloud-init[1082]: ci-info: | Device |  Up  |           Address           |      Mask     | Scope  |     Hw-Address    |
[[0;32m  OK  [0m] Started Initial cloud-init job (metadata service crawler).
[    6.804344] cloud-init[1082]: ci-info: +--------+------+-----------------------------+---------------+--------+-------------------+
[    6.813064] cloud-init[1082]: ci-info: | enp0s3 | True |          10.0.2.15          | 255.255.255.0 | global | 02:be:82:6b:cc:1d |
[    6.813235] cloud-init[1082]: [ci-info: | enp0s3 | True |  fe80::be:82ff:fe6b:cc1d/64 |       .       |  link  | 02:be:82:6b:cc:1d |[0;32m  OK  [0m
] [    6.813272] cloud-init[1082]: ci-info: | enp0s8 | True |         172.28.128.7        | 255.255.255.0 | global | 08:00:27:40:c9:71 |Reached target Network is Online.

[    6.813318] cloud-init[1082]: ci-info: | enp0s8 | True | fe80::a00:27ff:fe40:c971/64 |       .       |  link  | 08:00:27:40:c9:71 |
[    6.815314] cloud-init[1082]: ci-info: |   lo   | True |          127.0.0.1          |   255.0.0.0   |  host  |         .         |
[    6.824305] cloud-init[1082]: ci-info: |   lo   | True |           ::1/128           |       .       |  host  |         .         |
[    6.824496] cloud-init[1082]:          ci-info: +--------+------+-----------------------------+---------------+--------+-------------------+Starting iSCSI initiator daemon (iscsid)...

[    6.824527] cloud-init[1082]: ci-info: ++++++++++++++++++++++++++++Route IPv4 info++++++++++++++++++++++++++++
[    6.840330] cloud-init[1082]: ci-info: +-------+--------------+----------+---------------+-----------+-------+
[    6.840505] cloud-init[[1082]: [0;32m  OK  [0mci-info: | Route | Destination  | Gateway  |    Genmask    | Interface | Flags |] 
Reached target Cloud-config availability.
[    6.840542] cloud-init[1082]: ci-info: +-------+--------------+----------+---------------+-----------+-------+
[    6.841966] cloud-init[1082]: [ci-info: |   0   |   0.0.0.0    | 10.0.2.2 |    0.0.0.0    |   enp0s3  |   UG  |[0;32m  OK  [0m
] Reached target System Initialization.
[    6.841997] cloud-init[1082]: ci-info: |   1   |   10.0.2.0   | 0.0.0.0  | 255.255.255.0 |   enp0s3  |   U   |
[    6.848407] cloud-init[1082]: ci-info: |   2   | 172.28.128.0 | 0.0.0.0  | 255.255.255.0 |   enp0s8  |   U   |
[[0;32m  OK  [0m] Listening on D-Bus System Message Bus Socket.
[    6.848553] cloud-init[1082]: ci-info: +-------+--------------+----------+---------------+-----------+-------+
[[0;32m  OK  [0m] Listening on ACPID Listen Socket.
[    6.856464] cloud-init[1082]: ci-info: +++++++++++++++++++Route IPv6 info+++++++++++++++++++
         Starting Docker Socket for the API.
[    6.865083] cloud-init[1082]: ci-info: +-------+-------------+---------+-----------+-------+
[    6.866005] cloud-init[1082]: ci-info: | Route | Destination | Gateway | Interface | Flags |
[    6.866715] cloud-init[1082]: ci-info: +-------+-------------+---------+-----------+-------+
         Starting LXD - unix socket.
[    6.866752] cloud-init[1082]: ci-info: |   0   |  fe80::/64  |    ::   |   enp0s8  |   U   |
[    6.872389] cloud-init[1082]: [ci-info: |   1   |  fe80::/64  |    ::   |   enp0s3  |   U   |[0;32m  OK  [0m
] Listening on UUID daemon activation socket.
[    6.872420] cloud-init[1082]: ci-info: |   4   |   ff00::/8  |    ::   |   enp0s8  |   U   |
[    6.880305] cloud-init[1082]: ci-info: |   5   |   ff00::/8  |    ::   |   enp0s3  |   U   |
[    6.880486] cloud-init         [1082]: Starting Socket activation for snappy daemon.ci-info: +-------+-------------+---------+-----------+-------+

[[0;32m  OK  [0m] Started ACPI Events Check.
[[0;32m  OK  [0m] Reached target Paths.
[[0;32m  OK  [0m] Started Daily apt download activities.
[[0;32m  OK  [0m] Started Daily apt upgrade and clean activities.
[[0;32m  OK  [0m] Started Daily Cleanup of Temporary Directories.
[[0;32m  OK  [0m] Started Ubuntu Advantage update messaging.
[[0;32m  OK  [0m] Started Message of the Day.
[[0;32m  OK  [0m] Reached target Timers.
[[0;32m  OK  [0m] Listening on Docker Socket for the API.
[[0;32m  OK  [0m] Listening on LXD - unix socket.
[[0;32m  OK  [0m] Listening on Socket activation for snappy daemon.
[[0;32m  OK  [0m] Started iSCSI initiator daemon (iscsid).
         Starting Login to default iSCSI targets...
[[0;32m  OK  [0m] Reached target Sockets.
[[0;32m  OK  [0m] Reached target Basic System.
         Starting System Logging Service...
[[0;32m  OK  [0m] Started ACPI event daemon.
[[0;32m  OK  [0m] Started Regular background program processing daemon.
[[0;32m  OK  [0m] Started D-Bus System Message Bus.
[[0;32m  OK  [0m] Started FUSE filesystem for LXC.
[[0;32m  OK  [0m] Started Deferred execution scheduler.
         Starting /etc/rc.local Compatibility...
         Starting LSB: MD monitoring daemon...
         Starting LXD - container startup/shutdown...
         Starting containerd container runtime...
         Starting OpenBSD Secure Shell server...
         Starting Virtualbox guest utils...
         Starting LSB: Record successful boot for GRUB...
         Starting Message of the Day...
         Starting Login Service...
         Starting Accounts Service...
         Starting Snap Daemon...
         Starting Ubuntu Advantage APT and MOTD Messages...
[[0;32m  OK  [0m] Started System Logging Service.
[[0;32m  OK  [0m] Started /etc/rc.local Compatibility.
[[0;32m  OK  [0m] Started Message of the Day.
[[0;32m  OK  [0m] Started Login Service.
[[0;32m  OK  [0m] Started OpenBSD Secure Shell server.
[[0;32m  OK  [0m] Started Unattended Upgrades Shutdown.
[[0;32m  OK  [0m] Started Login to default iSCSI targets.
[[0;32m  OK  [0m] Reached target Remote File Systems (Pre).
         Mounting /vagrant...
[[0;32m  OK  [0m] Started LSB: MD monitoring daemon.
[[0;32m  OK  [0m] Started LSB: Record successful boot for GRUB.
[[0;1;31mFAILED[0m] Failed to mount /vagrant.
See 'systemctl status vagrant.mount' for details.
[[0;1;33mDEPEND[0m] Dependency failed for Remote File Systems.
         Starting Authenticate and Authorize Users to Run Privileged Tasks...
         Starting LSB: Set the CPU Frequency Scaling governor to "ondemand"...
         Starting LSB: automatic crash report generation...
         Starting Permit User Sessions...
         Starting LSB: daemon to balance interrupts for SMP systems...
[[0;32m  OK  [0m] Started LXD - container startup/shutdown.
[[0;32m  OK  [0m] Started Permit User Sessions.
[[0;32m  OK  [0m] Started Authenticate and Authorize Users to Run Privileged Tasks.
[[0;32m  OK  [0m] Started Accounts Service.
         Starting Terminate Plymouth Boot Screen...
         Starting Hold until boot process finishes up...
[[0;32m  OK  [0m] Started Virtualbox guest utils.
[[0;32m  OK  [0m] Started LSB: Set the CPU Frequency Scaling governor to "ondemand".
[[0;32m  OK  [0m] Started Terminate Plymouth Boot Screen.
[[0;32m  OK  [0m] Started Hold until boot process finishes up.
         Starting Set console scheme...
[[0;32m  OK  [0m] Started Getty on tty1.
[[0;32m  OK  [0m] Started Serial Getty on ttyS0.
[[0;32m  OK  [0m] Reached target Login Prompts.
[[0;32m  OK  [0m] Started LSB: automatic crash report generation.
[[0;32m  OK  [0m] Started LSB: daemon to balance interrupts for SMP systems.
[[0;32m  OK  [0m] Started Set console scheme.
[[0;32m  OK  [0m] Started Snap Daemon.
         Starting Wait until snapd is fully seeded...
[[0;32m  OK  [0m] Started Wait until snapd is fully seeded.
         Starting Apply the settings specified in cloud-config...
[[0;32m  OK  [0m] Started containerd container runtime.
         Starting Docker Application Container Engine...
[[0;32m  OK  [0m] Started Ubuntu Advantage APT and MOTD Messages.
[    8.184444] cloud-init[1365]: Cloud-init v. 21.1-19-gbad84ad4-0ubuntu1~16.04.2 running 'modules:config' at Thu, 04 Nov 2021 17:48:14 +0000. Up 8.07 seconds.
[[0;32m  OK  [0m] Started Apply the settings specified in cloud-config.
[[0;32m  OK  [0m] Started Docker Application Container Engine.
[[0;32m  OK  [0m] Reached target Multi-User System.
         Starting Execute cloud user/final scripts...
[[0;32m  OK  [0m] Reached target Graphical Interface.
         Starting Update UTMP about System Runlevel Changes...
[[0;32m  OK  [0m] Started Update UTMP about System Runlevel Changes.
[    9.232084] cloud-init[1617]: Cloud-init v. 21.1-19-gbad84ad4-0ubuntu1~16.04.2 running 'modules:final' at Thu, 04 Nov 2021 17:48:15 +0000. Up 9.15 seconds.
[    9.240402] cloud-init[1617]: Cloud-init v. 21.1-19-gbad84ad4-0ubuntu1~16.04.2 finished at Thu, 04 Nov 2021 17:48:15 +0000. Datasource DataSourceNoCloud [seed=/dev/sdb][dsmode=net].  Up 9.22 seconds
[[0;32m  OK  [0m] Started Execute cloud user/final scripts.
[[0;32m  OK  [0m] Reached target Cloud-init target.
         Starting Daily apt download activities...
[[0;32m  OK  [0m] Created slice User Slice of vagrant.
         Starting User Manager for UID 1000...
[[0;32m  OK  [0m] Started Session 1 of user vagrant.
[[0;32m  OK  [0m] Started User Manager for UID 1000.

Ubuntu 16.04.7 LTS dockerubuntu ttyS0

dockerubuntu login: 