[    0.000000] Initializing cgroup subsys cpuset
[    0.000000] Initializing cgroup subsys cpu
[    0.000000] Initializing cgroup subsys cpuacct
[    0.000000] Linux version 4.4.0-210-generic (buildd@lgw01-amd64-009) (gcc version 5.4.0 20160609 (Ubuntu 5.4.0-6ubuntu1~16.04.12) ) #242-Ubuntu SMP Fri Apr 16 09:57:56 UTC 2021 (Ubuntu 4.4.0-210.242-generic 4.4.262)
[    0.000000] Command line: BOOT_IMAGE=/boot/vmlinuz-4.4.0-210-generic root=LABEL=cloudimg-rootfs ro console=tty1 console=ttyS0
[    0.000000] KERNEL supported cpus:
[    0.000000]   Intel GenuineIntel
[    0.000000]   AMD AuthenticAMD
[    0.000000]   Centaur CentaurHauls
[    0.000000] x86/fpu: xstate_offset[2]:  576, xstate_sizes[2]:  256
[    0.000000] x86/fpu: Supporting XSAVE feature 0x01: 'x87 floating point registers'
[    0.000000] x86/fpu: Supporting XSAVE feature 0x02: 'SSE registers'
[    0.000000] x86/fpu: Supporting XSAVE feature 0x04: 'AVX registers'
[    0.000000] x86/fpu: Enabled xstate features 0x7, context size is 832 bytes, using 'standard' format.
[    0.000000] e820: BIOS-provided physical RAM map:
[    0.000000] BIOS-e820: [mem 0x0000000000000000-0x000000000009fbff] usable
[    0.000000] BIOS-e820: [mem 0x000000000009fc00-0x000000000009ffff] reserved
[    0.000000] BIOS-e820: [mem 0x00000000000f0000-0x00000000000fffff] reserved
[    0.000000] BIOS-e820: [mem 0x0000000000100000-0x000000007ffeffff] usable
[    0.000000] BIOS-e820: [mem 0x000000007fff0000-0x000000007fffffff] ACPI data
[    0.000000] BIOS-e820: [mem 0x00000000fec00000-0x00000000fec00fff] reserved
[    0.000000] BIOS-e820: [mem 0x00000000fee00000-0x00000000fee00fff] reserved
[    0.000000] BIOS-e820: [mem 0x00000000fffc0000-0x00000000ffffffff] reserved
[    0.000000] NX (Execute Disable) protection: active
[    0.000000] SMBIOS 2.5 present.
[    0.000000] Hypervisor detected: KVM
[    0.000000] Kernel/User page tables isolation: disabled
[    0.000000] e820: last_pfn = 0x7fff0 max_arch_pfn = 0x400000000
[    0.000000] MTRR: Disabled
[    0.000000] x86/PAT: MTRRs disabled, skipping PAT initialization too.
[    0.000000] CPU MTRRs all blank - virtualized system.
[    0.000000] x86/PAT: Configuration [0-7]: WB  WT  UC- UC  WB  WT  UC- UC  
[    0.000000] found SMP MP-table at [mem 0x0009fff0-0x0009ffff] mapped at [ffff88000009fff0]
[    0.000000] Scanning 1 areas for low memory corruption
[    0.000000] RAMDISK: [mem 0x36146000-0x3709afff]
[    0.000000] ACPI: Early table checksum verification disabled
[    0.000000] ACPI: RSDP 0x00000000000E0000 000024 (v02 VBOX  )
[    0.000000] ACPI: XSDT 0x000000007FFF0030 00003C (v01 VBOX   VBOXXSDT 00000001 ASL  00000061)
[    0.000000] ACPI: FACP 0x000000007FFF00F0 0000F4 (v04 VBOX   VBOXFACP 00000001 ASL  00000061)
[    0.000000] ACPI: DSDT 0x000000007FFF0470 002325 (v02 VBOX   VBOXBIOS 00000002 INTL 20100528)
[    0.000000] ACPI: FACS 0x000000007FFF0200 000040
[    0.000000] ACPI: FACS 0x000000007FFF0200 000040
[    0.000000] ACPI: APIC 0x000000007FFF0240 00005C (v02 VBOX   VBOXAPIC 00000001 ASL  00000061)
[    0.000000] ACPI: SSDT 0x000000007FFF02A0 0001CC (v01 VBOX   VBOXCPUT 00000002 INTL 20100528)
[    0.000000] No NUMA configuration found
[    0.000000] Faking a node at [mem 0x0000000000000000-0x000000007ffeffff]
[    0.000000] NODE_DATA(0) allocated [mem 0x7ffeb000-0x7ffeffff]
[    0.000000] kvm-clock: Using msrs 4b564d01 and 4b564d00
[    0.000000] kvm-clock: cpu 0, msr 0:7ffe3001, primary cpu clock
[    0.000000] kvm-clock: using sched offset of 3480502572 cycles
[    0.000000] clocksource: kvm-clock: mask: 0xffffffffffffffff max_cycles: 0x1cd42e4dffb, max_idle_ns: 881590591483 ns
[    0.000000] Zone ranges:
[    0.000000]   DMA      [mem 0x0000000000001000-0x0000000000ffffff]
[    0.000000]   DMA32    [mem 0x0000000001000000-0x000000007ffeffff]
[    0.000000]   Normal   empty
[    0.000000]   Device   empty
[    0.000000] Movable zone start for each node
[    0.000000] Early memory node ranges
[    0.000000]   node   0: [mem 0x0000000000001000-0x000000000009efff]
[    0.000000]   node   0: [mem 0x0000000000100000-0x000000007ffeffff]
[    0.000000] Initmem setup node 0 [mem 0x0000000000001000-0x000000007ffeffff]
[    0.000000] ACPI: PM-Timer IO Port: 0x4008
[    0.000000] IOAPIC[0]: apic_id 2, version 32, address 0xfec00000, GSI 0-23
[    0.000000] ACPI: INT_SRC_OVR (bus 0 bus_irq 0 global_irq 2 dfl dfl)
[    0.000000] ACPI: INT_SRC_OVR (bus 0 bus_irq 9 global_irq 9 low level)
[    0.000000] Using ACPI (MADT) for SMP configuration information
[    0.000000] smpboot: Allowing 2 CPUs, 0 hotplug CPUs
[    0.000000] PM: Registered nosave memory: [mem 0x00000000-0x00000fff]
[    0.000000] PM: Registered nosave memory: [mem 0x0009f000-0x0009ffff]
[    0.000000] PM: Registered nosave memory: [mem 0x000a0000-0x000effff]
[    0.000000] PM: Registered nosave memory: [mem 0x000f0000-0x000fffff]
[    0.000000] e820: [mem 0x80000000-0xfebfffff] available for PCI devices
[    0.000000] Booting paravirtualized kernel on KVM
[    0.000000] clocksource: refined-jiffies: mask: 0xffffffff max_cycles: 0xffffffff, max_idle_ns: 7645519600211568 ns
[    0.000000] setup_percpu: NR_CPUS:512 nr_cpumask_bits:512 nr_cpu_ids:2 nr_node_ids:1
[    0.000000] PERCPU: Embedded 33 pages/cpu @ffff88007fc00000 s95192 r8192 d31784 u1048576
[    0.000000] Built 1 zonelists in Node order, mobility grouping on.  Total pages: 515960
[    0.000000] Policy zone: DMA32
[    0.000000] Kernel command line: BOOT_IMAGE=/boot/vmlinuz-4.4.0-210-generic root=LABEL=cloudimg-rootfs ro console=tty1 console=ttyS0
[    0.000000] PID hash table entries: 4096 (order: 3, 32768 bytes)
[    0.000000] Memory: 2029172K/2096696K available (8644K kernel code, 1332K rwdata, 4044K rodata, 1492K init, 1164K bss, 67524K reserved, 0K cma-reserved)
[    0.000000] SLUB: HWalign=64, Order=0-3, MinObjects=0, CPUs=2, Nodes=1
[    0.000000] Hierarchical RCU implementation.
[    0.000000] 	Build-time adjustment of leaf fanout to 64.
[    0.000000] 	RCU restricting CPUs from NR_CPUS=512 to nr_cpu_ids=2.
[    0.000000] RCU: Adjusting geometry for rcu_fanout_leaf=64, nr_cpu_ids=2
[    0.000000] NR_IRQS:33024 nr_irqs:440 16
[    0.000000] Console: colour VGA+ 80x25
[    0.000000] console [tty1] enabled
[    0.000000] console [ttyS0] enabled
[    0.000000] tsc: Detected 2903.994 MHz processor
[    0.183349] Calibrating delay loop (skipped) preset value.. 5807.98 BogoMIPS (lpj=11615976)
[    0.185175] pid_max: default: 32768 minimum: 301
[    0.186162] ACPI: Core revision 20150930
[    0.187657] ACPI: 2 ACPI AML tables successfully acquired and loaded
[    0.188821] Security Framework initialized
[    0.189707] Yama: becoming mindful.
[    0.190383] AppArmor: AppArmor initialized
[    0.193877] Dentry cache hash table entries: 262144 (order: 9, 2097152 bytes)
[    0.195559] Inode-cache hash table entries: 131072 (order: 8, 1048576 bytes)
[    0.196805] Mount-cache hash table entries: 4096 (order: 3, 32768 bytes)
[    0.197895] Mountpoint-cache hash table entries: 4096 (order: 3, 32768 bytes)
[    0.201679] Initializing cgroup subsys io
[    0.202446] Initializing cgroup subsys memory
[    0.203298] Initializing cgroup subsys devices
[    0.204137] Initializing cgroup subsys freezer
[    0.204941] Initializing cgroup subsys net_cls
[    0.205872] Initializing cgroup subsys perf_event
[    0.206817] Initializing cgroup subsys net_prio
[    0.207613] Initializing cgroup subsys hugetlb
[    0.208374] Initializing cgroup subsys pids
[    0.210269] mce: CPU supports 0 MCE banks
[    0.211160] Last level iTLB entries: 4KB 128, 2MB 8, 4MB 8
[    0.212125] Last level dTLB entries: 4KB 64, 2MB 0, 4MB 0, 1GB 4
[    0.213098] Spectre V1 : Mitigation: usercopy/swapgs barriers and __user pointer sanitization
[    0.214710] Spectre V2 : Mitigation: Full generic retpoline
[    0.215630] Spectre V2 : Spectre v2 / SpectreRSB mitigation: Filling RSB on context switch
[    0.217108] Speculative Store Bypass: Vulnerable
[    0.217939] SRBDS: Mitigation: TSX disabled
[    0.221097] Freeing SMP alternatives memory: 36K
[    0.227441] ftrace: allocating 32380 entries in 127 pages
[    0.280449] smpboot: APIC(0) Converting physical 0 to logical package 0
[    0.281511] smpboot: Max logical packages: 1
[    0.282527] x2apic enabled
[    0.283313] Switched APIC routing to physical x2apic.
[    0.285768] ..TIMER: vector=0x30 apic1=0 pin1=2 apic2=-1 pin2=-1
[    0.401974] APIC calibration not consistent with PM-Timer: 106ms instead of 100ms
[    0.403659] APIC delta adjusted to PM-Timer: 6250055 (6660622)
[    0.404764] smpboot: CPU0: Intel(R) Core(TM) i5-9400F CPU @ 2.90GHz (family: 0x6, model: 0x9e, stepping: 0xd)
[    0.407196] Performance Events: unsupported p6 CPU model 158 no PMU driver, software events only.
[    0.417926] KVM setup paravirtual spinlock
[    0.419554] x86: Booting SMP configuration:
[    0.420489] .... node  #0, CPUs:      #1
[    0.421521] kvm-clock: cpu 1, msr 0:7ffe3041, secondary cpu clock
[    0.423416] mce: CPU supports 0 MCE banks
[    0.426597] x86: Booted up 1 node, 2 CPUs
[    0.427967] smpboot: Total of 2 processors activated (11615.97 BogoMIPS)
[    0.429742] devtmpfs: initialized
[    0.432536] evm: security.selinux
[    0.433672] evm: security.SMACK64
[    0.434765] evm: security.SMACK64EXEC
[    0.436175] evm: security.SMACK64TRANSMUTE
[    0.437296] evm: security.SMACK64MMAP
[    0.438158] evm: security.ima
[    0.438865] evm: security.capability
[    0.440115] clocksource: jiffies: mask: 0xffffffff max_cycles: 0xffffffff, max_idle_ns: 7645041785100000 ns
[    0.442439] futex hash table entries: 512 (order: 3, 32768 bytes)
[    0.443727] pinctrl core: initialized pinctrl subsystem
[    0.444972] RTC time:  9:44:31, date: 11/03/21
[    0.446210] NET: Registered protocol family 16
[    0.456490] cpuidle: using governor ladder
[    0.469457] cpuidle: using governor menu
[    0.470424] PCCT header not found.
[    0.471284] ACPI: bus type PCI registered
[    0.472212] acpiphp: ACPI Hot Plug PCI Controller Driver version: 0.5
[    0.473673] PCI: Using configuration type 1 for base access
[    0.485711] ACPI: Added _OSI(Module Device)
[    0.486716] ACPI: Added _OSI(Processor Device)
[    0.487621] ACPI: Added _OSI(3.0 _SCP Extensions)
[    0.488623] ACPI: Added _OSI(Processor Aggregator Device)
[    0.490416] ACPI: Executed 1 blocks of module-level executable AML code
[    0.496241] ACPI: Interpreter enabled
[    0.497092] ACPI: (supports S0 S5)
[    0.498072] ACPI: Using IOAPIC for interrupt routing
[    0.499413] PCI: Using host bridge windows from ACPI; if necessary, use "pci=nocrs" and report a bug
[    0.504444] ACPI: PCI Root Bridge [PCI0] (domain 0000 [bus 00-ff])
[    0.505987] acpi PNP0A03:00: _OSC: OS supports [ASPM ClockPM Segments MSI]
[    0.507667] acpi PNP0A03:00: _OSC: not requesting OS control; OS requires [ExtendedConfig ASPM ClockPM MSI]
[    0.510110] acpi PNP0A03:00: fail to add MMCONFIG information, can't access extended PCI configuration space under this bridge.
[    0.513490] PCI host bridge to bus 0000:00
[    0.514333] pci_bus 0000:00: root bus resource [io  0x0000-0x0cf7 window]
[    0.515800] pci_bus 0000:00: root bus resource [io  0x0d00-0xffff window]
[    0.517247] pci_bus 0000:00: root bus resource [mem 0x000a0000-0x000bffff window]
[    0.518869] pci_bus 0000:00: root bus resource [mem 0x80000000-0xfdffffff window]
[    0.520512] pci_bus 0000:00: root bus resource [bus 00-ff]
[    0.523158] pci 0000:00:01.1: legacy IDE quirk: reg 0x10: [io  0x01f0-0x01f7]
[    0.533271] pci 0000:00:01.1: legacy IDE quirk: reg 0x14: [io  0x03f6]
[    0.534556] pci 0000:00:01.1: legacy IDE quirk: reg 0x18: [io  0x0170-0x0177]
[    0.536065] pci 0000:00:01.1: legacy IDE quirk: reg 0x1c: [io  0x0376]
[    0.560529] pci 0000:00:07.0: quirk: [io  0x4000-0x403f] claimed by PIIX4 ACPI
[    0.562470] pci 0000:00:07.0: quirk: [io  0x4100-0x410f] claimed by PIIX4 SMB
[    0.583786] ACPI: PCI Interrupt Link [LNKA] (IRQs 5 9 10 *11)
[    0.586097] ACPI: PCI Interrupt Link [LNKB] (IRQs 5 9 *10 11)
[    0.587883] ACPI: PCI Interrupt Link [LNKC] (IRQs 5 *9 10 11)
[    0.589639] ACPI: PCI Interrupt Link [LNKD] (IRQs 5 9 10 *11)
[    0.591572] ACPI: Enabled 2 GPEs in block 00 to 07
[    0.594478] vgaarb: setting as boot device: PCI:0000:00:02.0
[    0.595940] vgaarb: device added: PCI:0000:00:02.0,decodes=io+mem,owns=io+mem,locks=none
[    0.597750] vgaarb: loaded
[    0.598804] vgaarb: bridge control possible 0000:00:02.0
[    0.600465] SCSI subsystem initialized
[    0.601493] ACPI: bus type USB registered
[    0.602906] usbcore: registered new interface driver usbfs
[    0.604089] usbcore: registered new interface driver hub
[    0.605296] usbcore: registered new device driver usb
[    0.606967] PCI: Using ACPI for IRQ routing
[    0.608364] NetLabel: Initializing
[    0.609220] NetLabel:  domain hash size = 128
[    0.610556] NetLabel:  protocols = UNLABELED CIPSOv4
[    0.611609] NetLabel:  unlabeled traffic allowed by default
[    0.613073] amd_nb: Cannot enumerate AMD northbridges
[    0.614707] clocksource: Switched to clocksource kvm-clock
[    0.625564] AppArmor: AppArmor Filesystem Enabled
[    0.626758] pnp: PnP ACPI init
[    0.628311] pnp: PnP ACPI: found 3 devices
[    0.639292] clocksource: acpi_pm: mask: 0xffffff max_cycles: 0xffffff, max_idle_ns: 2085701024 ns
[    0.641265] NET: Registered protocol family 2
[    0.642518] TCP established hash table entries: 16384 (order: 5, 131072 bytes)
[    0.644435] TCP bind hash table entries: 16384 (order: 6, 262144 bytes)
[    0.646012] TCP: Hash tables configured (established 16384 bind 16384)
[    0.647396] UDP hash table entries: 1024 (order: 3, 32768 bytes)
[    0.649039] UDP-Lite hash table entries: 1024 (order: 3, 32768 bytes)
[    0.650670] NET: Registered protocol family 1
[    0.651694] pci 0000:00:00.0: Limiting direct PCI/PCI transfers
[    0.653421] pci 0000:00:01.0: Activating ISA DMA hang workarounds
[    0.654916] Unpacking initramfs...
[    0.910317] Freeing initrd memory: 15700K
[    0.911555] clocksource: tsc: mask: 0xffffffffffffffff max_cycles: 0x29dc0055a3d, max_idle_ns: 440795341144 ns
[    0.913775] platform rtc_cmos: registered platform RTC device (no PNP device found)
[    0.915635] Scanning for low memory corruption every 60 seconds
[    0.919528] audit: initializing netlink subsys (disabled)
[    0.920707] audit: type=2000 audit(1635932677.179:1): initialized
[    0.922295] Initialise system trusted keyring
[    0.923493] HugeTLB registered 2 MB page size, pre-allocated 0 pages
[    0.925713] zbud: loaded
[    0.926766] VFS: Disk quotas dquot_6.6.0
[    0.928147] VFS: Dquot-cache hash table entries: 512 (order 0, 4096 bytes)
[    0.929906] squashfs: version 4.0 (2009/01/31) Phillip Lougher
[    0.931496] fuse init (API version 7.23)
[    0.932499] Key type big_key registered
[    0.933300] Allocating IMA MOK and blacklist keyrings.
[    0.935708] Key type asymmetric registered
[    0.936772] Asymmetric key parser 'x509' registered
[    0.937835] Block layer SCSI generic (bsg) driver version 0.4 loaded (major 249)
[    0.939540] io scheduler noop registered
[    0.940432] io scheduler deadline registered (default)
[    0.941472] io scheduler cfq registered
[    0.942444] pci_hotplug: PCI Hot Plug PCI Core version: 0.5
[    0.943703] pciehp: PCI Express Hot Plug Controller Driver version: 0.4
[    0.945145] ACPI: AC Adapter [AC] (on-line)
[    0.946342] input: Power Button as /devices/LNXSYSTM:00/LNXPWRBN:00/input/input0
[    0.947788] ACPI: Power Button [PWRF]
[    0.948885] input: Sleep Button as /devices/LNXSYSTM:00/LNXSLPBN:00/input/input1
[    0.950828] ACPI: Sleep Button [SLPF]
[    0.951854] GHES: HEST is not enabled!
[    0.952940] Serial: 8250/16550 driver, 32 ports, IRQ sharing enabled
[    0.975508] 00:02: ttyS0 at I/O 0x3f8 (irq = 4, base_baud = 115200) is a 16550A
[    0.979394] Linux agpgart interface v0.103
[    0.981839] loop: module loaded
[    0.983168] scsi host0: ata_piix
[    0.984074] scsi host1: ata_piix
[    0.984897] ata1: PATA max UDMA/33 cmd 0x1f0 ctl 0x3f6 bmdma 0xd000 irq 14
[    0.986687] ata2: PATA max UDMA/33 cmd 0x170 ctl 0x376 bmdma 0xd008 irq 15
[    0.988252] libphy: Fixed MDIO Bus: probed
[    0.989232] tun: Universal TUN/TAP device driver, 1.6
[    0.990311] tun: (C) 1999-2004 Max Krasnyansky <maxk@qualcomm.com>
[    0.991890] PPP generic driver version 2.4.2
[    0.992965] ehci_hcd: USB 2.0 'Enhanced' Host Controller (EHCI) Driver
[    0.994614] ehci-pci: EHCI PCI platform driver
[    0.995673] ehci-platform: EHCI generic platform driver
[    0.996765] ohci_hcd: USB 1.1 'Open' Host Controller (OHCI) Driver
[    0.998263] ohci-pci: OHCI PCI platform driver
[    0.999463] ohci-platform: OHCI generic platform driver
[    1.000592] uhci_hcd: USB Universal Host Controller Interface driver
[    1.001919] i8042: PNP: PS/2 Controller [PNP0303:PS2K,PNP0f03:PS2M] at 0x60,0x64 irq 1,12
[    1.004216] serio: i8042 KBD port at 0x60,0x64 irq 1
[    1.005258] serio: i8042 AUX port at 0x60,0x64 irq 12
[    1.006588] mousedev: PS/2 mouse device common for all mice
[    1.008319] input: AT Translated Set 2 keyboard as /devices/platform/i8042/serio0/input/input2
[    1.010550] rtc_cmos rtc_cmos: rtc core: registered rtc_cmos as rtc0
[    1.012790] rtc_cmos rtc_cmos: alarms up to one day, 114 bytes nvram
[    1.014123] i2c /dev entries driver
[    1.015303] device-mapper: uevent: version 1.0.3
[    1.016777] device-mapper: ioctl: 4.34.0-ioctl (2015-10-28) initialised: dm-devel@redhat.com
[    1.018486] ledtrig-cpu: registered to indicate activity on CPUs
[    1.020821] NET: Registered protocol family 10
[    1.022035] NET: Registered protocol family 17
[    1.023035] Key type dns_resolver registered
[    1.024892] registered taskstats version 1
[    1.025786] Loading compiled-in X.509 certificates
[    1.027468] Loaded X.509 cert 'Build time autogenerated kernel key: cf00e047681d67edb2720680708b7d9498083038'
[    1.029817] zswap: loaded using pool lzo/zbud
[    1.032332] Key type trusted registered
[    1.036009] Key type encrypted registered
[    1.036989] AppArmor: AppArmor sha1 policy hashing enabled
[    1.038106] ima: No TPM chip found, activating TPM-bypass!
[    1.039325] ima: Allocated hash algorithm: sha1
[    1.040332] evm: HMAC attrs: 0x1
[    1.041657]   Magic number: 13:891:726
[    1.042529] block loop6: hash matches
[    1.043616] rtc_cmos rtc_cmos: setting system clock to 2021-11-03 09:44:32 UTC (1635932672)
[    1.045808] BIOS EDD facility v0.16 2004-Jun-25, 0 devices found
[    1.047057] EDD information not available.
[    1.167529] Freeing unused kernel memory: 1492K
[    1.168461] Write protecting the kernel read-only data: 14336k
[    1.170517] Freeing unused kernel memory: 1584K
[    1.171706] Freeing unused kernel memory: 52K
Loading, please wait...
starting version 229
[    1.183630] random: systemd-udevd: uninitialized urandom read (16 bytes read, 3 bits of entropy available)
[    1.184125] random: udevadm: uninitialized urandom read (16 bytes read, 3 bits of entropy available)
[    1.184137] random: udevadm: uninitialized urandom read (16 bytes read, 3 bits of entropy available)
[    1.189548] random: udevadm: uninitialized urandom read (16 bytes read, 3 bits of entropy available)
[    1.189578] random: udevadm: uninitialized urandom read (16 bytes read, 3 bits of entropy available)
[    1.189663] random: udevadm: uninitialized urandom read (16 bytes read, 3 bits of entropy available)
[    1.189710] random: udevadm: uninitialized urandom read (16 bytes read, 3 bits of entropy available)
[    1.189743] random: udevadm: uninitialized urandom read (16 bytes read, 3 bits of entropy available)
[    1.189773] random: udevadm: uninitialized urandom read (16 bytes read, 3 bits of entropy available)
[    1.189804] random: udevadm: uninitialized urandom read (16 bytes read, 3 bits of entropy available)
[    1.229383] Fusion MPT base driver 3.04.20
[    1.230371] Copyright (c) 1999-2008 LSI Corporation
[    1.232833] e1000: Intel(R) PRO/1000 Network Driver - version 7.3.21-k8-NAPI
[    1.234358] e1000: Copyright (c) 1999-2006 Intel Corporation.
[    1.244733] AVX2 version of gcm_enc/dec engaged.
[    1.245878] AES CTR mode by8 optimization enabled
[    1.250665] Fusion MPT SPI Host driver 3.04.20
[    1.454709] input: ImExPS/2 Generic Explorer Mouse as /devices/platform/i8042/serio1/input/input4
[    1.607834] e1000 0000:00:03.0 eth0: (PCI:33MHz:32-bit) 02:be:82:6b:cc:1d
[    1.609406] e1000 0000:00:03.0 eth0: Intel(R) PRO/1000 Network Connection
[    1.966708] e1000 0000:00:08.0 eth1: (PCI:33MHz:32-bit) 08:00:27:40:c9:71
[    1.968386] e1000 0000:00:08.0 eth1: Intel(R) PRO/1000 Network Connection
[    1.971370] e1000 0000:00:03.0 enp0s3: renamed from eth0
[    1.973138] mptbase: ioc0: Initiating bringup
[    1.987160] e1000 0000:00:08.0 enp0s8: renamed from eth1
[    2.035552] ioc0: LSI53C1030 A0: Capabilities={Initiator}
[    2.197758] scsi host2: ioc0: LSI53C1030 A0, FwRev=00000000h, Ports=1, MaxQ=256, IRQ=20
[    2.311826] scsi 2:0:0:0: Direct-Access     VBOX     HARDDISK         1.0  PQ: 0 ANSI: 5
[    2.314124] scsi target2:0:0: Beginning Domain Validation
[    2.316985] scsi target2:0:0: Domain Validation skipping write tests
[    2.318585] scsi target2:0:0: Ending Domain Validation
[    2.328262] scsi target2:0:0: asynchronous
[    2.330253] scsi 2:0:1:0: Direct-Access     VBOX     HARDDISK         1.0  PQ: 0 ANSI: 5
[    2.332993] scsi target2:0:1: Beginning Domain Validation
[    2.336671] scsi target2:0:1: Domain Validation skipping write tests
[    2.338281] scsi target2:0:1: Ending Domain Validation
[    2.339609] scsi target2:0:1: asynchronous
[    2.347960] sd 2:0:0:0: Attached scsi generic sg0 type 0
[    2.349113] sd 2:0:0:0: [sda] 83886080 512-byte logical blocks: (42.9 GB/40.0 GiB)
[    2.351092] sd 2:0:1:0: Attached scsi generic sg1 type 0
[    2.352260] sd 2:0:1:0: [sdb] 20480 512-byte logical blocks: (10.5 MB/10.0 MiB)
[    2.354103] sd 2:0:0:0: [sda] Write Protect is off
[    2.355769] sd 2:0:1:0: [sdb] Write Protect is off
[    2.356893] sd 2:0:0:0: [sda] Incomplete mode parameter data
[    2.358054] sd 2:0:0:0: [sda] Assuming drive cache: write through
[    2.358839] sd 2:0:1:0: [sdb] Incomplete mode parameter data
[    2.358840] sd 2:0:1:0: [sdb] Assuming drive cache: write through
[    2.365896]  sda: sda1
[    2.366820] sd 2:0:1:0: [sdb] Attached SCSI disk
[    2.369200] sd 2:0:0:0: [sda] Attached SCSI disk
Begin: Loading essential drivers ... [    3.700382] md: linear personality registered for level -1
[    3.703311] md: multipath personality registered for level -4
[    3.706802] md: raid0 personality registered for level 0
[    3.711140] md: raid1 personality registered for level 1
[    3.782759] raid6: sse2x1   gen() 10001 MB/s
[    3.850726] raid6: sse2x1   xor()  7108 MB/s
[    3.918792] raid6: sse2x2   gen() 15156 MB/s
[    3.986801] raid6: sse2x2   xor() 10460 MB/s
[    4.054801] raid6: sse2x4   gen() 16918 MB/s
[    4.122766] raid6: sse2x4   xor() 10288 MB/s
[    4.190723] raid6: avx2x1   gen() 21404 MB/s
[    4.258723] raid6: avx2x2   gen() 26720 MB/s
[    4.326924] raid6: avx2x4   gen() 32655 MB/s
[    4.327766] raid6: using algorithm avx2x4 gen() 32655 MB/s
[    4.328698] raid6: using avx2x2 recovery algorithm
[    4.330881] xor: automatically using best checksumming function:
[    4.370761]    avx       : 24646.000 MB/sec
[    4.373221] async_tx: api initialized (async)
[    4.383606] md: raid6 personality registered for level 6
[    4.384498] md: raid5 personality registered for level 5
[    4.386460] md: raid4 personality registered for level 4
[    4.392777] md: raid10 personality registered for level 10
done.
Begin: Running /scripts/init-premount ... done.
Begin: Mounting root file system ... Begin: Running /scripts/local-top ... done.
Begin: Running /scripts/local-premount ... [    4.419377] Btrfs loaded
Scanning for Btrfs filesystems
done.
Begin: Will now check root file system ... fsck from util-linux 2.27.1
[/sbin/fsck.ext4 (1) -- /dev/sda1] fsck.ext4 -a -C0 /dev/sda1 
cloudimg-rootfs: recovering journal
cloudimg-rootfs: clean, 71178/5120000 files, 816663/10485499 blocks
done.
[    4.481552] EXT4-fs (sda1): mounted filesystem with ordered data mode. Opts: (null)
done.
Begin: Running /scripts/local-bottom ... done.
Begin: Running /scripts/init-bottom ... done.
[    4.570921] systemd[1]: systemd 229 running in system mode. (+PAM +AUDIT +SELINUX +IMA +APPARMOR +SMACK +SYSVINIT +UTMP +LIBCRYPTSETUP +GCRYPT +GNUTLS +ACL +XZ -LZ4 +SECCOMP +BLKID +ELFUTILS +KMOD -IDN)
[    4.574668] systemd[1]: Detected virtualization oracle.
[    4.575963] systemd[1]: Detected architecture x86-64.

Welcome to [1mUbuntu 16.04.7 LTS[0m!

[    4.587872] systemd[1]: Set hostname to <dockerubuntu>.
[    4.712902] systemd[1]: Listening on Journal Socket (/dev/log).
[[0;32m  OK  [0m] Listening on Journal Socket (/dev/log).
[    4.714952] systemd[1]: Reached target Swap.
[[0;32m  OK  [0m] Reached target Swap.
[    4.723646] systemd[1]: Set up automount Arbitrary Executable File Formats File System Automount Point.
[[0;32m  OK  [0m] Set up automount Arbitrary Executab...ats File System Automount Point.
[    4.731004] systemd[1]: Listening on udev Kernel Socket.
[[0;32m  OK  [0m] Listening on udev Kernel Socket.
[    4.739019] systemd[1]: Listening on LVM2 metadata daemon socket.
[[0;32m  OK  [0m] Listening on LVM2 metadata daemon socket.
[    4.746901] systemd[1]: Listening on Syslog Socket.
[[0;32m  OK  [0m] Listening on Syslog Socket.
[    4.754919] systemd[1]: Listening on /dev/initctl Compatibility Named Pipe.
[[0;32m  OK  [0m] Listening on /dev/initctl Compatibility Named Pipe.
[    4.763287] systemd[1]: Started Forward Password Requests to Wall Directory Watch.
[[0;32m  OK  [0m] Started Forward Password Requests to Wall Directory Watch.
[    4.770942] systemd[1]: Listening on Journal Audit Socket.
[[0;32m  OK  [0m] Listening on Journal Audit Socket.
[    4.779438] systemd[1]: Created slice System Slice.
[[0;32m  OK  [0m] Created slice System Slice.
[    4.787081] systemd[1]: Listening on Journal Socket.
[[0;32m  OK  [0m] Listening on Journal Socket.
[    4.806969] systemd[1]: Starting Set console keymap...
         Starting Set console keymap...
[    4.819969] systemd[1]: Mounting Huge Pages File System...
         Mounting Huge Pages File System...
[    4.827330] systemd[1]: Starting Uncomplicated firewall...
         Starting Uncomplicated firewall...
[    4.837301] systemd[1]: Starting Load Kernel Modules...
         Starting Load Kernel Modules...
[    4.846918] Loading iSCSI transport class v2.0-870.
[    4.847443] systemd[1]: Starting Journal Service...
         Starting Journal Service...
[    4.854855] iscsi: registered transport (tcp)
[    4.854919] systemd[1]: Listening on Device-mapper event daemon FIFOs.
[[0;32m  OK  [0m] Listening on Device-mapper event daemon FIFOs.
[    4.858700] systemd[1]: Starting Monitoring of LVM2 mirrors, snapshots etc. using dmeventd or progress polling...
         Starting Monitoring of LVM2 mirrors... dmeventd or progress polling...
[    4.864590] systemd[1]: Created slice User and Session Slice.
[[0;32m  OK  [0m] Created slice User and Session Slice.
[    4.866635] systemd[1]: Reached target Slices.
[[0;32m  OK  [0m] Reached target Slices.
[    4.868513] systemd[1]: Listening on LVM2 poll daemon socket.
[[0;32m  OK  [0m] Listening on LVM2 poll daemon socket.
[    4.875257] systemd[1]: Listening on udev Control Socket.
[[0;32m  OK  [0m] Listening on udev Control Socket.
[    4.878189] systemd[1]: Mounting Debug File System...
         Mounting Debug File System...
[    4.881859] systemd[1]: Mounting POSIX Message Queue File System...
         Mounting POSIX Message Queue File System...
[    4.896607] iscsi: registered transport (iser)
[    4.903132] systemd[1]: Starting Nameserver information manager...
         Starting Nameserver information manager...
[    4.915625] systemd[1]: Listening on fsck to fsckd communication Socket.
[[0;32m  OK  [0m] Listening on fsck to fsckd communication Socket.
[    4.926963] systemd[1]: Reached target User and Group Name Lookups.
[[0;32m  OK  [0m] Reached target User and Group Name Lookups.
[    4.951309] systemd[1]: Starting Create list of required static device nodes for the current kernel...
         Starting Create list of required st... nodes for the current kernel...
[    4.959220] systemd[1]: Reached target Encrypted Volumes.
[[0;32m  OK  [0m] Reached target Encrypted Volumes.
[    4.971142] systemd[1]: Started Trigger resolvconf update for networkd DNS.
[[0;32m  OK  [0m] Started Trigger resolvconf update for networkd DNS.
[    4.973760] systemd[1]: Created slice system-serial\x2dgetty.slice.
[[0;32m  OK  [0m] Created slice system-serial\x2dgetty.slice.
[    4.986978] systemd[1]: Reached target System Time Synchronized.
[[0;32m  OK  [0m] Reached target System Time Synchronized.
[    4.998962] systemd[1]: Starting Remount Root and Kernel File Systems...
         Starting Remount Root and Kernel File Systems...
[    5.004263] EXT4-fs (sda1): re-mounted. Opts: (null)
[    5.008391] systemd[1]: Mounted Huge Pages File System.
[[0;32m  OK  [0m] Mounted Huge Pages File System.
[    5.015309] systemd[1]: Mounted POSIX Message Queue File System.
[[0;32m  OK  [0m] Mounted POSIX Message Queue File System.
[    5.017228] systemd[1]: Mounted Debug File System.
[[0;32m  OK  [0m] Mounted Debug File System.
[    5.018641] systemd[1]: Started Journal Service.
[[0;32m  OK  [0m] Started Journal Service.
[[0;32m  OK  [0m] Started Set console keymap.
[[0;32m  OK  [0m] Started Uncomplicated firewall.
[[0;32m  OK  [0m] Started Load Kernel Modules.
[[0;32m  OK  [0m] Started Create list of required sta...ce nodes for the current kernel.
[[0;32m  OK  [0m] Started Remount Root and Kernel File Systems.
[[0;32m  OK  [0m] Started Nameserver information manager.
[[0;32m  OK  [0m] Started LVM2 metadata daemon.
         Starting udev Coldplug all Devices...
         Starting Load/Save Random Seed...
         Starting Create Static Device Nodes in /dev...
         Mounting FUSE Control File System...
         Starting Apply Kernel Variables...
         Starting Flush Journal to Persistent Storage...
[[0;32m  OK  [0m] Mounted FUSE Control File System.
[[0;32m  OK  [0m] Started Load/Save Random Seed.
[[0;32m  OK  [0m] Started Create Static Device Nodes in /dev.
[[0;32m  OK  [0m] Started Apply Kernel Variables.
         Starting udev Kernel Device Manager...
[[0;32m  OK  [0m] Started Flush Journal to Persistent Storage.
[[0;32m  OK  [0m] Started udev Coldplug all Devices.
[[0;32m  OK  [0m] Started udev Kernel Device Manager.
[[0;32m  OK  [0m] Started Dispatch Password Requests to Console Directory Watch.
[[0;32m  OK  [0m] Started Monitoring of LVM2 mirrors,...ng dmeventd or progress polling.
[[0;32m  OK  [0m] Reached target Local File Systems (Pre).
[[0;32m  OK  [0m] Reached target Local File Systems.
         Starting Set console font and keymap...
         Starting Create Volatile Files and Directories...
         Starting Initial cloud-init job (pre-networking)...
         Starting LSB: AppArmor initialization...
         Starting Tell Plymouth To Write Out Runtime Data...
[[0;32m  OK  [0m] Started Create Volatile Files and Directories.
[[0;32m  OK  [0m] Found device /dev/ttyS0.
[[0;32m  OK  [0m] Started Tell Plymouth To Write Out Runtime Data.
         Starting Update UTMP about System Boot/Shutdown...
[[0;32m  OK  [0m] Started Update UTMP about System Boot/Shutdown.
[[0;32m  OK  [0m] Listening on Load/Save RF Kill Switch Status /dev/rfkill Watch.
[[0;32m  OK  [0m] Started LSB: AppArmor initialization.
         Starting Load AppArmor profiles managed internally by snapd...
[[0;32m  OK  [0m] Started Load AppArmor profiles managed internally by snapd.
[[0;32m  OK  [0m] Found device 82540EM Gigabit Ethern...r (PRO/1000 MT Desktop Adapter).
[    5.846959] [cloud-init[0;32m  OK  [0m[517]: ] Cloud-init v. 21.1-19-gbad84ad4-0ubuntu1~16.04.2 running 'init-local' at Wed, 03 Nov 2021 09:44:37 +0000. Up 5.60 seconds.Found device 82540EM Gigabit Ethern...r (PRO/1000 MT Desktop Adapter).

[[0;32m  OK  [0m] Started Set console font and keymap.
[[0;32m  OK  [0m] Started Initial cloud-init job (pre-networking).
[[0;32m  OK  [0m] Reached target Network (Pre).
[[0;32m  OK  [0m] Started ifup for enp0s8.
[[0;32m  OK  [0m] Started ifup for enp0s3.
         Starting Raise network interfaces...
[[0;32m  OK  [0m] Created slice system-getty.slice.
[[0;32m  OK  [0m] Started Raise network interfaces.
[[0;32m  OK  [0m] Reached target Network.
         Starting Initial cloud-init job (metadata service crawler)...
[    6.478968] cloud-init[1078]: Cloud-init v. 21.1-19-gbad84ad4-0ubuntu1~16.04.2 running 'init' at Wed, 03 Nov 2021 09:44:37 +0000. Up 6.29 seconds.
[    6.484356] cloud-init[1078]: ci-info: ++++++++++++++++++++++++++++++++++++++Net device info+++++++++++++++++++++++++++++++++++++++
[    6.492358] cloud-init[1078]: ci-info: +--------+------+-----------------------------+---------------+--------+-------------------+
[    6.500319] cloud-init[1078]: ci-info: | Device |  Up  |           Address           |      Mask     | Scope  |     Hw-Address    |
[    6.508385] cloud-init[1078]: ci-info: +--------+------+-----------------------------+---------------+--------+-------------------+
[    6.516821] cloud-init[1078]: ci-info: | enp0s3 | True |          10.0.2.15          | 255.255.255.0 | global | 02:be:82:6b:cc:1d |
[[0;32m  OK  [0m] Started Initial cloud-init job (metadata service crawler).
[    6.517726] [cloud-init[0;32m  OK  [0m[1078]: ] ci-info: | enp0s3 | True |  fe80::be:82ff:fe6b:cc1d/64 |       .       |  link  | 02:be:82:6b:cc:1d |Reached target Cloud-config availability.

[[0;32m  OK  [0m] Reached target Network is Online.
[    6.525861] cloud-init[1078]: ci-info: | enp0s8 | True |         172.28.128.7        | 255.255.255.0 | global | 08:00:27:40:c9:71 |
[    6.532769] cloud-init[1078]: ci-info: | enp0s8 | True | fe80::a00:27ff:fe40:c971/64 |       .       |  link  | 08:00:27:40:c9:71 |
[    6.544982]          cloud-initStarting iSCSI initiator daemon (iscsid)...[1078]: 
ci-info: |   lo   | True |          127.0.0.1          |   255.0.0.0   |  host  |         .         |
[    6.553051] [cloud-init[0;32m  OK  [0m[1078]: ] ci-info: |   lo   | True |           ::1/128           |       .       |  host  |         .         |Reached target System Initialization.

[    6.553794] cloud-init[1078]: ci-info: +--------+------+-----------------------------+---------------+--------+-------------------+
[    6.568381] [cloud-init[0;32m  OK  [0m[1078]: ] ci-info: ++++++++++++++++++++++++++++Route IPv4 info++++++++++++++++++++++++++++Started Ubuntu Advantage update messaging.

[    6.568973] cloud-init[1078]: ci-info: +-------+--------------+----------+---------------+-----------+-------+
[    6.584432] [cloud-init[0;32m  OK  [0m[1078]: ] ci-info: | Route | Destination  | Gateway  |    Genmask    | Interface | Flags |Started ACPI Events Check.

[[0;32m  OK  [0m] Reached target Paths.
[    6.585121] cloud-init[1078]: ci-info: +-------+--------------+----------+---------------+-----------+-------+
[    6.600628] [cloud-init[0;32m  OK  [0m[1078]: ] ci-info: |   0   |   0.0.0.0    | 10.0.2.2 |    0.0.0.0    |   enp0s3  |   UG  |Started Daily Cleanup of Temporary Directories.

[    6.601409]          cloud-initStarting Socket activation for snappy daemon.[1078]: 
ci-info: |   1   |   10.0.2.0   | 0.0.0.0  | 255.255.255.0 |   enp0s3  |   U   |
[    6.609481] [cloud-init[0;32m  OK  [0m[1078]: ] ci-info: |   2   | 172.28.128.0 | 0.0.0.0  | 255.255.255.0 |   enp0s8  |   U   |Listening on ACPID Listen Socket.

[    6.616471] [cloud-init[0;32m  OK  [0m[1078]: ] ci-info: +-------+--------------+----------+---------------+-----------+-------+Listening on UUID daemon activation socket.

[    6.624458] [cloud-init[0;32m  OK  [0m[1078]: ] ci-info: +++++++++++++++++++Route IPv6 info+++++++++++++++++++Listening on D-Bus System Message Bus Socket.

         Starting Docker Socket for the API.
[    6.632501] cloud-init[1078]: ci-info: +-------+-------------+---------+-----------+-------+
[    6.644947] [cloud-init[0;32m  OK  [0m[1078]: ] ci-info: | Route | Destination | Gateway | Interface | Flags |Started Daily apt download activities.

[[0;32m  OK  [0m] Started Daily apt upgrade and clean activities.
[    6.645653] cloud-init[1078]: ci-info: +-------+-------------+---------+-----------+-------+
[    6.654187]          cloud-initStarting LXD - unix socket.[1078]: 
ci-info: |   0   |  fe80::/64  |    ::   |   enp0s8  |   U   |
[    6.664980] [cloud-init[0;32m  OK  [0m[1078]: ] ci-info: |   1   |  fe80::/64  |    ::   |   enp0s3  |   U   |Started Message of the Day.

[    6.665823] [cloud-init[0;32m  OK  [0m[1078]: ] ci-info: |   4   |   ff00::/8  |    ::   |   enp0s8  |   U   |Reached target Timers.

[    6.672206] cloud-init[1078]: ci-info: |   5   |   ff00::/8  |    ::   |   enp0s3  |   U   |
[    6.684612] [cloud-init[0;32m  OK  [0m[1078]: ] ci-info: +-------+-------------+---------+-----------+-------+Listening on Socket activation for snappy daemon.

[[0;32m  OK  [0m] Listening on Docker Socket for the API.
[[0;32m  OK  [0m] Listening on LXD - unix socket.
[[0;32m  OK  [0m] Started iSCSI initiator daemon (iscsid).
         Starting Login to default iSCSI targets...
[[0;32m  OK  [0m] Reached target Sockets.
[[0;32m  OK  [0m] Reached target Basic System.
         Starting LSB: Record successful boot for GRUB...
[[0;32m  OK  [0m] Started FUSE filesystem for LXC.
[[0;32m  OK  [0m] Started Regular background program processing daemon.
         Starting System Logging Service...
         Starting Virtualbox guest utils...
         Starting containerd container runtime...
         Starting LXD - container startup/shutdown...
         Starting LSB: MD monitoring daemon...
[[0;32m  OK  [0m] Started ACPI event daemon.
[[0;32m  OK  [0m] Started Deferred execution scheduler.
         Starting /etc/rc.local Compatibility...
         Starting Accounts Service...
         Starting Login Service...
[[0;32m  OK  [0m] Started D-Bus System Message Bus.
         Starting OpenBSD Secure Shell server...
         Starting Snap Daemon...
[[0;32m  OK  [0m] Started System Logging Service.
[[0;32m  OK  [0m] Started /etc/rc.local Compatibility.
[[0;32m  OK  [0m] Started Login Service.
[[0;32m  OK  [0m] Started Unattended Upgrades Shutdown.
         Starting Authenticate and Authorize Users to Run Privileged Tasks...
[[0;32m  OK  [0m] Started Login to default iSCSI targets.
[[0;32m  OK  [0m] Reached target Remote File Systems (Pre).
         Mounting /vagrant...
[[0;32m  OK  [0m] Started LSB: Record successful boot for GRUB.
[[0;1;31mFAILED[0m] Failed to mount /vagrant.
See 'systemctl status vagrant.mount' for details.
[[0;1;33mDEPEND[0m] Dependency failed for Remote File Systems.
[[0;32m  OK  [0m] Started LXD - container startup/shutdown.
[[0;32m  OK  [0m] Started LSB: MD monitoring daemon.
[[0;32m  OK  [0m] Started Authenticate and Authorize Users to Run Privileged Tasks.
         Starting LSB: Set the CPU Frequency Scaling governor to "ondemand"...
         Starting LSB: daemon to balance interrupts for SMP systems...
         Starting LSB: automatic crash report generation...
         Starting Permit User Sessions...
[[0;32m  OK  [0m] Started Accounts Service.
[[0;32m  OK  [0m] Started OpenBSD Secure Shell server.
[[0;32m  OK  [0m] Started Permit User Sessions.
         Starting Terminate Plymouth Boot Screen...
         Starting Hold until boot process finishes up...
[[0;32m  OK  [0m] Started Terminate Plymouth Boot Screen.
[[0;32m  OK  [0m] Started Hold until boot process finishes up.
         Starting Set console scheme...
[[0;32m  OK  [0m] Started Getty on tty1.
[[0;32m  OK  [0m] Started Serial Getty on ttyS0.
[[0;32m  OK  [0m] Reached target Login Prompts.
[[0;32m  OK  [0m] Started LSB: Set the CPU Frequency Scaling governor to "ondemand".
[[0;32m  OK  [0m] Started Set console scheme.
[[0;32m  OK  [0m] Started LSB: daemon to balance interrupts for SMP systems.
[[0;32m  OK  [0m] Started LSB: automatic crash report generation.
[[0;32m  OK  [0m] Started Virtualbox guest utils.
[[0;32m  OK  [0m] Started Snap Daemon.
         Starting Wait until snapd is fully seeded...
[[0;32m  OK  [0m] Started Wait until snapd is fully seeded.
         Starting Apply the settings specified in cloud-config...
[[0;32m  OK  [0m] Started containerd container runtime.
         Starting Docker Application Container Engine...
[    7.849311] cloud-init[1353]: Cloud-init v. 21.1-19-gbad84ad4-0ubuntu1~16.04.2 running 'modules:config' at Wed, 03 Nov 2021 09:44:39 +0000. Up 7.74 seconds.
[[0;32m  OK  [0m] Started Apply the settings specified in cloud-config.
[[0;32m  OK  [0m] Started Docker Application Container Engine.
[[0;32m  OK  [0m] Reached target Multi-User System.
         Starting Execute cloud user/final scripts...
[[0;32m  OK  [0m] Reached target Graphical Interface.
         Starting Update UTMP about System Runlevel Changes...
[[0;32m  OK  [0m] Started Update UTMP about System Runlevel Changes.
[    8.642613] cloud-init[1561]: Cloud-init v. 21.1-19-gbad84ad4-0ubuntu1~16.04.2 running 'modules:final' at Wed, 03 Nov 2021 09:44:40 +0000. Up 8.55 seconds.
[    8.648322] cloud-init[1561]: Cloud-init v. 21.1-19-gbad84ad4-0ubuntu1~16.04.2 finished at Wed, 03 Nov 2021 09:44:40 +0000. Datasource DataSourceNoCloud [seed=/dev/sdb][dsmode=net].  Up 8.63 seconds
[[0;32m  OK  [0m] Started Execute cloud user/final scripts.
[[0;32m  OK  [0m] Reached target Cloud-init target.
         Starting Daily apt download activities...

Ubuntu 16.04.7 LTS dockerubuntu ttyS0

dockerubuntu login: 