[    0.000000] Initializing cgroup subsys cpuset
[    0.000000] Initializing cgroup subsys cpu
[    0.000000] Initializing cgroup subsys cpuacct
[    0.000000] Linux version 4.4.0-210-generic (buildd@lgw01-amd64-009) (gcc version 5.4.0 20160609 (Ubuntu 5.4.0-6ubuntu1~16.04.12) ) #242-Ubuntu SMP Fri Apr 16 09:57:56 UTC 2021 (Ubuntu 4.4.0-210.242-generic 4.4.262)
[    0.000000] Command line: BOOT_IMAGE=/boot/vmlinuz-4.4.0-210-generic root=LABEL=cloudimg-rootfs ro console=tty1 console=ttyS0
[    0.000000] KERNEL supported cpus:
[    0.000000]   Intel GenuineIntel
[    0.000000]   AMD AuthenticAMD
[    0.000000]   Centaur CentaurHauls
[    0.000000] x86/fpu: xstate_offset[2]:  576, xstate_sizes[2]:  256
[    0.000000] x86/fpu: Supporting XSAVE feature 0x01: 'x87 floating point registers'
[    0.000000] x86/fpu: Supporting XSAVE feature 0x02: 'SSE registers'
[    0.000000] x86/fpu: Supporting XSAVE feature 0x04: 'AVX registers'
[    0.000000] x86/fpu: Enabled xstate features 0x7, context size is 832 bytes, using 'standard' format.
[    0.000000] e820: BIOS-provided physical RAM map:
[    0.000000] BIOS-e820: [mem 0x0000000000000000-0x000000000009fbff] usable
[    0.000000] BIOS-e820: [mem 0x000000000009fc00-0x000000000009ffff] reserved
[    0.000000] BIOS-e820: [mem 0x00000000000f0000-0x00000000000fffff] reserved
[    0.000000] BIOS-e820: [mem 0x0000000000100000-0x000000007ffeffff] usable
[    0.000000] BIOS-e820: [mem 0x000000007fff0000-0x000000007fffffff] ACPI data
[    0.000000] BIOS-e820: [mem 0x00000000fec00000-0x00000000fec00fff] reserved
[    0.000000] BIOS-e820: [mem 0x00000000fee00000-0x00000000fee00fff] reserved
[    0.000000] BIOS-e820: [mem 0x00000000fffc0000-0x00000000ffffffff] reserved
[    0.000000] NX (Execute Disable) protection: active
[    0.000000] SMBIOS 2.5 present.
[    0.000000] Hypervisor detected: KVM
[    0.000000] Kernel/User page tables isolation: disabled
[    0.000000] e820: last_pfn = 0x7fff0 max_arch_pfn = 0x400000000
[    0.000000] MTRR: Disabled
[    0.000000] x86/PAT: MTRRs disabled, skipping PAT initialization too.
[    0.000000] CPU MTRRs all blank - virtualized system.
[    0.000000] x86/PAT: Configuration [0-7]: WB  WT  UC- UC  WB  WT  UC- UC  
[    0.000000] found SMP MP-table at [mem 0x0009fff0-0x0009ffff] mapped at [ffff88000009fff0]
[    0.000000] Scanning 1 areas for low memory corruption
[    0.000000] RAMDISK: [mem 0x36146000-0x3709afff]
[    0.000000] ACPI: Early table checksum verification disabled
[    0.000000] ACPI: RSDP 0x00000000000E0000 000024 (v02 VBOX  )
[    0.000000] ACPI: XSDT 0x000000007FFF0030 00003C (v01 VBOX   VBOXXSDT 00000001 ASL  00000061)
[    0.000000] ACPI: FACP 0x000000007FFF00F0 0000F4 (v04 VBOX   VBOXFACP 00000001 ASL  00000061)
[    0.000000] ACPI: DSDT 0x000000007FFF0470 002325 (v02 VBOX   VBOXBIOS 00000002 INTL 20100528)
[    0.000000] ACPI: FACS 0x000000007FFF0200 000040
[    0.000000] ACPI: FACS 0x000000007FFF0200 000040
[    0.000000] ACPI: APIC 0x000000007FFF0240 00005C (v02 VBOX   VBOXAPIC 00000001 ASL  00000061)
[    0.000000] ACPI: SSDT 0x000000007FFF02A0 0001CC (v01 VBOX   VBOXCPUT 00000002 INTL 20100528)
[    0.000000] No NUMA configuration found
[    0.000000] Faking a node at [mem 0x0000000000000000-0x000000007ffeffff]
[    0.000000] NODE_DATA(0) allocated [mem 0x7ffeb000-0x7ffeffff]
[    0.000000] kvm-clock: Using msrs 4b564d01 and 4b564d00
[    0.000000] kvm-clock: cpu 0, msr 0:7ffe3001, primary cpu clock
[    0.000000] kvm-clock: using sched offset of 3417279473 cycles
[    0.000000] clocksource: kvm-clock: mask: 0xffffffffffffffff max_cycles: 0x1cd42e4dffb, max_idle_ns: 881590591483 ns
[    0.000000] Zone ranges:
[    0.000000]   DMA      [mem 0x0000000000001000-0x0000000000ffffff]
[    0.000000]   DMA32    [mem 0x0000000001000000-0x000000007ffeffff]
[    0.000000]   Normal   empty
[    0.000000]   Device   empty
[    0.000000] Movable zone start for each node
[    0.000000] Early memory node ranges
[    0.000000]   node   0: [mem 0x0000000000001000-0x000000000009efff]
[    0.000000]   node   0: [mem 0x0000000000100000-0x000000007ffeffff]
[    0.000000] Initmem setup node 0 [mem 0x0000000000001000-0x000000007ffeffff]
[    0.000000] ACPI: PM-Timer IO Port: 0x4008
[    0.000000] IOAPIC[0]: apic_id 2, version 32, address 0xfec00000, GSI 0-23
[    0.000000] ACPI: INT_SRC_OVR (bus 0 bus_irq 0 global_irq 2 dfl dfl)
[    0.000000] ACPI: INT_SRC_OVR (bus 0 bus_irq 9 global_irq 9 low level)
[    0.000000] Using ACPI (MADT) for SMP configuration information
[    0.000000] smpboot: Allowing 2 CPUs, 0 hotplug CPUs
[    0.000000] PM: Registered nosave memory: [mem 0x00000000-0x00000fff]
[    0.000000] PM: Registered nosave memory: [mem 0x0009f000-0x0009ffff]
[    0.000000] PM: Registered nosave memory: [mem 0x000a0000-0x000effff]
[    0.000000] PM: Registered nosave memory: [mem 0x000f0000-0x000fffff]
[    0.000000] e820: [mem 0x80000000-0xfebfffff] available for PCI devices
[    0.000000] Booting paravirtualized kernel on KVM
[    0.000000] clocksource: refined-jiffies: mask: 0xffffffff max_cycles: 0xffffffff, max_idle_ns: 7645519600211568 ns
[    0.000000] setup_percpu: NR_CPUS:512 nr_cpumask_bits:512 nr_cpu_ids:2 nr_node_ids:1
[    0.000000] PERCPU: Embedded 33 pages/cpu @ffff88007fc00000 s95192 r8192 d31784 u1048576
[    0.000000] Built 1 zonelists in Node order, mobility grouping on.  Total pages: 515960
[    0.000000] Policy zone: DMA32
[    0.000000] Kernel command line: BOOT_IMAGE=/boot/vmlinuz-4.4.0-210-generic root=LABEL=cloudimg-rootfs ro console=tty1 console=ttyS0
[    0.000000] PID hash table entries: 4096 (order: 3, 32768 bytes)
[    0.000000] Memory: 2029172K/2096696K available (8644K kernel code, 1332K rwdata, 4044K rodata, 1492K init, 1164K bss, 67524K reserved, 0K cma-reserved)
[    0.000000] SLUB: HWalign=64, Order=0-3, MinObjects=0, CPUs=2, Nodes=1
[    0.000000] Hierarchical RCU implementation.
[    0.000000] 	Build-time adjustment of leaf fanout to 64.
[    0.000000] 	RCU restricting CPUs from NR_CPUS=512 to nr_cpu_ids=2.
[    0.000000] RCU: Adjusting geometry for rcu_fanout_leaf=64, nr_cpu_ids=2
[    0.000000] NR_IRQS:33024 nr_irqs:440 16
[    0.000000] Console: colour VGA+ 80x25
[    0.000000] console [tty1] enabled
[    0.000000] console [ttyS0] enabled
[    0.000000] tsc: Detected 2903.994 MHz processor
[    0.178567] Calibrating delay loop (skipped) preset value.. 5807.98 BogoMIPS (lpj=11615976)
[    0.180180] pid_max: default: 32768 minimum: 301
[    0.181210] ACPI: Core revision 20150930
[    0.182666] ACPI: 2 ACPI AML tables successfully acquired and loaded
[    0.183852] Security Framework initialized
[    0.184905] Yama: becoming mindful.
[    0.185740] AppArmor: AppArmor initialized
[    0.189238] Dentry cache hash table entries: 262144 (order: 9, 2097152 bytes)
[    0.190903] Inode-cache hash table entries: 131072 (order: 8, 1048576 bytes)
[    0.192418] Mount-cache hash table entries: 4096 (order: 3, 32768 bytes)
[    0.193516] Mountpoint-cache hash table entries: 4096 (order: 3, 32768 bytes)
[    0.198076] Initializing cgroup subsys io
[    0.199014] Initializing cgroup subsys memory
[    0.199880] Initializing cgroup subsys devices
[    0.200831] Initializing cgroup subsys freezer
[    0.201854] Initializing cgroup subsys net_cls
[    0.202855] Initializing cgroup subsys perf_event
[    0.203804] Initializing cgroup subsys net_prio
[    0.204595] Initializing cgroup subsys hugetlb
[    0.205517] Initializing cgroup subsys pids
[    0.207363] mce: CPU supports 0 MCE banks
[    0.208235] Last level iTLB entries: 4KB 128, 2MB 8, 4MB 8
[    0.209126] Last level dTLB entries: 4KB 64, 2MB 0, 4MB 0, 1GB 4
[    0.210125] Spectre V1 : Mitigation: usercopy/swapgs barriers and __user pointer sanitization
[    0.211717] Spectre V2 : Mitigation: Full generic retpoline
[    0.212848] Spectre V2 : Spectre v2 / SpectreRSB mitigation: Filling RSB on context switch
[    0.214675] Speculative Store Bypass: Vulnerable
[    0.215695] SRBDS: Mitigation: TSX disabled
[    0.219153] Freeing SMP alternatives memory: 36K
[    0.225531] ftrace: allocating 32380 entries in 127 pages
[    0.280125] smpboot: APIC(0) Converting physical 0 to logical package 0
[    0.281545] smpboot: Max logical packages: 1
[    0.282747] x2apic enabled
[    0.283671] Switched APIC routing to physical x2apic.
[    0.285919] ..TIMER: vector=0x30 apic1=0 pin1=2 apic2=-1 pin2=-1
[    0.394963] smpboot: CPU0: Intel(R) Core(TM) i5-9400F CPU @ 2.90GHz (family: 0x6, model: 0x9e, stepping: 0xd)
[    0.396833] Performance Events: unsupported p6 CPU model 158 no PMU driver, software events only.
[    0.408109] KVM setup paravirtual spinlock
[    0.409585] x86: Booting SMP configuration:
[    0.410639] .... node  #0, CPUs:      #1
[    0.411694] kvm-clock: cpu 1, msr 0:7ffe3041, secondary cpu clock
[    0.413996] mce: CPU supports 0 MCE banks
[    0.416521] x86: Booted up 1 node, 2 CPUs
[    0.417859] smpboot: Total of 2 processors activated (11615.97 BogoMIPS)
[    0.419859] devtmpfs: initialized
[    0.422356] evm: security.selinux
[    0.423141] evm: security.SMACK64
[    0.423996] evm: security.SMACK64EXEC
[    0.424924] evm: security.SMACK64TRANSMUTE
[    0.425877] evm: security.SMACK64MMAP
[    0.426875] evm: security.ima
[    0.427660] evm: security.capability
[    0.428695] clocksource: jiffies: mask: 0xffffffff max_cycles: 0xffffffff, max_idle_ns: 7645041785100000 ns
[    0.431175] futex hash table entries: 512 (order: 3, 32768 bytes)
[    0.433023] pinctrl core: initialized pinctrl subsystem
[    0.434184] RTC time: 19:36:18, date: 11/05/21
[    0.435720] NET: Registered protocol family 16
[    0.447663] cpuidle: using governor ladder
[    0.460071] cpuidle: using governor menu
[    0.460964] PCCT header not found.
[    0.461681] ACPI: bus type PCI registered
[    0.462622] acpiphp: ACPI Hot Plug PCI Controller Driver version: 0.5
[    0.464051] PCI: Using configuration type 1 for base access
[    0.476248] ACPI: Added _OSI(Module Device)
[    0.476980] ACPI: Added _OSI(Processor Device)
[    0.478071] ACPI: Added _OSI(3.0 _SCP Extensions)
[    0.478957] ACPI: Added _OSI(Processor Aggregator Device)
[    0.480808] ACPI: Executed 1 blocks of module-level executable AML code
[    0.486364] ACPI: Interpreter enabled
[    0.487040] ACPI: (supports S0 S5)
[    0.487684] ACPI: Using IOAPIC for interrupt routing
[    0.488658] PCI: Using host bridge windows from ACPI; if necessary, use "pci=nocrs" and report a bug
[    0.493276] ACPI: PCI Root Bridge [PCI0] (domain 0000 [bus 00-ff])
[    0.494848] acpi PNP0A03:00: _OSC: OS supports [ASPM ClockPM Segments MSI]
[    0.496634] acpi PNP0A03:00: _OSC: not requesting OS control; OS requires [ExtendedConfig ASPM ClockPM MSI]
[    0.498512] acpi PNP0A03:00: fail to add MMCONFIG information, can't access extended PCI configuration space under this bridge.
[    0.500722] PCI host bridge to bus 0000:00
[    0.501613] pci_bus 0000:00: root bus resource [io  0x0000-0x0cf7 window]
[    0.502883] pci_bus 0000:00: root bus resource [io  0x0d00-0xffff window]
[    0.503911] pci_bus 0000:00: root bus resource [mem 0x000a0000-0x000bffff window]
[    0.505352] pci_bus 0000:00: root bus resource [mem 0x80000000-0xfdffffff window]
[    0.506823] pci_bus 0000:00: root bus resource [bus 00-ff]
[    0.509128] pci 0000:00:01.1: legacy IDE quirk: reg 0x10: [io  0x01f0-0x01f7]
[    0.510206] pci 0000:00:01.1: legacy IDE quirk: reg 0x14: [io  0x03f6]
[    0.511539] pci 0000:00:01.1: legacy IDE quirk: reg 0x18: [io  0x0170-0x0177]
[    0.513026] pci 0000:00:01.1: legacy IDE quirk: reg 0x1c: [io  0x0376]
[    0.544231] pci 0000:00:07.0: quirk: [io  0x4000-0x403f] claimed by PIIX4 ACPI
[    0.545680] pci 0000:00:07.0: quirk: [io  0x4100-0x410f] claimed by PIIX4 SMB
[    0.561097] ACPI: PCI Interrupt Link [LNKA] (IRQs 5 9 10 *11)
[    0.563018] ACPI: PCI Interrupt Link [LNKB] (IRQs 5 9 *10 11)
[    0.564430] ACPI: PCI Interrupt Link [LNKC] (IRQs 5 *9 10 11)
[    0.565813] ACPI: PCI Interrupt Link [LNKD] (IRQs 5 9 10 *11)
[    0.567366] ACPI: Enabled 2 GPEs in block 00 to 07
[    0.568668] vgaarb: setting as boot device: PCI:0000:00:02.0
[    0.569870] vgaarb: device added: PCI:0000:00:02.0,decodes=io+mem,owns=io+mem,locks=none
[    0.571203] vgaarb: loaded
[    0.571735] vgaarb: bridge control possible 0000:00:02.0
[    0.573116] SCSI subsystem initialized
[    0.573916] ACPI: bus type USB registered
[    0.574700] usbcore: registered new interface driver usbfs
[    0.575578] usbcore: registered new interface driver hub
[    0.576656] usbcore: registered new device driver usb
[    0.578407] PCI: Using ACPI for IRQ routing
[    0.579628] NetLabel: Initializing
[    0.580269] NetLabel:  domain hash size = 128
[    0.581207] NetLabel:  protocols = UNLABELED CIPSOv4
[    0.582178] NetLabel:  unlabeled traffic allowed by default
[    0.583336] amd_nb: Cannot enumerate AMD northbridges
[    0.584501] clocksource: Switched to clocksource kvm-clock
[    0.595187] AppArmor: AppArmor Filesystem Enabled
[    0.596163] pnp: PnP ACPI init
[    0.597423] pnp: PnP ACPI: found 3 devices
[    0.610235] clocksource: acpi_pm: mask: 0xffffff max_cycles: 0xffffff, max_idle_ns: 2085701024 ns
[    0.612193] NET: Registered protocol family 2
[    0.613419] TCP established hash table entries: 16384 (order: 5, 131072 bytes)
[    0.614847] TCP bind hash table entries: 16384 (order: 6, 262144 bytes)
[    0.616007] TCP: Hash tables configured (established 16384 bind 16384)
[    0.617715] UDP hash table entries: 1024 (order: 3, 32768 bytes)
[    0.618734] UDP-Lite hash table entries: 1024 (order: 3, 32768 bytes)
[    0.619876] NET: Registered protocol family 1
[    0.620692] pci 0000:00:00.0: Limiting direct PCI/PCI transfers
[    0.621861] pci 0000:00:01.0: Activating ISA DMA hang workarounds
[    0.623152] Unpacking initramfs...
[    0.893816] Freeing initrd memory: 15700K
[    0.895011] clocksource: tsc: mask: 0xffffffffffffffff max_cycles: 0x29dc0055a3d, max_idle_ns: 440795341144 ns
[    0.897351] platform rtc_cmos: registered platform RTC device (no PNP device found)
[    0.900005] Scanning for low memory corruption every 60 seconds
[    0.902113] audit: initializing netlink subsys (disabled)
[    0.903141] audit: type=2000 audit(1636140983.962:1): initialized
[    0.904989] Initialise system trusted keyring
[    0.906147] HugeTLB registered 2 MB page size, pre-allocated 0 pages
[    0.908292] zbud: loaded
[    0.909260] VFS: Disk quotas dquot_6.6.0
[    0.910017] VFS: Dquot-cache hash table entries: 512 (order 0, 4096 bytes)
[    0.911314] squashfs: version 4.0 (2009/01/31) Phillip Lougher
[    0.913028] fuse init (API version 7.23)
[    0.914046] Key type big_key registered
[    0.915145] Allocating IMA MOK and blacklist keyrings.
[    0.917509] Key type asymmetric registered
[    0.918440] Asymmetric key parser 'x509' registered
[    0.919781] Block layer SCSI generic (bsg) driver version 0.4 loaded (major 249)
[    0.921596] io scheduler noop registered
[    0.922737] io scheduler deadline registered (default)
[    0.923977] io scheduler cfq registered
[    0.924917] pci_hotplug: PCI Hot Plug PCI Core version: 0.5
[    0.926096] pciehp: PCI Express Hot Plug Controller Driver version: 0.4
[    0.927748] ACPI: AC Adapter [AC] (on-line)
[    0.929111] input: Power Button as /devices/LNXSYSTM:00/LNXPWRBN:00/input/input0
[    0.931041] ACPI: Power Button [PWRF]
[    0.931900] input: Sleep Button as /devices/LNXSYSTM:00/LNXSLPBN:00/input/input1
[    0.934203] ACPI: Sleep Button [SLPF]
[    0.935208] GHES: HEST is not enabled!
[    0.936134] Serial: 8250/16550 driver, 32 ports, IRQ sharing enabled
[    0.958257] 00:02: ttyS0 at I/O 0x3f8 (irq = 4, base_baud = 115200) is a 16550A
[    0.961199] Linux agpgart interface v0.103
[    0.963534] loop: module loaded
[    0.965019] scsi host0: ata_piix
[    0.965884] scsi host1: ata_piix
[    0.966532] ata1: PATA max UDMA/33 cmd 0x1f0 ctl 0x3f6 bmdma 0xd000 irq 14
[    0.967604] ata2: PATA max UDMA/33 cmd 0x170 ctl 0x376 bmdma 0xd008 irq 15
[    0.969461] libphy: Fixed MDIO Bus: probed
[    0.970225] tun: Universal TUN/TAP device driver, 1.6
[    0.971137] tun: (C) 1999-2004 Max Krasnyansky <maxk@qualcomm.com>
[    0.972338] PPP generic driver version 2.4.2
[    0.973350] ehci_hcd: USB 2.0 'Enhanced' Host Controller (EHCI) Driver
[    0.974402] ehci-pci: EHCI PCI platform driver
[    0.975172] ehci-platform: EHCI generic platform driver
[    0.976092] ohci_hcd: USB 1.1 'Open' Host Controller (OHCI) Driver
[    0.977132] ohci-pci: OHCI PCI platform driver
[    0.977905] ohci-platform: OHCI generic platform driver
[    0.978764] uhci_hcd: USB Universal Host Controller Interface driver
[    0.979843] i8042: PNP: PS/2 Controller [PNP0303:PS2K,PNP0f03:PS2M] at 0x60,0x64 irq 1,12
[    0.981840] serio: i8042 KBD port at 0x60,0x64 irq 1
[    0.982701] serio: i8042 AUX port at 0x60,0x64 irq 12
[    0.983634] mousedev: PS/2 mouse device common for all mice
[    0.985120] input: AT Translated Set 2 keyboard as /devices/platform/i8042/serio0/input/input2
[    0.987085] rtc_cmos rtc_cmos: rtc core: registered rtc_cmos as rtc0
[    0.988245] rtc_cmos rtc_cmos: alarms up to one day, 114 bytes nvram
[    0.989351] i2c /dev entries driver
[    0.990220] device-mapper: uevent: version 1.0.3
[    0.991076] device-mapper: ioctl: 4.34.0-ioctl (2015-10-28) initialised: dm-devel@redhat.com
[    0.992553] ledtrig-cpu: registered to indicate activity on CPUs
[    0.994240] NET: Registered protocol family 10
[    0.995285] NET: Registered protocol family 17
[    0.996045] Key type dns_resolver registered
[    0.997045] registered taskstats version 1
[    0.997877] Loading compiled-in X.509 certificates
[    0.999252] Loaded X.509 cert 'Build time autogenerated kernel key: cf00e047681d67edb2720680708b7d9498083038'
[    1.000884] zswap: loaded using pool lzo/zbud
[    1.003566] Key type trusted registered
[    1.007349] Key type encrypted registered
[    1.008115] AppArmor: AppArmor sha1 policy hashing enabled
[    1.009028] ima: No TPM chip found, activating TPM-bypass!
[    1.009921] ima: Allocated hash algorithm: sha1
[    1.010868] evm: HMAC attrs: 0x1
[    1.011870]   Magic number: 13:4:647
[    1.012569] scsi_host host1: hash matches
[    1.013339] scsi host1: hash matches
[    1.014050] acpi LNXCPU:00: hash matches
[    1.015033] rtc_cmos rtc_cmos: setting system clock to 2021-11-05 19:36:19 UTC (1636140979)
[    1.016719] BIOS EDD facility v0.16 2004-Jun-25, 0 devices found
[    1.017658] EDD information not available.
[    1.148990] Freeing unused kernel memory: 1492K
[    1.149954] Write protecting the kernel read-only data: 14336k
[    1.151426] Freeing unused kernel memory: 1584K
[    1.152574] Freeing unused kernel memory: 52K
Loading, please wait...
starting version 229
[    1.163359] random: systemd-udevd: uninitialized urandom read (16 bytes read, 3 bits of entropy available)
[    1.163808] random: udevadm: uninitialized urandom read (16 bytes read, 3 bits of entropy available)
[    1.163824] random: udevadm: uninitialized urandom read (16 bytes read, 3 bits of entropy available)
[    1.169428] random: udevadm: uninitialized urandom read (16 bytes read, 3 bits of entropy available)
[    1.169461] random: udevadm: uninitialized urandom read (16 bytes read, 3 bits of entropy available)
[    1.169550] random: udevadm: uninitialized urandom read (16 bytes read, 3 bits of entropy available)
[    1.169581] random: udevadm: uninitialized urandom read (16 bytes read, 3 bits of entropy available)
[    1.169611] random: udevadm: uninitialized urandom read (16 bytes read, 3 bits of entropy available)
[    1.169641] random: udevadm: uninitialized urandom read (16 bytes read, 3 bits of entropy available)
[    1.169672] random: udevadm: uninitialized urandom read (16 bytes read, 3 bits of entropy available)
[    1.206396] e1000: Intel(R) PRO/1000 Network Driver - version 7.3.21-k8-NAPI
[    1.208184] e1000: Copyright (c) 1999-2006 Intel Corporation.
[    1.209715] Fusion MPT base driver 3.04.20
[    1.210807] Copyright (c) 1999-2008 LSI Corporation
[    1.219393] Fusion MPT SPI Host driver 3.04.20
[    1.224939] AVX2 version of gcm_enc/dec engaged.
[    1.226013] AES CTR mode by8 optimization enabled
[    1.424697] input: ImExPS/2 Generic Explorer Mouse as /devices/platform/i8042/serio1/input/input4
[    1.569176] e1000 0000:00:03.0 eth0: (PCI:33MHz:32-bit) 02:be:82:6b:cc:1d
[    1.570983] e1000 0000:00:03.0 eth0: Intel(R) PRO/1000 Network Connection
[    2.260222] e1000 0000:00:08.0 eth1: (PCI:33MHz:32-bit) 08:00:27:40:c9:71
[    2.261966] e1000 0000:00:08.0 eth1: Intel(R) PRO/1000 Network Connection
[    2.264081] mptbase: ioc0: Initiating bringup
[    2.265746] e1000 0000:00:08.0 enp0s8: renamed from eth1
[    2.280757] e1000 0000:00:03.0 enp0s3: renamed from eth0
[    2.336741] ioc0: LSI53C1030 A0: Capabilities={Initiator}
[    2.499313] scsi host2: ioc0: LSI53C1030 A0, FwRev=00000000h, Ports=1, MaxQ=256, IRQ=20
[    2.613200] scsi 2:0:0:0: Direct-Access     VBOX     HARDDISK         1.0  PQ: 0 ANSI: 5
[    2.615117] scsi target2:0:0: Beginning Domain Validation
[    2.618341] scsi target2:0:0: Domain Validation skipping write tests
[    2.619657] scsi target2:0:0: Ending Domain Validation
[    2.621132] scsi target2:0:0: asynchronous
[    2.631688] scsi 2:0:1:0: Direct-Access     VBOX     HARDDISK         1.0  PQ: 0 ANSI: 5
[    2.633694] scsi target2:0:1: Beginning Domain Validation
[    2.637116] scsi target2:0:1: Domain Validation skipping write tests
[    2.638682] scsi target2:0:1: Ending Domain Validation
[    2.639919] scsi target2:0:1: asynchronous
[    2.647997] sd 2:0:0:0: Attached scsi generic sg0 type 0
[    2.649617] sd 2:0:0:0: [sda] 83886080 512-byte logical blocks: (42.9 GB/40.0 GiB)
[    2.650102] sd 2:0:1:0: [sdb] 20480 512-byte logical blocks: (10.5 MB/10.0 MiB)
[    2.650331] sd 2:0:1:0: [sdb] Write Protect is off
[    2.650506] sd 2:0:1:0: [sdb] Incomplete mode parameter data
[    2.650507] sd 2:0:1:0: [sdb] Assuming drive cache: write through
[    2.653011] sd 2:0:1:0: Attached scsi generic sg1 type 0
[    2.657127] sd 2:0:1:0: [sdb] Attached SCSI disk
[    2.660036] sd 2:0:0:0: [sda] Write Protect is off
[    2.661864] sd 2:0:0:0: [sda] Incomplete mode parameter data
[    2.663152] sd 2:0:0:0: [sda] Assuming drive cache: write through
[    2.666623]  sda: sda1
[    2.668267] sd 2:0:0:0: [sda] Attached SCSI disk
Begin: Loading essential drivers ... [    3.962662] md: linear personality registered for level -1
[    3.965825] md: multipath personality registered for level -4
[    3.968820] md: raid0 personality registered for level 0
[    3.972699] md: raid1 personality registered for level 1
[    4.044581] raid6: sse2x1   gen() 11504 MB/s
[    4.112578] raid6: sse2x1   xor()  7551 MB/s
[    4.180631] raid6: sse2x2   gen() 15944 MB/s
[    4.248544] raid6: sse2x2   xor() 10425 MB/s
[    4.316591] raid6: sse2x4   gen() 17199 MB/s
[    4.384582] raid6: sse2x4   xor() 11104 MB/s
[    4.452574] raid6: avx2x1   gen() 22960 MB/s
[    4.520593] raid6: avx2x2   gen() 30080 MB/s
[    4.588586] raid6: avx2x4   gen() 33500 MB/s
[    4.589637] raid6: using algorithm avx2x4 gen() 33500 MB/s
[    4.590872] raid6: using avx2x2 recovery algorithm
[    4.593694] xor: automatically using best checksumming function:
[    4.632612]    avx       : 24920.000 MB/sec
[    4.634698] async_tx: api initialized (async)
[    4.642599] md: raid6 personality registered for level 6
[    4.644137] md: raid5 personality registered for level 5
[    4.645530] md: raid4 personality registered for level 4
[    4.653030] md: raid10 personality registered for level 10
done.
Begin: Running /scripts/init-premount ... done.
Begin: Mounting root file system ... Begin: Running /scripts/local-top ... done.
Begin: Running /scripts/local-premount ... [    4.679300] Btrfs loaded
Scanning for Btrfs filesystems
done.
Begin: Will now check root file system ... fsck from util-linux 2.27.1
[/sbin/fsck.ext4 (1) -- /dev/sda1] fsck.ext4 -a -C0 /dev/sda1 
cloudimg-rootfs: recovering journal
cloudimg-rootfs: clean, 84005/5120000 files, 913537/10485499 blocks
done.
[    4.843807] EXT4-fs (sda1): mounted filesystem with ordered data mode. Opts: (null)
done.
Begin: Running /scripts/local-bottom ... done.
Begin: Running /scripts/init-bottom ... done.
[    4.938181] systemd[1]: systemd 229 running in system mode. (+PAM +AUDIT +SELINUX +IMA +APPARMOR +SMACK +SYSVINIT +UTMP +LIBCRYPTSETUP +GCRYPT +GNUTLS +ACL +XZ -LZ4 +SECCOMP +BLKID +ELFUTILS +KMOD -IDN)
[    4.942088] systemd[1]: Detected virtualization oracle.
[    4.943877] systemd[1]: Detected architecture x86-64.

Welcome to [1mUbuntu 16.04.7 LTS[0m!

[    4.948297] systemd[1]: Set hostname to <dockerubuntu>.
[    5.085934] systemd[1]: Listening on /dev/initctl Compatibility Named Pipe.
[[0;32m  OK  [0m] Listening on /dev/initctl Compatibility Named Pipe.
[    5.088108] systemd[1]: Created slice User and Session Slice.
[[0;32m  OK  [0m] Created slice User and Session Slice.
[    5.090066] systemd[1]: Listening on LVM2 metadata daemon socket.
[[0;32m  OK  [0m] Listening on LVM2 metadata daemon socket.
[    5.097093] systemd[1]: Listening on LVM2 poll daemon socket.
[[0;32m  OK  [0m] Listening on LVM2 poll daemon socket.
[    5.435372] systemd[1]: Listening on udev Kernel Socket.
[[0;32m  OK  [0m] Listening on udev Kernel Socket.
[    5.573774] systemd[1]: Listening on Journal Socket.
[[0;32m  OK  [0m] Listening on Journal Socket.
[    5.587904] systemd[1]: Listening on Syslog Socket.
[[0;32m  OK  [0m] Listening on Syslog Socket.
[    5.662298] systemd[1]: Reached target Swap.
[[0;32m  OK  [0m] Reached target Swap.
[    5.841937] systemd[1]: Started Trigger resolvconf update for networkd DNS.
[[0;32m  OK  [0m] Started Trigger resolvconf update for networkd DNS.
[    5.870599] systemd[1]: Listening on udev Control Socket.
[[0;32m  OK  [0m] Listening on udev Control Socket.
[    5.908650] systemd[1]: Set up automount Arbitrary Executable File Formats File System Automount Point.
[[0;32m  OK  [0m] Set up automount Arbitrary Executab...ats File System Automount Point.
[    5.911741] systemd[1]: Listening on fsck to fsckd communication Socket.
[[0;32m  OK  [0m] Listening on fsck to fsckd communication Socket.
[    5.965870] systemd[1]: Created slice System Slice.
[[0;32m  OK  [0m] Created slice System Slice.
[    6.032649] systemd[1]: Starting Nameserver information manager...
         Starting Nameserver information manager...
[    6.034664] systemd[1]: Reached target Slices.
[[0;32m  OK  [0m] Reached target Slices.
[    6.036854] systemd[1]: Mounting Huge Pages File System...
         Mounting Huge Pages File System...
[    6.042611] systemd[1]: Created slice system-serial\x2dgetty.slice.
[[0;32m  OK  [0m] Created slice system-serial\x2dgetty.slice.
[    6.053892] systemd[1]: Starting Uncomplicated firewall...
         Starting Uncomplicated firewall...
[    6.055840] systemd[1]: Mounting Debug File System...
         Mounting Debug File System...
[    6.058406] systemd[1]: Starting Set console keymap...
         Starting Set console keymap...
[    6.066071] systemd[1]: Starting Create list of required static device nodes for the current kernel...
         Starting Create list of required st... nodes for the current kernel...
[    6.076757] systemd[1]: Reached target System Time Synchronized.
[[0;32m  OK  [0m] Reached target System Time Synchronized.
[    6.086891] systemd[1]: Starting Load Kernel Modules...
         Starting Load Kernel Modules...
[    6.089022] systemd[1]: Listening on Journal Audit Socket.
[[0;32m  OK  [0m] Listening on Journal Audit Socket.
[    6.095716] Loading iSCSI transport class v2.0-870.
[    6.097028] systemd[1]: Listening on Journal Socket (/dev/log).
[[0;32m  OK  [0m] Listening on Journal Socket (/dev/log).
[    6.099794] systemd[1]: Reached target Encrypted Volumes.
[[0;32m  OK  [0m] Reached target Encrypted Volumes.
[    6.102157] systemd[1]: Starting Journal Service...
         Starting Journal Service...
[    6.105379] iscsi: registered transport (tcp)
[    6.106004] systemd[1]: Starting Remount Root and Kernel File Systems...
         Starting Remount Root and Kernel File Systems...
[    6.108862] systemd[1]: Listening on Device-mapper event daemon FIFOs.
[[0;32m  OK  [0m] Listening on Device-mapper event daemon FIFOs.
[    6.111330] systemd[1]: Reached target User and Group Name Lookups.
[    6.115611] EXT4-fs (sda1): re-mounted. Opts: (null)
[[0;32m  OK  [0m] Reached target User and Group Name Lookups.
[    6.118360] systemd[1]: Starting Monitoring of LVM2 mirrors, snapshots etc. using dmeventd or progress polling...
         Starting Monitoring of LVM2 mirrors... dmeventd or progress polling...
[    6.125526] systemd[1]: Mounting POSIX Message Queue File System...
         Mounting POSIX Message Queue File System...
[    6.127953] systemd[1]: Started Forward Password Requests to Wall Directory Watch.
[[0;32m  OK  [0m] Started Forward Password Requests to Wall Directory Watch.
[    6.131942] systemd[1]: Mounted Huge Pages File System.
[[0;32m  OK  [0m] Mounted Huge Pages File System.
[    6.136658] systemd[1]: Mounted POSIX Message Queue File System.
[[0;32m  OK  [0m] Mounted POSIX Message Queue File System.
[    6.140577] systemd[1]: Mounted Debug File System.
[[0;32m  OK  [0m] Mounted Debug File System.
[    6.144680] systemd[1]: Started Uncomplicated firewall.
[[0;32m  OK  [0m] Started Uncomplicated firewall.
[    6.151855] systemd[1]: Started Set console keymap.
[[0;32m  OK  [0m] Started Set console keymap.
[    6.154422] systemd[1]: Started Create list of required static device nodes for the current kernel.
[[0;32m  OK  [0m] Started Create list of required sta...ce nodes for the current kernel.
[    6.157886] systemd[1]: Started Remount Root and Kernel File Systems.
[[0;32m  OK  [0m] Started Remount Root and Kernel File Systems.
[    6.160325] systemd[1]: Started Nameserver information manager.
[[0;32m  OK  [0m] Started Nameserver information manager.
[    6.167147] systemd[1]: Started Journal Service.
[[0;32m  OK  [0m] Started Journal Service.
[[0;32m  OK  [0m] Started LVM2 metadata daemon.

    6.171237] iscsi: registered transport (iser)
         Starting Flush Journal to Persistent Storage...
         Starting Load/Save Random Seed...
         Starting udev Coldplug all Devices...
         Starting Create Static Device Nodes in /dev...
[[0;32m  OK  [0m] Started Load Kernel Modules.
[[0;32m  OK  [0m] Started Load/Save Random Seed.
[    6.190991] random: nonblocking pool is initialized
         Starting Apply Kernel Variables...
         Mounting FUSE Control File System...
[[0;32m  OK  [0m] Mounted FUSE Control File System.
[    6.202934] systemd-journald[398]: Received request to flush runtime journal from PID 1
[[0;32m  OK  [0m] Started Flush Journal to Persistent Storage.
[[0;32m  OK  [0m] Started Apply Kernel Variables.
[[0;32m  OK  [0m] Started Create Static Device Nodes in /dev.
         Starting udev Kernel Device Manager...
[[0;32m  OK  [0m] Started udev Coldplug all Devices.
[[0;32m  OK  [0m] Started udev Kernel Device Manager.
[[0;32m  OK  [0m] Started Dispatch Password Requests to Console Directory Watch.
[[0;32m  OK  [0m] Found device /dev/ttyS0.
[[0;32m  OK  [0m] Listening on Load/Save RF Kill Switch Status /dev/rfkill Watch.
[[0;32m  OK  [0m] Found device 82540EM Gigabit Ethern...r (PRO/1000 MT Desktop Adapter).
[[0;32m  OK  [0m] Started Monitoring of LVM2 mirrors,...ng dmeventd or progress polling.
[[0;32m  OK  [0m] Found device 82540EM Gigabit Ethern...r (PRO/1000 MT Desktop Adapter).
[[0;32m  OK  [0m] Reached target Local File Systems (Pre).
[[0;32m  OK  [0m] Reached target Local File Systems.
         Starting Create Volatile Files and Directories...
         Starting LSB: AppArmor initialization...
         Starting Tell Plymouth To Write Out Runtime Data...
         Starting Initial cloud-init job (pre-networking)...
         Starting Set console font and keymap...
[[0;32m  OK  [0m] Started Create Volatile Files and Directories.
[[0;32m  OK  [0m] Started Tell Plymouth To Write Out Runtime Data.
         Starting Update UTMP about System Boot/Shutdown...
[[0;32m  OK  [0m] Started Update UTMP about System Boot/Shutdown.
[[0;32m  OK  [0m] Started LSB: AppArmor initialization.
         Starting Load AppArmor profiles managed internally by snapd...
[[0;32m  OK  [0m] Started Load AppArmor profiles managed internally by snapd.
[[0;32m  OK  [0m] Started Set console font and keymap.
[[0;32m  OK  [0m] Created slice system-getty.slice.
[    7.373042] cloud-init[644]: Cloud-init v. 21.1-19-gbad84ad4-0ubuntu1~16.04.2 running 'init-local' at Fri, 05 Nov 2021 19:36:25 +0000. Up 7.17 seconds.
[[0;32m  OK  [0m] Started Initial cloud-init job (pre-networking).
[[0;32m  OK  [0m] Reached target Network (Pre).
[[0;32m  OK  [0m] Started ifup for enp0s8.
         Starting Raise network interfaces...
[[0;32m  OK  [0m] Started ifup for enp0s3.
[[0;32m  OK  [0m] Started Raise network interfaces.
[[0;32m  OK  [0m] Reached target Network.
         Starting Initial cloud-init job (metadata service crawler)...
[    8.011124] cloud-init[1080]: Cloud-init v. 21.1-19-gbad84ad4-0ubuntu1~16.04.2 running 'init' at Fri, 05 Nov 2021 19:36:26 +0000. Up 7.83 seconds.
[    8.020336] cloud-init[1080]: ci-info: ++++++++++++++++++++++++++++++++++++++Net device info+++++++++++++++++++++++++++++++++++++++
[    8.028306] cloud-init[1080]: ci-info: +--------+------+-----------------------------+---------------+--------+-------------------+
[    8.040323] cloud-init[1080]: ci-info: | Device |  Up  |           Address           |      Mask     | Scope  |     Hw-Address    |
[    8.052590] cloud-init[1080]: ci-info: +--------+------+-----------------------------+---------------+--------+-------------------+
[[0;32m  OK  [0m] Started Initial cloud-init job (metadata service crawler).
[    8.052757] cloud-init[1080]: ci-info: | enp0s3 | True |          10.0.2.15          | 255.255.255.0 | global | 02:be:82:6b:cc:1d |
[    8.072416] cloud-init[1080]: ci-info: | enp0s3 | True |  fe80::be:82ff:fe6b:cc1d/64 |       .       |  link  | 02:be:82:6b:cc:1d |
[    8.072570] cloud-init[1080]: [ci-info: | enp0s8 | True |         172.28.128.7        | 255.255.255.0 | global | 08:00:27:40:c9:71 |[0;32m  OK  [0m
] Reached target Cloud-config availability.
[    8.072610] cloud-init[1080]: ci-info: | enp0s8 | True | fe80::a00:27ff:fe40:c971/64 |       .       |  link  | 08:00:27:40:c9:71 |
[[0;32m  OK  [0m] Reached target System Initialization.
[[    8.081023] [0;32m  OK  [0mcloud-init] [1080]: Listening on ACPID Listen Socket.ci-info: |   lo   | True |          127.0.0.1          |   255.0.0.0   |  host  |         .         |

[    8.100457] cloud-init[1080]: ci-info: |   lo   | True |           ::1/128           |       .       |  host  |         .         |
[    8.100611] cloud-init[1080]: ci-info: +--------+------+-----------------------------+---------------+--------+-------------------+
[    8.100638] cloud-init[1080]: ci-info: ++++++++++++++++++++++++++++Route IPv4 info++++++++++++++++++++++++++++
[    8.100661] cloud-init[1080]: ci-info: +-------+--------------+----------+---------------+-----------+-------+
[    8.100684] cloud-init[1080]: ci-info: | Route | Destination  | Gateway  |    Genmask    | Interface | Flags |
[    8.100706] cloud-init[1080]: ci-info: +-------+--------------+----------+---------------+-----------+-------+
[    8.100749] cloud-init[1080]: ci-info: |   0   |   0.0.0.0    | 10.0.2.2 |    0.0.0.0    |   enp0s3  |   UG  |
[    8.100778] cloud-init[1080]: ci-info: |   1   |   10.0.2.0   | 0.0.0.0  | 255.255.255.0 |   enp0s3  |   U   |
[    8.101140] cloud-init[1080]: ci-info: |   2   | 172.28.128.0 | 0.0.0.0  | 255.255.255.0 |   enp0s8  |   U   |
[[0;32m  OK  [0m] Started Ubuntu Advantage update messaging.
[[    8.101620] [0;32m  OK  [0mcloud-init] [1080]: Started Message of the Day.ci-info: +-------+--------------+----------+---------------+-----------+-------+

[    8.121074] cloud-init[1080]: ci-info: +++++++++++++++++++Route IPv6 info+++++++++++++++++++
[    8.121297] cloud-init[1080]: ci-info: +-------+-------------+---------+-----------+-------+
[    8.121424] cloud-init[1080]: ci-info: | Route | Destination | Gateway | Interface | Flags |
         Starting Docker Socket for the API.
[[    8.121888] [0;32m  OK  [0mcloud-init] [1080]: Started Daily Cleanup of Temporary Directories.ci-info: +-------+-------------+---------+-----------+-------+

[    8.136528] cloud-init[1080]: ci-info: |   0   |  fe80::/64  |    ::   |   enp0s8  |   U   |
[    8.136698] cloud-init[1080]: ci-info: |   1   |  fe80::/64  |    ::   |   enp0s3  |   U   |
[[0;32m  OK  [0m] Started ACPI Events Check.
[    8.136793] cloud-init[1080]: ci-info: |   4   |   ff00::/8  |    ::   |   enp0s8  |   U   |
[    8.138448] cloud-init[[1080]: [0;32m  OK  [0mci-info: |   5   |   ff00::/8  |    ::   |   enp0s3  |   U   |] 
Reached target Paths.
[    8.138725] cloud-init[1080]: ci-info: +-------+-------------+---------+-----------+-------+
         Starting LXD - unix socket.
[[0;32m  OK  [0m] Listening on UUID daemon activation socket.
[[0;32m  OK  [0m] Started Daily apt download activities.
[[0;32m  OK  [0m] Started Daily apt upgrade and clean activities.
[[0;32m  OK  [0m] Reached target Timers.
         Starting Socket activation for snappy daemon.
[[0;32m  OK  [0m] Listening on D-Bus System Message Bus Socket.
[[0;32m  OK  [0m] Reached target Network is Online.
         Starting iSCSI initiator daemon (iscsid)...
[[0;32m  OK  [0m] Listening on Docker Socket for the API.
[[0;32m  OK  [0m] Listening on LXD - unix socket.
[[0;32m  OK  [0m] Listening on Socket activation for snappy daemon.
[[0;32m  OK  [0m] Reached target Sockets.
[[0;32m  OK  [0m] Reached target Basic System.
         Starting LSB: Record successful boot for GRUB...
[[0;32m  OK  [0m] Started ACPI event daemon.
         Starting Accounts Service...
[[0;32m  OK  [0m] Started Deferred execution scheduler.
         Starting Login Service...
         Starting System Logging Service...
         Starting OpenBSD Secure Shell server...
         Starting Ubuntu Advantage APT and MOTD Messages...
         Starting LXD - container startup/shutdown...
         Starting Snap Daemon...
[[0;32m  OK  [0m] Started FUSE filesystem for LXC.
         Starting Message of the Day...
[[0;32m  OK  [0m] Started D-Bus System Message Bus.
         Starting LSB: MD monitoring daemon...
         Starting /etc/rc.local Compatibility...
         Starting Virtualbox guest utils...
         Starting containerd container runtime...
[[0;32m  OK  [0m] Started Regular background program processing daemon.
[[0;32m  OK  [0m] Started System Logging Service.
[[0;32m  OK  [0m] Started iSCSI initiator daemon (iscsid).
[[0;32m  OK  [0m] Started Message of the Day.
[[0;32m  OK  [0m] Started /etc/rc.local Compatibility.
[[0;32m  OK  [0m] Started OpenBSD Secure Shell server.
         Starting Authenticate and Authorize Users to Run Privileged Tasks...
         Starting Login to default iSCSI targets...
[[0;32m  OK  [0m] Started LSB: Record successful boot for GRUB.
[[0;32m  OK  [0m] Started LXD - container startup/shutdown.
[[0;32m  OK  [0m] Started Login Service.
[[0;32m  OK  [0m] Started Unattended Upgrades Shutdown.
[[0;32m  OK  [0m] Started LSB: MD monitoring daemon.
[[0;32m  OK  [0m] Started Authenticate and Authorize Users to Run Privileged Tasks.
[[0;32m  OK  [0m] Started Accounts Service.
[[0;32m  OK  [0m] Started Virtualbox guest utils.
[[0;32m  OK  [0m] Started Login to default iSCSI targets.
[[0;32m  OK  [0m] Reached target Remote File Systems (Pre).
         Mounting /vagrant...
[[0;32m  OK  [0m] Mounted /vagrant.
[[0;32m  OK  [0m] Reached target Remote File Systems.
         Starting Permit User Sessions...
         Starting LSB: Set the CPU Frequency Scaling governor to "ondemand"...
         Starting LSB: daemon to balance interrupts for SMP systems...
         Starting LSB: automatic crash report generation...
[[0;32m  OK  [0m] Started Permit User Sessions.
         Starting Hold until boot process finishes up...
         Starting Terminate Plymouth Boot Screen...
[[0;32m  OK  [0m] Started Snap Daemon.
[[0;32m  OK  [0m] Started Hold until boot process finishes up.
[[0;32m  OK  [0m] Started Serial Getty on ttyS0.
[[0;32m  OK  [0m] Started Getty on tty1.
[[0;32m  OK  [0m] Reached target Login Prompts.
         Starting Set console scheme...
         Starting Wait until snapd is fully seeded...
[[0;32m  OK  [0m] Started LSB: Set the CPU Frequency Scaling governor to "ondemand".
[[0;32m  OK  [0m] Started LSB: daemon to balance interrupts for SMP systems.
[[0;32m  OK  [0m] Started LSB: automatic crash report generation.
[[0;32m  OK  [0m] Started Terminate Plymouth Boot Screen.
[[0;32m  OK  [0m] Started Set console scheme.
[[0;32m  OK  [0m] Started Wait until snapd is fully seeded.
         Starting Apply the settings specified in cloud-config...
[[0;32m  OK  [0m] Started Ubuntu Advantage APT and MOTD Messages.
[[0;32m  OK  [0m] Started containerd container runtime.
         Starting Docker Application Container Engine...
[    9.316683] cloud-init[1355]: Cloud-init v. 21.1-19-gbad84ad4-0ubuntu1~16.04.2 running 'modules:config' at Fri, 05 Nov 2021 19:36:27 +0000. Up 9.16 seconds.
[[0;32m  OK  [0m] Started Apply the settings specified in cloud-config.
[[0;32m  OK  [0m] Started Docker Application Container Engine.
[[0;32m  OK  [0m] Reached target Multi-User System.
[[0;32m  OK  [0m] Reached target Graphical Interface.
         Starting Update UTMP about System Runlevel Changes...
         Starting Execute cloud user/final scripts...
[[0;32m  OK  [0m] Started Update UTMP about System Runlevel Changes.
[   10.598676] cloud-init[1658]: Cloud-init v. 21.1-19-gbad84ad4-0ubuntu1~16.04.2 running 'modules:final' at Fri, 05 Nov 2021 19:36:29 +0000. Up 10.51 seconds.
[   10.599658] cloud-init[1658]: Cloud-init v. 21.1-19-gbad84ad4-0ubuntu1~16.04.2 finished at Fri, 05 Nov 2021 19:36:29 +0000. Datasource DataSourceNoCloud [seed=/dev/sdb][dsmode=net].  Up 10.59 seconds
[[0;32m  OK  [0m] Started Execute cloud user/final scripts.
[[0;32m  OK  [0m] Reached target Cloud-init target.
         Starting Daily apt download activities...
[[0;32m  OK  [0m] Created slice User Slice of vagrant.
         Starting User Manager for UID 1000...
[[0;32m  OK  [0m] Started Session 1 of user vagrant.
[[0;32m  OK  [0m] Started User Manager for UID 1000.

Ubuntu 16.04.7 LTS dockerubuntu ttyS0

dockerubuntu login: 