[    0.000000] Initializing cgroup subsys cpuset
[    0.000000] Initializing cgroup subsys cpu
[    0.000000] Initializing cgroup subsys cpuacct
[    0.000000] Linux version 4.4.0-210-generic (buildd@lgw01-amd64-009) (gcc version 5.4.0 20160609 (Ubuntu 5.4.0-6ubuntu1~16.04.12) ) #242-Ubuntu SMP Fri Apr 16 09:57:56 UTC 2021 (Ubuntu 4.4.0-210.242-generic 4.4.262)
[    0.000000] Command line: BOOT_IMAGE=/boot/vmlinuz-4.4.0-210-generic root=LABEL=cloudimg-rootfs ro console=tty1 console=ttyS0
[    0.000000] KERNEL supported cpus:
[    0.000000]   Intel GenuineIntel
[    0.000000]   AMD AuthenticAMD
[    0.000000]   Centaur CentaurHauls
[    0.000000] x86/fpu: xstate_offset[2]:  576, xstate_sizes[2]:  256
[    0.000000] x86/fpu: Supporting XSAVE feature 0x01: 'x87 floating point registers'
[    0.000000] x86/fpu: Supporting XSAVE feature 0x02: 'SSE registers'
[    0.000000] x86/fpu: Supporting XSAVE feature 0x04: 'AVX registers'
[    0.000000] x86/fpu: Enabled xstate features 0x7, context size is 832 bytes, using 'standard' format.
[    0.000000] e820: BIOS-provided physical RAM map:
[    0.000000] BIOS-e820: [mem 0x0000000000000000-0x000000000009fbff] usable
[    0.000000] BIOS-e820: [mem 0x000000000009fc00-0x000000000009ffff] reserved
[    0.000000] BIOS-e820: [mem 0x00000000000f0000-0x00000000000fffff] reserved
[    0.000000] BIOS-e820: [mem 0x0000000000100000-0x000000003ffeffff] usable
[    0.000000] BIOS-e820: [mem 0x000000003fff0000-0x000000003fffffff] ACPI data
[    0.000000] BIOS-e820: [mem 0x00000000fec00000-0x00000000fec00fff] reserved
[    0.000000] BIOS-e820: [mem 0x00000000fee00000-0x00000000fee00fff] reserved
[    0.000000] BIOS-e820: [mem 0x00000000fffc0000-0x00000000ffffffff] reserved
[    0.000000] NX (Execute Disable) protection: active
[    0.000000] SMBIOS 2.5 present.
[    0.000000] Hypervisor detected: KVM
[    0.000000] Kernel/User page tables isolation: disabled
[    0.000000] e820: last_pfn = 0x3fff0 max_arch_pfn = 0x400000000
[    0.000000] MTRR: Disabled
[    0.000000] x86/PAT: MTRRs disabled, skipping PAT initialization too.
[    0.000000] CPU MTRRs all blank - virtualized system.
[    0.000000] x86/PAT: Configuration [0-7]: WB  WT  UC- UC  WB  WT  UC- UC  
[    0.000000] found SMP MP-table at [mem 0x0009fff0-0x0009ffff] mapped at [ffff88000009fff0]
[    0.000000] Scanning 1 areas for low memory corruption
[    0.000000] RAMDISK: [mem 0x362dc000-0x37165fff]
[    0.000000] ACPI: Early table checksum verification disabled
[    0.000000] ACPI: RSDP 0x00000000000E0000 000024 (v02 VBOX  )
[    0.000000] ACPI: XSDT 0x000000003FFF0030 00003C (v01 VBOX   VBOXXSDT 00000001 ASL  00000061)
[    0.000000] ACPI: FACP 0x000000003FFF00F0 0000F4 (v04 VBOX   VBOXFACP 00000001 ASL  00000061)
[    0.000000] ACPI: DSDT 0x000000003FFF0470 002325 (v02 VBOX   VBOXBIOS 00000002 INTL 20100528)
[    0.000000] ACPI: FACS 0x000000003FFF0200 000040
[    0.000000] ACPI: FACS 0x000000003FFF0200 000040
[    0.000000] ACPI: APIC 0x000000003FFF0240 000054 (v02 VBOX   VBOXAPIC 00000001 ASL  00000061)
[    0.000000] ACPI: SSDT 0x000000003FFF02A0 0001CC (v01 VBOX   VBOXCPUT 00000002 INTL 20100528)
[    0.000000] No NUMA configuration found
[    0.000000] Faking a node at [mem 0x0000000000000000-0x000000003ffeffff]
[    0.000000] NODE_DATA(0) allocated [mem 0x3ffeb000-0x3ffeffff]
[    0.000000] kvm-clock: Using msrs 4b564d01 and 4b564d00
[    0.000000] kvm-clock: cpu 0, msr 0:3ffe3001, primary cpu clock
[    0.000000] kvm-clock: using sched offset of 3212205012 cycles
[    0.000000] clocksource: kvm-clock: mask: 0xffffffffffffffff max_cycles: 0x1cd42e4dffb, max_idle_ns: 881590591483 ns
[    0.000000] Zone ranges:
[    0.000000]   DMA      [mem 0x0000000000001000-0x0000000000ffffff]
[    0.000000]   DMA32    [mem 0x0000000001000000-0x000000003ffeffff]
[    0.000000]   Normal   empty
[    0.000000]   Device   empty
[    0.000000] Movable zone start for each node
[    0.000000] Early memory node ranges
[    0.000000]   node   0: [mem 0x0000000000001000-0x000000000009efff]
[    0.000000]   node   0: [mem 0x0000000000100000-0x000000003ffeffff]
[    0.000000] Initmem setup node 0 [mem 0x0000000000001000-0x000000003ffeffff]
[    0.000000] ACPI: PM-Timer IO Port: 0x4008
[    0.000000] IOAPIC[0]: apic_id 1, version 32, address 0xfec00000, GSI 0-23
[    0.000000] ACPI: INT_SRC_OVR (bus 0 bus_irq 0 global_irq 2 dfl dfl)
[    0.000000] ACPI: INT_SRC_OVR (bus 0 bus_irq 9 global_irq 9 low level)
[    0.000000] Using ACPI (MADT) for SMP configuration information
[    0.000000] smpboot: Allowing 1 CPUs, 0 hotplug CPUs
[    0.000000] PM: Registered nosave memory: [mem 0x00000000-0x00000fff]
[    0.000000] PM: Registered nosave memory: [mem 0x0009f000-0x0009ffff]
[    0.000000] PM: Registered nosave memory: [mem 0x000a0000-0x000effff]
[    0.000000] PM: Registered nosave memory: [mem 0x000f0000-0x000fffff]
[    0.000000] e820: [mem 0x40000000-0xfebfffff] available for PCI devices
[    0.000000] Booting paravirtualized kernel on KVM
[    0.000000] clocksource: refined-jiffies: mask: 0xffffffff max_cycles: 0xffffffff, max_idle_ns: 7645519600211568 ns
[    0.000000] setup_percpu: NR_CPUS:512 nr_cpumask_bits:512 nr_cpu_ids:1 nr_node_ids:1
[    0.000000] PERCPU: Embedded 33 pages/cpu @ffff88003fc00000 s95192 r8192 d31784 u2097152
[    0.000000] Built 1 zonelists in Node order, mobility grouping on.  Total pages: 257912
[    0.000000] Policy zone: DMA32
[    0.000000] Kernel command line: BOOT_IMAGE=/boot/vmlinuz-4.4.0-210-generic root=LABEL=cloudimg-rootfs ro console=tty1 console=ttyS0
[    0.000000] PID hash table entries: 4096 (order: 3, 32768 bytes)
[    0.000000] Memory: 997924K/1048120K available (8644K kernel code, 1332K rwdata, 4044K rodata, 1492K init, 1164K bss, 50196K reserved, 0K cma-reserved)
[    0.000000] SLUB: HWalign=64, Order=0-3, MinObjects=0, CPUs=1, Nodes=1
[    0.000000] Hierarchical RCU implementation.
[    0.000000] 	Build-time adjustment of leaf fanout to 64.
[    0.000000] 	RCU restricting CPUs from NR_CPUS=512 to nr_cpu_ids=1.
[    0.000000] RCU: Adjusting geometry for rcu_fanout_leaf=64, nr_cpu_ids=1
[    0.000000] NR_IRQS:33024 nr_irqs:256 16
[    0.000000] Console: colour VGA+ 80x25
[    0.000000] console [tty1] enabled
[    0.000000] console [ttyS0] enabled
[    0.000000] tsc: Detected 2904.002 MHz processor
[    0.131418] Calibrating delay loop (skipped) preset value.. 5808.00 BogoMIPS (lpj=11616008)
[    0.133793] pid_max: default: 32768 minimum: 301
[    0.134758] ACPI: Core revision 20150930
[    0.136238] ACPI: 2 ACPI AML tables successfully acquired and loaded
[    0.137513] Security Framework initialized
[    0.138260] Yama: becoming mindful.
[    0.138917] AppArmor: AppArmor initialized
[    0.139741] Dentry cache hash table entries: 131072 (order: 8, 1048576 bytes)
[    0.140975] Inode-cache hash table entries: 65536 (order: 7, 524288 bytes)
[    0.142666] Mount-cache hash table entries: 2048 (order: 2, 16384 bytes)
[    0.143727] Mountpoint-cache hash table entries: 2048 (order: 2, 16384 bytes)
[    0.144904] Initializing cgroup subsys io
[    0.145848] Initializing cgroup subsys memory
[    0.146737] Initializing cgroup subsys devices
[    0.147564] Initializing cgroup subsys freezer
[    0.148343] Initializing cgroup subsys net_cls
[    0.149104] Initializing cgroup subsys perf_event
[    0.150213] Initializing cgroup subsys net_prio
[    0.150973] Initializing cgroup subsys hugetlb
[    0.151783] Initializing cgroup subsys pids
[    0.153635] mce: CPU supports 0 MCE banks
[    0.155110] process: using mwait in idle threads
[    0.155953] Last level iTLB entries: 4KB 128, 2MB 8, 4MB 8
[    0.156797] Last level dTLB entries: 4KB 64, 2MB 0, 4MB 0, 1GB 4
[    0.157925] Spectre V1 : Mitigation: usercopy/swapgs barriers and __user pointer sanitization
[    0.159843] Spectre V2 : Mitigation: Full generic retpoline
[    0.160718] Spectre V2 : Spectre v2 / SpectreRSB mitigation: Filling RSB on context switch
[    0.162111] Speculative Store Bypass: Vulnerable
[    0.163283] SRBDS: Mitigation: TSX disabled
[    0.182080] Freeing SMP alternatives memory: 36K
[    0.189048] ftrace: allocating 32380 entries in 127 pages
[    0.245551] smpboot: APIC(0) Converting physical 0 to logical package 0
[    0.246650] smpboot: Max logical packages: 1
[    0.247709] x2apic enabled
[    0.248435] Switched APIC routing to physical x2apic.
[    0.250299] ..TIMER: vector=0x30 apic1=0 pin1=2 apic2=-1 pin2=-1
[    0.359405] smpboot: CPU0: Intel(R) Core(TM) i5-9400F CPU @ 2.90GHz (family: 0x6, model: 0x9e, stepping: 0xd)
[    0.361142] Performance Events: unsupported p6 CPU model 158 no PMU driver, software events only.
[    0.369770] KVM setup paravirtual spinlock
[    0.371125] x86: Booted up 1 node, 1 CPUs
[    0.371897] smpboot: Total of 1 processors activated (5808.00 BogoMIPS)
[    0.373094] devtmpfs: initialized
[    0.375313] evm: security.selinux
[    0.376000] evm: security.SMACK64
[    0.376790] evm: security.SMACK64EXEC
[    0.377430] evm: security.SMACK64TRANSMUTE
[    0.378106] evm: security.SMACK64MMAP
[    0.378980] evm: security.ima
[    0.379738] evm: security.capability
[    0.380629] clocksource: jiffies: mask: 0xffffffff max_cycles: 0xffffffff, max_idle_ns: 7645041785100000 ns
[    0.382299] futex hash table entries: 256 (order: 2, 16384 bytes)
[    0.383628] pinctrl core: initialized pinctrl subsystem
[    0.384697] RTC time: 21:11:41, date: 10/23/21
[    0.385526] NET: Registered protocol family 16
[    0.386359] cpuidle: using governor ladder
[    0.387087] cpuidle: using governor menu
[    0.387917] PCCT header not found.
[    0.388783] ACPI: bus type PCI registered
[    0.389490] acpiphp: ACPI Hot Plug PCI Controller Driver version: 0.5
[    0.390547] PCI: Using configuration type 1 for base access
[    0.393224] ACPI: Added _OSI(Module Device)
[    0.393948] ACPI: Added _OSI(Processor Device)
[    0.394665] ACPI: Added _OSI(3.0 _SCP Extensions)
[    0.395588] ACPI: Added _OSI(Processor Aggregator Device)
[    0.397008] ACPI: Executed 1 blocks of module-level executable AML code
[    0.399758] ACPI: Interpreter enabled
[    0.400509] ACPI: (supports S0 S5)
[    0.401159] ACPI: Using IOAPIC for interrupt routing
[    0.402132] PCI: Using host bridge windows from ACPI; if necessary, use "pci=nocrs" and report a bug
[    0.406415] ACPI: PCI Root Bridge [PCI0] (domain 0000 [bus 00-ff])
[    0.407362] acpi PNP0A03:00: _OSC: OS supports [ASPM ClockPM Segments MSI]
[    0.408760] acpi PNP0A03:00: _OSC: not requesting OS control; OS requires [ExtendedConfig ASPM ClockPM MSI]
[    0.410576] acpi PNP0A03:00: fail to add MMCONFIG information, can't access extended PCI configuration space under this bridge.
[    0.412974] PCI host bridge to bus 0000:00
[    0.414112] pci_bus 0000:00: root bus resource [io  0x0000-0x0cf7 window]
[    0.415225] pci_bus 0000:00: root bus resource [io  0x0d00-0xffff window]
[    0.416247] pci_bus 0000:00: root bus resource [mem 0x000a0000-0x000bffff window]
[    0.417879] pci_bus 0000:00: root bus resource [mem 0x40000000-0xfdffffff window]
[    0.419167] pci_bus 0000:00: root bus resource [bus 00-ff]
[    0.421813] pci 0000:00:01.1: legacy IDE quirk: reg 0x10: [io  0x01f0-0x01f7]
[    0.422879] pci 0000:00:01.1: legacy IDE quirk: reg 0x14: [io  0x03f6]
[    0.423905] pci 0000:00:01.1: legacy IDE quirk: reg 0x18: [io  0x0170-0x0177]
[    0.425059] pci 0000:00:01.1: legacy IDE quirk: reg 0x1c: [io  0x0376]
[    0.437374] pci 0000:00:07.0: quirk: [io  0x4000-0x403f] claimed by PIIX4 ACPI
[    0.447081] pci 0000:00:07.0: quirk: [io  0x4100-0x410f] claimed by PIIX4 SMB
[    0.455966] ACPI: PCI Interrupt Link [LNKA] (IRQs 5 9 10 *11)
[    0.457352] ACPI: PCI Interrupt Link [LNKB] (IRQs 5 9 *10 11)
[    0.459034] ACPI: PCI Interrupt Link [LNKC] (IRQs 5 *9 10 11)
[    0.460518] ACPI: PCI Interrupt Link [LNKD] (IRQs 5 9 10 *11)
[    0.461813] ACPI: Enabled 2 GPEs in block 00 to 07
[    0.463028] vgaarb: setting as boot device: PCI:0000:00:02.0
[    0.464053] vgaarb: device added: PCI:0000:00:02.0,decodes=io+mem,owns=io+mem,locks=none
[    0.465424] vgaarb: loaded
[    0.465994] vgaarb: bridge control possible 0000:00:02.0
[    0.467107] SCSI subsystem initialized
[    0.468046] ACPI: bus type USB registered
[    0.468743] usbcore: registered new interface driver usbfs
[    0.469589] usbcore: registered new interface driver hub
[    0.470470] usbcore: registered new device driver usb
[    0.471575] PCI: Using ACPI for IRQ routing
[    0.472552] NetLabel: Initializing
[    0.473189] NetLabel:  domain hash size = 128
[    0.473924] NetLabel:  protocols = UNLABELED CIPSOv4
[    0.474825] NetLabel:  unlabeled traffic allowed by default
[    0.475988] amd_nb: Cannot enumerate AMD northbridges
[    0.476824] clocksource: Switched to clocksource kvm-clock
[    0.481805] AppArmor: AppArmor Filesystem Enabled
[    0.482694] pnp: PnP ACPI init
[    0.484012] pnp: PnP ACPI: found 3 devices
[    0.490189] clocksource: acpi_pm: mask: 0xffffff max_cycles: 0xffffff, max_idle_ns: 2085701024 ns
[    0.491902] NET: Registered protocol family 2
[    0.492956] TCP established hash table entries: 8192 (order: 4, 65536 bytes)
[    0.494064] TCP bind hash table entries: 8192 (order: 5, 131072 bytes)
[    0.495047] TCP: Hash tables configured (established 8192 bind 8192)
[    0.496181] UDP hash table entries: 512 (order: 2, 16384 bytes)
[    0.497173] UDP-Lite hash table entries: 512 (order: 2, 16384 bytes)
[    0.498291] NET: Registered protocol family 1
[    0.499039] pci 0000:00:00.0: Limiting direct PCI/PCI transfers
[    0.500081] pci 0000:00:01.0: Activating ISA DMA hang workarounds
[    0.501285] Unpacking initramfs...
[    0.696172] Freeing initrd memory: 14888K
[    0.697062] clocksource: tsc: mask: 0xffffffffffffffff max_cycles: 0x29dc079b5d9, max_idle_ns: 440795223751 ns
[    0.698985] platform rtc_cmos: registered platform RTC device (no PNP device found)
[    0.700329] Scanning for low memory corruption every 60 seconds
[    0.701654] audit: initializing netlink subsys (disabled)
[    0.702497] audit: type=2000 audit(1635023506.874:1): initialized
[    0.703618] Initialise system trusted keyring
[    0.704611] HugeTLB registered 2 MB page size, pre-allocated 0 pages
[    0.706622] zbud: loaded
[    0.707392] VFS: Disk quotas dquot_6.6.0
[    0.708068] VFS: Dquot-cache hash table entries: 512 (order 0, 4096 bytes)
[    0.709866] squashfs: version 4.0 (2009/01/31) Phillip Lougher
[    0.711059] fuse init (API version 7.23)
[    0.711850] Key type big_key registered
[    0.712575] Allocating IMA MOK and blacklist keyrings.
[    0.713682] Key type asymmetric registered
[    0.714384] Asymmetric key parser 'x509' registered
[    0.715316] Block layer SCSI generic (bsg) driver version 0.4 loaded (major 249)
[    0.716727] io scheduler noop registered
[    0.717538] io scheduler deadline registered (default)
[    0.718406] io scheduler cfq registered
[    0.719145] pci_hotplug: PCI Hot Plug PCI Core version: 0.5
[    0.720017] pciehp: PCI Express Hot Plug Controller Driver version: 0.4
[    0.721345] ACPI: AC Adapter [AC] (on-line)
[    0.722130] input: Power Button as /devices/LNXSYSTM:00/LNXPWRBN:00/input/input0
[    0.723375] ACPI: Power Button [PWRF]
[    0.724057] input: Sleep Button as /devices/LNXSYSTM:00/LNXSLPBN:00/input/input1
[    0.725871] ACPI: Sleep Button [SLPF]
[    0.726673] GHES: HEST is not enabled!
[    0.727389] Serial: 8250/16550 driver, 32 ports, IRQ sharing enabled
[    0.749007] 00:02: ttyS0 at I/O 0x3f8 (irq = 4, base_baud = 115200) is a 16550A
[    0.751315] Linux agpgart interface v0.103
[    0.753056] loop: module loaded
[    0.754041] scsi host0: ata_piix
[    0.755255] scsi host1: ata_piix
[    0.755877] ata1: PATA max UDMA/33 cmd 0x1f0 ctl 0x3f6 bmdma 0xd000 irq 14
[    0.756883] ata2: PATA max UDMA/33 cmd 0x170 ctl 0x376 bmdma 0xd008 irq 15
[    0.758164] libphy: Fixed MDIO Bus: probed
[    0.759506] tun: Universal TUN/TAP device driver, 1.6
[    0.760313] tun: (C) 1999-2004 Max Krasnyansky <maxk@qualcomm.com>
[    0.761497] PPP generic driver version 2.4.2
[    0.762322] ehci_hcd: USB 2.0 'Enhanced' Host Controller (EHCI) Driver
[    0.763603] ehci-pci: EHCI PCI platform driver
[    0.764483] ehci-platform: EHCI generic platform driver
[    0.765383] ohci_hcd: USB 1.1 'Open' Host Controller (OHCI) Driver
[    0.766303] ohci-pci: OHCI PCI platform driver
[    0.767169] ohci-platform: OHCI generic platform driver
[    0.768168] uhci_hcd: USB Universal Host Controller Interface driver
[    0.769214] i8042: PNP: PS/2 Controller [PNP0303:PS2K,PNP0f03:PS2M] at 0x60,0x64 irq 1,12
[    0.771062] serio: i8042 KBD port at 0x60,0x64 irq 1
[    0.772178] serio: i8042 AUX port at 0x60,0x64 irq 12
[    0.773173] mousedev: PS/2 mouse device common for all mice
[    0.774242] input: AT Translated Set 2 keyboard as /devices/platform/i8042/serio0/input/input2
[    0.776310] rtc_cmos rtc_cmos: rtc core: registered rtc_cmos as rtc0
[    0.777366] rtc_cmos rtc_cmos: alarms up to one day, 114 bytes nvram
[    0.778313] i2c /dev entries driver
[    0.778975] device-mapper: uevent: version 1.0.3
[    0.779989] device-mapper: ioctl: 4.34.0-ioctl (2015-10-28) initialised: dm-devel@redhat.com
[    0.781480] ledtrig-cpu: registered to indicate activity on CPUs
[    0.782603] NET: Registered protocol family 10
[    0.783545] NET: Registered protocol family 17
[    0.784642] Key type dns_resolver registered
[    0.785737] registered taskstats version 1
[    0.786427] Loading compiled-in X.509 certificates
[    0.787611] Loaded X.509 cert 'Build time autogenerated kernel key: cf00e047681d67edb2720680708b7d9498083038'
[    0.789394] zswap: loaded using pool lzo/zbud
[    0.790997] Key type trusted registered
[    0.794215] Key type encrypted registered
[    0.794906] AppArmor: AppArmor sha1 policy hashing enabled
[    0.795802] ima: No TPM chip found, activating TPM-bypass!
[    0.797260] ima: Allocated hash algorithm: sha1
[    0.798245] evm: HMAC attrs: 0x1
[    0.799081]   Magic number: 9:598:197
[    0.799733] acpi PNP0100:00: hash matches
[    0.800820] rtc_cmos rtc_cmos: setting system clock to 2021-10-23 21:11:42 UTC (1635023502)
[    0.802543] BIOS EDD facility v0.16 2004-Jun-25, 0 devices found
[    0.803437] EDD information not available.
[    0.939200] Freeing unused kernel memory: 1492K
[    0.940288] Write protecting the kernel read-only data: 14336k
[    0.941795] Freeing unused kernel memory: 1584K
[    0.943420] Freeing unused kernel memory: 52K
Loading, please wait...
starting version 229
[    0.952545] random: udevadm: uninitialized urandom read (16 bytes read, 3 bits of entropy available)
[    0.955377] random: systemd-udevd: uninitialized urandom read (16 bytes read, 3 bits of entropy available)
[    0.958000] random: systemd-udevd: uninitialized urandom read (16 bytes read, 3 bits of entropy available)
[    0.960543] random: systemd-udevd: uninitialized urandom read (16 bytes read, 3 bits of entropy available)
[    0.962618] random: udevadm: uninitialized urandom read (16 bytes read, 3 bits of entropy available)
[    0.965244] random: systemd-udevd: uninitialized urandom read (16 bytes read, 3 bits of entropy available)
[    0.971997] random: systemd-udevd: uninitialized urandom read (16 bytes read, 3 bits of entropy available)
[    0.974996] random: udevadm: uninitialized urandom read (16 bytes read, 3 bits of entropy available)
[    0.977894] random: systemd-udevd: uninitialized urandom read (16 bytes read, 3 bits of entropy available)
[    0.980262] random: systemd-udevd: uninitialized urandom read (16 bytes read, 3 bits of entropy available)
[    1.023386] e1000: Intel(R) PRO/1000 Network Driver - version 7.3.21-k8-NAPI
[    1.024809] e1000: Copyright (c) 1999-2006 Intel Corporation.
[    1.030112] Fusion MPT base driver 3.04.20
[    1.031168] Copyright (c) 1999-2008 LSI Corporation
[    1.043933] Fusion MPT SPI Host driver 3.04.20
[    1.060939] mptbase: ioc0: Initiating bringup
[    1.070756] AVX2 version of gcm_enc/dec engaged.
[    1.072136] AES CTR mode by8 optimization enabled
[    1.125103] ioc0: LSI53C1030 A0: Capabilities={Initiator}
[    1.238594] input: ImExPS/2 Generic Explorer Mouse as /devices/platform/i8042/serio1/input/input4
[    1.290410] scsi host2: ioc0: LSI53C1030 A0, FwRev=00000000h, Ports=1, MaxQ=256, IRQ=20
[    1.406103] scsi 2:0:0:0: Direct-Access     VBOX     HARDDISK         1.0  PQ: 0 ANSI: 5
[    1.407703] scsi target2:0:0: Beginning Domain Validation
[    1.410364] scsi target2:0:0: Domain Validation skipping write tests
[    1.411467] scsi target2:0:0: Ending Domain Validation
[    1.412630] scsi target2:0:0: asynchronous
[    1.414755] scsi 2:0:1:0: Direct-Access     VBOX     HARDDISK         1.0  PQ: 0 ANSI: 5
[    1.416431] scsi target2:0:1: Beginning Domain Validation
[    1.419345] scsi target2:0:1: Domain Validation skipping write tests
[    1.420521] scsi target2:0:1: Ending Domain Validation
[    1.421604] scsi target2:0:1: asynchronous
[    1.426855] sd 2:0:0:0: Attached scsi generic sg0 type 0
[    1.428207] sd 2:0:0:0: [sda] 83886080 512-byte logical blocks: (42.9 GB/40.0 GiB)
[    1.430877] sd 2:0:1:0: [sdb] 20480 512-byte logical blocks: (10.5 MB/10.0 MiB)
[    1.445235] sd 2:0:1:0: Attached scsi generic sg1 type 0
[    1.446529] sd 2:0:0:0: [sda] Write Protect is off
[    1.452074] sd 2:0:0:0: [sda] Incomplete mode parameter data
[    1.453201] sd 2:0:0:0: [sda] Assuming drive cache: write through
[    1.472482]  sda: sda1
[    1.473299] sd 2:0:1:0: [sdb] Write Protect is off
[    1.474525] sd 2:0:1:0: [sdb] Incomplete mode parameter data
[    1.475711] sd 2:0:1:0: [sdb] Assuming drive cache: write through
[    1.477642] sd 2:0:0:0: [sda] Attached SCSI disk
[    1.519121] sd 2:0:1:0: [sdb] Attached SCSI disk
[    1.801250] e1000 0000:00:03.0 eth0: (PCI:33MHz:32-bit) 02:be:82:6b:cc:1d
[    1.802849] e1000 0000:00:03.0 eth0: Intel(R) PRO/1000 Network Connection
[    2.157587] e1000 0000:00:08.0 eth1: (PCI:33MHz:32-bit) 08:00:27:59:da:a5
[    2.159065] e1000 0000:00:08.0 eth1: Intel(R) PRO/1000 Network Connection
[    2.161638] e1000 0000:00:08.0 enp0s8: renamed from eth1
[    2.164123] e1000 0000:00:03.0 enp0s3: renamed from eth0
Begin: Loading essential drivers ... [    3.434464] md: linear personality registered for level -1
[    3.437644] md: multipath personality registered for level -4
[    3.440607] md: raid0 personality registered for level 0
[    3.444292] md: raid1 personality registered for level 1
[    3.516903] raid6: sse2x1   gen() 10178 MB/s
[    3.584867] raid6: sse2x1   xor()  6827 MB/s
[    3.652906] raid6: sse2x2   gen() 13022 MB/s
[    3.720907] raid6: sse2x2   xor()  9141 MB/s
[    3.788868] raid6: sse2x4   gen() 14400 MB/s
[    3.856881] raid6: sse2x4   xor()  9672 MB/s
[    3.924882] raid6: avx2x1   gen() 21349 MB/s
[    3.992866] raid6: avx2x2   gen() 25556 MB/s
[    4.061521] raid6: avx2x4   gen() 27850 MB/s
[    4.062280] raid6: using algorithm avx2x4 gen() 27850 MB/s
[    4.063249] raid6: using avx2x2 recovery algorithm
[    4.065396] xor: automatically using best checksumming function:
[    4.104855]    avx       : 24591.000 MB/sec
[    4.106850] async_tx: api initialized (async)
[    4.117973] md: raid6 personality registered for level 6
[    4.118840] md: raid5 personality registered for level 5
[    4.119664] md: raid4 personality registered for level 4
[    4.125574] md: raid10 personality registered for level 10
done.
Begin: Running /scripts/init-premount ... done.
Begin: Mounting root file system ... Begin: Running /scripts/local-top ... done.
Begin: Running /scripts/local-premount ... [    4.154779] Btrfs loaded
Scanning for Btrfs filesystems
done.
Warning: fsck not present, so skipping root file system
[    4.181431] EXT4-fs (sda1): mounted filesystem with ordered data mode. Opts: (null)
done.
Begin: Running /scripts/local-bottom ... done.
Begin: Running /scripts/init-bottom ... done.
[    4.260614] systemd[1]: systemd 229 running in system mode. (+PAM +AUDIT +SELINUX +IMA +APPARMOR +SMACK +SYSVINIT +UTMP +LIBCRYPTSETUP +GCRYPT +GNUTLS +ACL +XZ -LZ4 +SECCOMP +BLKID +ELFUTILS +KMOD -IDN)
[    4.263719] systemd[1]: Detected virtualization oracle.
[    4.264561] systemd[1]: Detected architecture x86-64.

Welcome to [1mUbuntu 16.04.7 LTS[0m!

[    4.268345] systemd[1]: Set hostname to <web2>.
[    4.368183] systemd[1]: Created slice System Slice.
[[0;32m  OK  [0m] Created slice System Slice.
[    4.369877] systemd[1]: Set up automount Arbitrary Executable File Formats File System Automount Point.
[[0;32m  OK  [0m] Set up automount Arbitrary Executab...ats File System Automount Point.
[    4.373297] systemd[1]: Listening on Journal Audit Socket.
[[0;32m  OK  [0m] Listening on Journal Audit Socket.
[    4.375166] systemd[1]: Listening on LVM2 poll daemon socket.
[[0;32m  OK  [0m] Listening on LVM2 poll daemon socket.
[    4.377130] systemd[1]: Listening on udev Kernel Socket.
[[0;32m  OK  [0m] Listening on udev Kernel Socket.
[    4.378851] systemd[1]: Listening on udev Control Socket.
[[0;32m  OK  [0m] Listening on udev Control Socket.
[    4.380925] systemd[1]: Created slice system-serial\x2dgetty.slice.
[[0;32m  OK  [0m] Created slice system-serial\x2dgetty.slice.
[    4.389421] systemd[1]: Listening on LVM2 metadata daemon socket.
[[0;32m  OK  [0m] Listening on LVM2 metadata daemon socket.
[    4.397357] systemd[1]: Reached target Encrypted Volumes.
[[0;32m  OK  [0m] Reached target Encrypted Volumes.
[    4.398975] systemd[1]: Listening on /dev/initctl Compatibility Named Pipe.
[[0;32m  OK  [0m] Listening on /dev/initctl Compatibility Named Pipe.
[    4.401821] systemd[1]: Listening on Device-mapper event daemon FIFOs.
[[0;32m  OK  [0m] Listening on Device-mapper event daemon FIFOs.
[    4.404632] systemd[1]: Listening on fsck to fsckd communication Socket.
[[0;32m  OK  [0m] Listening on fsck to fsckd communication Socket.
[    4.406917] systemd[1]: Created slice User and Session Slice.
[[0;32m  OK  [0m] Created slice User and Session Slice.
[    4.409061] systemd[1]: Reached target Slices.
[[0;32m  OK  [0m] Reached target Slices.
[    4.410626] systemd[1]: Listening on Syslog Socket.
[[0;32m  OK  [0m] Listening on Syslog Socket.
[    4.412346] systemd[1]: Listening on Journal Socket.
[[0;32m  OK  [0m] Listening on Journal Socket.
[    4.414542] systemd[1]: Starting Monitoring of LVM2 mirrors, snapshots etc. using dmeventd or progress polling...
         Starting Monitoring of LVM2 mirrors... dmeventd or progress polling...
[    4.418904] systemd[1]: Starting File System Check on Root Device...
         Starting File System Check on Root Device...
[    4.423391] systemd[1]: Mounting Debug File System...
         Mounting Debug File System...
[    4.429833] systemd[1]: Starting Set console keymap...
         Starting Set console keymap...
[    4.445557] systemd[1]: Starting Nameserver information manager...
         Starting Nameserver information manager...
[    4.448455] systemd[1]: Mounting POSIX Message Queue File System...
         Mounting POSIX Message Queue File System...
[    4.454148] systemd[1]: Starting Uncomplicated firewall...
         Starting Uncomplicated firewall...
[    4.459884] systemd[1]: Mounting Huge Pages File System...
         Mounting Huge Pages File System...
[    4.465324] systemd[1]: Starting Create list of required static device nodes for the current kernel...
         Starting Create list of required st... nodes for the current kernel...
[    4.475309] systemd[1]: Starting Load Kernel Modules...
         Starting Load Kernel Modules...
[    4.481767] systemd[1]: Reached target System Time Synchronized.
[[0;32m  OK  [0m] Reached target System Time Synchronized.
[    4.485263] systemd[1]: Started Trigger resolvconf update for networkd DNS.
[[0;32m  OK  [0m] Started Trigger resolvconf update for networkd DNS.
[    4.488955] systemd[1]: Reached target User and Group Name Lookups.
[[0;32m  OK  [0m] Reached target User and Group Name Lookups.
[    4.492936] systemd[1]: Reached target Swap.
[[0;32m  OK  [0m] Reached target Swap.
[    4.496967] systemd[1]: Listening on Journal Socket (/dev/log).
[[0;32m  OK  [0m] Listening on Journal Socket (/dev/log).
[    4.498929] Loading iSCSI transport class v2.0-870.
[    4.500440] systemd[1]: Starting Journal Service...
         Starting Journal Service...
[    4.504532] systemd[1]: Started Forward Password Requests to Wall Directory Watch.
[[0;32m  OK  [0m] [    4.510273] iscsi: registered transport (tcp)
Started Forward Password Requests to Wall Directory Watch.
[    4.512515] systemd[1]: Mounted Huge Pages File System.
[[0;32m  OK  [0m] Mounted Huge Pages File System.
[    4.514383] systemd[1]: Mounted POSIX Message Queue File System.
[[0;32m  OK  [0m] Mounted POSIX Message Queue File System.
[    4.517747] systemd[1]: Mounted Debug File System.
[[0;32m  OK  [0m] Mounted Debug File System.
[    4.521713] systemd[1]: Started File System Check on Root Device.
[[0;32m  OK  [0m] Started File System Check on Root Device.
[    4.528954] systemd[1]: Started Set console keymap.
[[0;32m  OK  [0m] Started Set console keymap.
[    4.531216] systemd[1]: Started Uncomplicated firewall.
[[0;32m  OK  [0m] Started Uncomplicated firewall.
[    4.535028] systemd[1]: Started Create list of required static device nodes for the current kernel.
[[0;32m  OK  [0m] Started Create list of required sta...ce nodes for the current kernel.
[    4.543761] systemd[1]: Started Nameserver information manager.
[[0;32m  OK  [0m] Started Nameserver information manager.
[    4.550113] systemd[1]: Started Journal Service.
[[0;32m  OK  [0m] Started Journal Service.
[[0;32m  OK  [0m] Started LVM2 metadata daemon.
[[0;32m  OK  [0m] Started File System Check Daemon to report status.
         Starting Create Static Device Nodes in /dev...
         Starting Remount Root and Kernel File Systems...
[    4.575123] EXT4-fs (sda1): re-mounted. Opts: (null)
[[0;32m  OK  [0m] Started Remount Root and Kernel File Systems.
         Starting udev Coldplug all Devices...
         Starting Load/Save Random Seed...
         Starting Flush Journal to Persistent Storage...
[[0;32m  OK  [0m] Started Load/Save Random Seed.
[    4.595821] systemd-journald[401]: Received request to flush runtime journal from PID 1
[[0;32m  OK  [0m] Started Flush Journal to Persistent Storage.
[[0;32m  OK  [0m] Started Create Static Device Nodes in /dev.
         Starting udev Kernel Device Manager...
[    4.619340] random: nonblocking pool is initialized
[    4.622220] iscsi: registered transport (iser)
[[0;32m  OK  [0m] Started Load Kernel Modules.
         Mounting FUSE Control File System...
         Starting Apply Kernel Variables...
[[0;32m  OK  [0m] Mounted FUSE Control File System.
[[0;32m  OK  [0m] Started udev Kernel Device Manager.
[[0;32m  OK  [0m] Started Apply Kernel Variables.
[[0;32m  OK  [0m] Started udev Coldplug all Devices.
[[0;32m  OK  [0m] Started Dispatch Password Requests to Console Directory Watch.
[[0;32m  OK  [0m] Found device /dev/ttyS0.
[[0;32m  OK  [0m] Listening on Load/Save RF Kill Switch Status /dev/rfkill Watch.
[[0;32m  OK  [0m] Found device 82540EM Gigabit Ethern...r (PRO/1000 MT Desktop Adapter).
[[0;32m  OK  [0m] Started Monitoring of LVM2 mirrors,...ng dmeventd or progress polling.
[[0;32m  OK  [0m] Found device 82540EM Gigabit Ethern...r (PRO/1000 MT Desktop Adapter).
[[0;32m  OK  [0m] Reached target Local File Systems (Pre).
[[0;32m  OK  [0m] Reached target Local File Systems.
         Starting Set console font and keymap...
         Starting Tell Plymouth To Write Out Runtime Data...
         Starting Create Volatile Files and Directories...
         Starting LSB: AppArmor initialization...
         Starting Initial cloud-init job (pre-networking)...
[[0;32m  OK  [0m] Started Tell Plymouth To Write Out Runtime Data.
[[0;32m  OK  [0m] Started Create Volatile Files and Directories.
         Starting Update UTMP about System Boot/Shutdown...
[[0;32m  OK  [0m] Started Update UTMP about System Boot/Shutdown.
[[0;32m  OK  [0m] Started LSB: AppArmor initialization.
         Starting Load AppArmor profiles managed internally by snapd...
[[0;32m  OK  [0m] Started Load AppArmor profiles managed internally by snapd.
[[0;32m  OK  [0m] Started Set console font and keymap.
[[0;32m  OK  [0m] Created slice system-getty.slice.
[    5.968245] cloud-init[676]: Cloud-init v. 21.1-19-gbad84ad4-0ubuntu1~16.04.2 running 'init-local' at Sat, 23 Oct 2021 21:11:47 +0000. Up 5.78 seconds.
[[0;32m  OK  [0m] Started Initial cloud-init job (pre-networking).
[[0;32m  OK  [0m] Reached target Network (Pre).
         Starting Raise network interfaces...
[[0;32m  OK  [0m] Started ifup for enp0s8.
[[0;32m  OK  [0m] Started ifup for enp0s3.
[[0;32m  OK  [0m] Started Raise network interfaces.
[[0;32m  OK  [0m] Reached target Network.
         Starting Initial cloud-init job (metadata service crawler)...
[    6.545403] cloud-init[1087]: Cloud-init v. 21.1-19-gbad84ad4-0ubuntu1~16.04.2 running 'init' at Sat, 23 Oct 2021 21:11:48 +0000. Up 6.36 seconds.
[    6.552324] cloud-init[1087]: ci-info: ++++++++++++++++++++++++++++++++++++++Net device info+++++++++++++++++++++++++++++++++++++++
[    6.560305] cloud-init[1087]: ci-info: +--------+------+-----------------------------+---------------+--------+-------------------+
[    6.568304] cloud-init[1087]: ci-info: | Device |  Up  |           Address           |      Mask     | Scope  |     Hw-Address    |
[    6.576322] cloud-init[1087]: ci-info: +--------+------+-----------------------------+---------------+--------+-------------------+
[    6.584245] cloud-init[1087]: ci-info: | enp0s3 | True |          10.0.2.15          | 255.255.255.0 | global | 02:be:82:6b:cc:1d |
[    6.592577] cloud-init[1087]: ci-info: | enp0s3 | True |  fe80::be:82ff:fe6b:cc1d/64 |       .       |  link  | 02:be:82:6b:cc:1d |
[    6.600524] cloud-init[1087]: ci-info: | enp0s8 | True |          10.0.0.12          | 255.255.255.0 | global | 08:00:27:59:da:a5 |
[[0;32m  OK  [0m] Started Initial cloud-init job (metadata service crawler).
[[0;32m  OK  [0m] Reached target Cloud-config availability.
[[0;32m  OK  [0m] Reached target System Initialization.
[[0;32m  OK  [0m] Listening on D-Bus System Message Bus Socket.
[    6.610071] cloud-init[1087]: ci-info: | enp0s8 | True | fe80::a00:27ff:fe59:daa5/64 |       .       |  link  | 08:00:27:59:da:a5 |
[    6.640305] cloud-init[1087]: ci-info: |   lo   | True |          127.0.0.1          |   255.0.0.0   |  host  |         .         |
[    6.641551] cloud-init[1087]: ci-info: |   lo   | True |           ::1/128           |       .       |  host  |         .         |
[    6.648253] cloud-init[1087]: ci-info: +--------+------+-----------------------------+---------------+--------+-------------------+
[    6.656168] cloud-init[1087]: ci-info: +++++++++++++++++++++++++++Route IPv4 info++++++++++++++++++++++++++++
         Starting LXD - unix socket.
[[0;32m  OK  [0m] Started Daily Cleanup of Temporary Directories.
[    6.666477] cloud-init[1087]: ci-info: +-------+-------------+----------+---------------+-----------+-------+
[    6.673306] cloud-init[1087]: ci-info: | Route | Destination | Gateway  |    Genmask    | Interface | Flags |
[    6.680953] cloud-init[1087]: ci-info: +-------+-------------+----------+---------------+-----------+-------+
[    6.688483] cloud-init[1087]: ci-info: |   0   |   0.0.0.0   | 10.0.2.2 |    0.0.0.0    |   enp0s3  |   UG  |
[    6.689407] cloud-init[1087]: ci-info: |   1   |   10.0.0.0  | 0.0.0.0  | 255.255.255.0 |   enp0s8  |   U   |
[    6.696176] cloud-init[1087]: ci-info: |   2   |   10.0.2.0  | 0.0.0.0  | 255.255.255.0 |   enp0s3  |   U   |
[[0;32m  OK  [0m] Started Message of the Day.
         Starting Socket activation for snappy daemon.
[[0;32m  OK  [0m] Started Ubuntu Advantage update messaging.
[    6.705971] cloud-init[1087]: ci-info: +-------+-------------+----------+---------------+-----------+-------+
[    6.722085] cloud-init[1087]: ci-info: +++++++++++++++++++Route IPv6 info+++++++++++++++++++
[    6.728625] cloud-init[1087]: ci-info: +-------+-------------+---------+-----------+-------+
[    6.736188] cloud-init[1087]: ci-info: | Route | Destination | Gateway | Interface | Flags |
[[0;32m  OK  [0m] Listening on UUID daemon activation socket.
[    6.746252] cloud-init[1087]: ci-info: +-------+-------------+---------+-----------+-------+
[    6.752529] cloud-init[1087]: ci-info: |   0   |  fe80::/64  |    ::   |   enp0s8  |   U   |
[    6.760394] cloud-init[1087]: ci-info: |   1   |  fe80::/64  |    ::   |   enp0s3  |   U   |
[    6.768423] cloud-init[1087]: ci-info: |   4   |   ff00::/8  |    ::   |   enp0s8  |   U   |
[    6.776304] cloud-init[1087]: ci-info: |   5   |   ff00::/8  |    ::   |   enp0s3  |   U   |
[[0;32m  OK  [0m] Started ACPI Events Check.
[[0;32m  OK  [0m] Reached target Paths.
[[0;32m  OK  [0m] Listening on ACPID Listen Socket.
[[0;32m  OK  [0m] Started Daily apt download activities.
[    6.786115] cloud-init[1087]: ci-info: +-------+-------------+---------+-----------+-------+
[[0;32m  OK  [0m] Started Daily apt upgrade and clean activities.
[[0;32m  OK  [0m] Reached target Timers.
[[0;32m  OK  [0m] Reached target Network is Online.
         Starting iSCSI initiator daemon (iscsid)...
[[0;32m  OK  [0m] Listening on LXD - unix socket.
[[0;32m  OK  [0m] Listening on Socket activation for snappy daemon.
[[0;32m  OK  [0m] Reached target Sockets.
[[0;32m  OK  [0m] Reached target Basic System.
         Starting Virtualbox guest utils...
[[0;32m  OK  [0m] Started FUSE filesystem for LXC.
         Starting Login Service...
         Starting LSB: MD monitoring daemon...
         Starting LSB: Record successful boot for GRUB...
         Starting /etc/rc.local Compatibility...
[[0;32m  OK  [0m] Started Regular background program processing daemon.
[[0;32m  OK  [0m] Started Deferred execution scheduler.
         Starting OpenBSD Secure Shell server...
         Starting Accounts Service...
[[0;32m  OK  [0m] Started D-Bus System Message Bus.
         Starting LXD - container startup/shutdown...
[[0;32m  OK  [0m] Started ACPI event daemon.
         Starting System Logging Service...
         Starting Snap Daemon...
[[0;32m  OK  [0m] Started iSCSI initiator daemon (iscsid).
[[0;32m  OK  [0m] Started /etc/rc.local Compatibility.
[[0;32m  OK  [0m] Started OpenBSD Secure Shell server.
         Starting Authenticate and Authorize Users to Run Privileged Tasks...
         Starting Login to default iSCSI targets...
[[0;32m  OK  [0m] Started Login Service.
[[0;32m  OK  [0m] Started System Logging Service.
[[0;32m  OK  [0m] Started LSB: MD monitoring daemon.
[[0;32m  OK  [0m] Started LSB: Record successful boot for GRUB.
[[0;32m  OK  [0m] Started Authenticate and Authorize Users to Run Privileged Tasks.
[[0;32m  OK  [0m] Started Accounts Service.
[[0;32m  OK  [0m] Started Unattended Upgrades Shutdown.
[[0;32m  OK  [0m] Started Login to default iSCSI targets.
[[0;32m  OK  [0m] Reached target Remote File Systems (Pre).
         Mounting /vagrant...
[[0;32m  OK  [0m] Mounted /vagrant.
[[0;32m  OK  [0m] Started Virtualbox guest utils.
[[0;32m  OK  [0m] Started LXD - container startup/shutdown.
[[0;32m  OK  [0m] Reached target Remote File Systems.
         Starting LSB: automatic crash report generation...
         Starting LSB: daemon to balance interrupts for SMP systems...
         Starting LSB: Set the CPU Frequency Scaling governor to "ondemand"...
         Starting Permit User Sessions...
[[0;32m  OK  [0m] Started Permit User Sessions.
         Starting Terminate Plymouth Boot Screen...
         Starting Hold until boot process finishes up...
[[0;32m  OK  [0m] Started Hold until boot process finishes up.
[[0;32m  OK  [0m] Started Terminate Plymouth Boot Screen.
[[0;32m  OK  [0m] Started Serial Getty on ttyS0.
         Starting Set console scheme...
[[0;32m  OK  [0m] Started Getty on tty1.
[[0;32m  OK  [0m] Reached target Login Prompts.
[[0;32m  OK  [0m] Started LSB: automatic crash report generation.
[[0;32m  OK  [0m] Started LSB: daemon to balance interrupts for SMP systems.
[[0;32m  OK  [0m] Started LSB: Set the CPU Frequency Scaling governor to "ondemand".
[[0;32m  OK  [0m] Started Set console scheme.
[[0;32m  OK  [0m] Started Snap Daemon.
         Starting Wait until snapd is fully seeded...
[[0;32m  OK  [0m] Started Wait until snapd is fully seeded.
         Starting Apply the settings specified in cloud-config...
[[0;32m  OK  [0m] Reached target Multi-User System.
[[0;32m  OK  [0m] Reached target Graphical Interface.
         Starting Update UTMP about System Runlevel Changes...
[[0;32m  OK  [0m] Started Update UTMP about System Runlevel Changes.
[    7.553552] cloud-init[1348]: Cloud-init v. 21.1-19-gbad84ad4-0ubuntu1~16.04.2 running 'modules:config' at Sat, 23 Oct 2021 21:11:49 +0000. Up 7.48 seconds.
[[0;32m  OK  [0m] Started Apply the settings specified in cloud-config.
         Starting Execute cloud user/final scripts...
[    7.894165] cloud-init[1361]: Cloud-init v. 21.1-19-gbad84ad4-0ubuntu1~16.04.2 running 'modules:final' at Sat, 23 Oct 2021 21:11:49 +0000. Up 7.81 seconds.
[    7.895469] cloud-init[1361]: Cloud-init v. 21.1-19-gbad84ad4-0ubuntu1~16.04.2 finished at Sat, 23 Oct 2021 21:11:49 +0000. Datasource DataSourceNoCloud [seed=/dev/sdb][dsmode=net].  Up 7.88 seconds
[[0;32m  OK  [0m] Started Execute cloud user/final scripts.
[[0;32m  OK  [0m] Reached target Cloud-init target.

Ubuntu 16.04.7 LTS web2 ttyS0

web2 login: 