[    0.000000] Initializing cgroup subsys cpuset
[    0.000000] Initializing cgroup subsys cpu
[    0.000000] Initializing cgroup subsys cpuacct
[    0.000000] Linux version 4.4.0-210-generic (buildd@lgw01-amd64-009) (gcc version 5.4.0 20160609 (Ubuntu 5.4.0-6ubuntu1~16.04.12) ) #242-Ubuntu SMP Fri Apr 16 09:57:56 UTC 2021 (Ubuntu 4.4.0-210.242-generic 4.4.262)
[    0.000000] Command line: BOOT_IMAGE=/boot/vmlinuz-4.4.0-210-generic root=LABEL=cloudimg-rootfs ro console=tty1 console=ttyS0
[    0.000000] KERNEL supported cpus:
[    0.000000]   Intel GenuineIntel
[    0.000000]   AMD AuthenticAMD
[    0.000000]   Centaur CentaurHauls
[    0.000000] x86/fpu: xstate_offset[2]:  576, xstate_sizes[2]:  256
[    0.000000] x86/fpu: Supporting XSAVE feature 0x01: 'x87 floating point registers'
[    0.000000] x86/fpu: Supporting XSAVE feature 0x02: 'SSE registers'
[    0.000000] x86/fpu: Supporting XSAVE feature 0x04: 'AVX registers'
[    0.000000] x86/fpu: Enabled xstate features 0x7, context size is 832 bytes, using 'standard' format.
[    0.000000] e820: BIOS-provided physical RAM map:
[    0.000000] BIOS-e820: [mem 0x0000000000000000-0x000000000009fbff] usable
[    0.000000] BIOS-e820: [mem 0x000000000009fc00-0x000000000009ffff] reserved
[    0.000000] BIOS-e820: [mem 0x00000000000f0000-0x00000000000fffff] reserved
[    0.000000] BIOS-e820: [mem 0x0000000000100000-0x000000003ffeffff] usable
[    0.000000] BIOS-e820: [mem 0x000000003fff0000-0x000000003fffffff] ACPI data
[    0.000000] BIOS-e820: [mem 0x00000000fec00000-0x00000000fec00fff] reserved
[    0.000000] BIOS-e820: [mem 0x00000000fee00000-0x00000000fee00fff] reserved
[    0.000000] BIOS-e820: [mem 0x00000000fffc0000-0x00000000ffffffff] reserved
[    0.000000] NX (Execute Disable) protection: active
[    0.000000] SMBIOS 2.5 present.
[    0.000000] Hypervisor detected: KVM
[    0.000000] Kernel/User page tables isolation: disabled
[    0.000000] e820: last_pfn = 0x3fff0 max_arch_pfn = 0x400000000
[    0.000000] MTRR: Disabled
[    0.000000] x86/PAT: MTRRs disabled, skipping PAT initialization too.
[    0.000000] CPU MTRRs all blank - virtualized system.
[    0.000000] x86/PAT: Configuration [0-7]: WB  WT  UC- UC  WB  WT  UC- UC  
[    0.000000] found SMP MP-table at [mem 0x0009fff0-0x0009ffff] mapped at [ffff88000009fff0]
[    0.000000] Scanning 1 areas for low memory corruption
[    0.000000] RAMDISK: [mem 0x362dc000-0x37165fff]
[    0.000000] ACPI: Early table checksum verification disabled
[    0.000000] ACPI: RSDP 0x00000000000E0000 000024 (v02 VBOX  )
[    0.000000] ACPI: XSDT 0x000000003FFF0030 00003C (v01 VBOX   VBOXXSDT 00000001 ASL  00000061)
[    0.000000] ACPI: FACP 0x000000003FFF00F0 0000F4 (v04 VBOX   VBOXFACP 00000001 ASL  00000061)
[    0.000000] ACPI: DSDT 0x000000003FFF0470 002325 (v02 VBOX   VBOXBIOS 00000002 INTL 20100528)
[    0.000000] ACPI: FACS 0x000000003FFF0200 000040
[    0.000000] ACPI: FACS 0x000000003FFF0200 000040
[    0.000000] ACPI: APIC 0x000000003FFF0240 00005C (v02 VBOX   VBOXAPIC 00000001 ASL  00000061)
[    0.000000] ACPI: SSDT 0x000000003FFF02A0 0001CC (v01 VBOX   VBOXCPUT 00000002 INTL 20100528)
[    0.000000] No NUMA configuration found
[    0.000000] Faking a node at [mem 0x0000000000000000-0x000000003ffeffff]
[    0.000000] NODE_DATA(0) allocated [mem 0x3ffeb000-0x3ffeffff]
[    0.000000] kvm-clock: Using msrs 4b564d01 and 4b564d00
[    0.000000] kvm-clock: cpu 0, msr 0:3ffe3001, primary cpu clock
[    0.000000] kvm-clock: using sched offset of 3301004809 cycles
[    0.000000] clocksource: kvm-clock: mask: 0xffffffffffffffff max_cycles: 0x1cd42e4dffb, max_idle_ns: 881590591483 ns
[    0.000000] Zone ranges:
[    0.000000]   DMA      [mem 0x0000000000001000-0x0000000000ffffff]
[    0.000000]   DMA32    [mem 0x0000000001000000-0x000000003ffeffff]
[    0.000000]   Normal   empty
[    0.000000]   Device   empty
[    0.000000] Movable zone start for each node
[    0.000000] Early memory node ranges
[    0.000000]   node   0: [mem 0x0000000000001000-0x000000000009efff]
[    0.000000]   node   0: [mem 0x0000000000100000-0x000000003ffeffff]
[    0.000000] Initmem setup node 0 [mem 0x0000000000001000-0x000000003ffeffff]
[    0.000000] ACPI: PM-Timer IO Port: 0x4008
[    0.000000] IOAPIC[0]: apic_id 2, version 32, address 0xfec00000, GSI 0-23
[    0.000000] ACPI: INT_SRC_OVR (bus 0 bus_irq 0 global_irq 2 dfl dfl)
[    0.000000] ACPI: INT_SRC_OVR (bus 0 bus_irq 9 global_irq 9 low level)
[    0.000000] Using ACPI (MADT) for SMP configuration information
[    0.000000] smpboot: Allowing 2 CPUs, 0 hotplug CPUs
[    0.000000] PM: Registered nosave memory: [mem 0x00000000-0x00000fff]
[    0.000000] PM: Registered nosave memory: [mem 0x0009f000-0x0009ffff]
[    0.000000] PM: Registered nosave memory: [mem 0x000a0000-0x000effff]
[    0.000000] PM: Registered nosave memory: [mem 0x000f0000-0x000fffff]
[    0.000000] e820: [mem 0x40000000-0xfebfffff] available for PCI devices
[    0.000000] Booting paravirtualized kernel on KVM
[    0.000000] clocksource: refined-jiffies: mask: 0xffffffff max_cycles: 0xffffffff, max_idle_ns: 7645519600211568 ns
[    0.000000] setup_percpu: NR_CPUS:512 nr_cpumask_bits:512 nr_cpu_ids:2 nr_node_ids:1
[    0.000000] PERCPU: Embedded 33 pages/cpu @ffff88003fc00000 s95192 r8192 d31784 u1048576
[    0.000000] Built 1 zonelists in Node order, mobility grouping on.  Total pages: 257912
[    0.000000] Policy zone: DMA32
[    0.000000] Kernel command line: BOOT_IMAGE=/boot/vmlinuz-4.4.0-210-generic root=LABEL=cloudimg-rootfs ro console=tty1 console=ttyS0
[    0.000000] PID hash table entries: 4096 (order: 3, 32768 bytes)
[    0.000000] Memory: 997792K/1048120K available (8644K kernel code, 1332K rwdata, 4044K rodata, 1492K init, 1164K bss, 50328K reserved, 0K cma-reserved)
[    0.000000] SLUB: HWalign=64, Order=0-3, MinObjects=0, CPUs=2, Nodes=1
[    0.000000] Hierarchical RCU implementation.
[    0.000000] 	Build-time adjustment of leaf fanout to 64.
[    0.000000] 	RCU restricting CPUs from NR_CPUS=512 to nr_cpu_ids=2.
[    0.000000] RCU: Adjusting geometry for rcu_fanout_leaf=64, nr_cpu_ids=2
[    0.000000] NR_IRQS:33024 nr_irqs:440 16
[    0.000000] Console: colour VGA+ 80x25
[    0.000000] console [tty1] enabled
[    0.000000] console [ttyS0] enabled
[    0.000000] tsc: Detected 2904.000 MHz processor
[    0.152757] Calibrating delay loop (skipped) preset value.. 5808.00 BogoMIPS (lpj=11616000)
[    0.154838] pid_max: default: 32768 minimum: 301
[    0.155780] ACPI: Core revision 20150930
[    0.157384] ACPI: 2 ACPI AML tables successfully acquired and loaded
[    0.158804] Security Framework initialized
[    0.159726] Yama: becoming mindful.
[    0.160588] AppArmor: AppArmor initialized
[    0.161505] Dentry cache hash table entries: 131072 (order: 8, 1048576 bytes)
[    0.163199] Inode-cache hash table entries: 65536 (order: 7, 524288 bytes)
[    0.165554] Mount-cache hash table entries: 2048 (order: 2, 16384 bytes)
[    0.167038] Mountpoint-cache hash table entries: 2048 (order: 2, 16384 bytes)
[    0.168832] Initializing cgroup subsys io
[    0.169890] Initializing cgroup subsys memory
[    0.170941] Initializing cgroup subsys devices
[    0.172380] Initializing cgroup subsys freezer
[    0.173496] Initializing cgroup subsys net_cls
[    0.174707] Initializing cgroup subsys perf_event
[    0.176145] Initializing cgroup subsys net_prio
[    0.177173] Initializing cgroup subsys hugetlb
[    0.178378] Initializing cgroup subsys pids
[    0.180704] mce: CPU supports 0 MCE banks
[    0.181708] Last level iTLB entries: 4KB 128, 2MB 8, 4MB 8
[    0.183129] Last level dTLB entries: 4KB 64, 2MB 0, 4MB 0, 1GB 4
[    0.184569] Spectre V1 : Mitigation: usercopy/swapgs barriers and __user pointer sanitization
[    0.186631] Spectre V2 : Mitigation: Full generic retpoline
[    0.187787] Spectre V2 : Spectre v2 / SpectreRSB mitigation: Filling RSB on context switch
[    0.189914] Speculative Store Bypass: Vulnerable
[    0.190958] SRBDS: Mitigation: TSX disabled
[    0.194391] Freeing SMP alternatives memory: 36K
[    0.201832] ftrace: allocating 32380 entries in 127 pages
[    0.257281] smpboot: APIC(0) Converting physical 0 to logical package 0
[    0.258664] smpboot: Max logical packages: 1
[    0.259891] x2apic enabled
[    0.260792] Switched APIC routing to physical x2apic.
[    0.263221] ..TIMER: vector=0x30 apic1=0 pin1=2 apic2=-1 pin2=-1
[    0.372990] smpboot: CPU0: Intel(R) Core(TM) i5-9400F CPU @ 2.90GHz (family: 0x6, model: 0x9e, stepping: 0xd)
[    0.375685] Performance Events: unsupported p6 CPU model 158 no PMU driver, software events only.
[    0.384987] KVM setup paravirtual spinlock
[    0.386542] x86: Booting SMP configuration:
[    0.387480] .... node  #0, CPUs:      #1
[    0.391005] kvm-clock: cpu 1, msr 0:3ffe3041, secondary cpu clock
[    0.393094] mce: CPU supports 0 MCE banks
[    0.395694] x86: Booted up 1 node, 2 CPUs
[    0.396970] smpboot: Total of 2 processors activated (11616.00 BogoMIPS)
[    0.398690] devtmpfs: initialized
[    0.401339] evm: security.selinux
[    0.402421] evm: security.SMACK64
[    0.403395] evm: security.SMACK64EXEC
[    0.404400] evm: security.SMACK64TRANSMUTE
[    0.405469] evm: security.SMACK64MMAP
[    0.406267] evm: security.ima
[    0.406986] evm: security.capability
[    0.408056] clocksource: jiffies: mask: 0xffffffff max_cycles: 0xffffffff, max_idle_ns: 7645041785100000 ns
[    0.410199] futex hash table entries: 512 (order: 3, 32768 bytes)
[    0.411587] pinctrl core: initialized pinctrl subsystem
[    0.412668] RTC time: 19:22:42, date: 10/25/21
[    0.414647] NET: Registered protocol family 16
[    0.425326] cpuidle: using governor ladder
[    0.437881] cpuidle: using governor menu
[    0.438858] PCCT header not found.
[    0.439654] ACPI: bus type PCI registered
[    0.440965] acpiphp: ACPI Hot Plug PCI Controller Driver version: 0.5
[    0.442752] PCI: Using configuration type 1 for base access
[    0.454412] ACPI: Added _OSI(Module Device)
[    0.455356] ACPI: Added _OSI(Processor Device)
[    0.456444] ACPI: Added _OSI(3.0 _SCP Extensions)
[    0.457526] ACPI: Added _OSI(Processor Aggregator Device)
[    0.459347] ACPI: Executed 1 blocks of module-level executable AML code
[    0.462729] ACPI: Interpreter enabled
[    0.463711] ACPI: (supports S0 S5)
[    0.464532] ACPI: Using IOAPIC for interrupt routing
[    0.465865] PCI: Using host bridge windows from ACPI; if necessary, use "pci=nocrs" and report a bug
[    0.470874] ACPI: PCI Root Bridge [PCI0] (domain 0000 [bus 00-ff])
[    0.472251] acpi PNP0A03:00: _OSC: OS supports [ASPM ClockPM Segments MSI]
[    0.473995] acpi PNP0A03:00: _OSC: not requesting OS control; OS requires [ExtendedConfig ASPM ClockPM MSI]
[    0.476806] acpi PNP0A03:00: fail to add MMCONFIG information, can't access extended PCI configuration space under this bridge.
[    0.479313] PCI host bridge to bus 0000:00
[    0.480310] pci_bus 0000:00: root bus resource [io  0x0000-0x0cf7 window]
[    0.481962] pci_bus 0000:00: root bus resource [io  0x0d00-0xffff window]
[    0.483111] pci_bus 0000:00: root bus resource [mem 0x000a0000-0x000bffff window]
[    0.484606] pci_bus 0000:00: root bus resource [mem 0x40000000-0xfdffffff window]
[    0.486191] pci_bus 0000:00: root bus resource [bus 00-ff]
[    0.488830] pci 0000:00:01.1: legacy IDE quirk: reg 0x10: [io  0x01f0-0x01f7]
[    0.489993] pci 0000:00:01.1: legacy IDE quirk: reg 0x14: [io  0x03f6]
[    0.491283] pci 0000:00:01.1: legacy IDE quirk: reg 0x18: [io  0x0170-0x0177]
[    0.492639] pci 0000:00:01.1: legacy IDE quirk: reg 0x1c: [io  0x0376]
[    0.516730] pci 0000:00:07.0: quirk: [io  0x4000-0x403f] claimed by PIIX4 ACPI
[    0.518358] pci 0000:00:07.0: quirk: [io  0x4100-0x410f] claimed by PIIX4 SMB
[    0.527919] ACPI: PCI Interrupt Link [LNKA] (IRQs 5 9 10 *11)
[    0.529530] ACPI: PCI Interrupt Link [LNKB] (IRQs 5 9 *10 11)
[    0.531269] ACPI: PCI Interrupt Link [LNKC] (IRQs 5 *9 10 11)
[    0.533355] ACPI: PCI Interrupt Link [LNKD] (IRQs 5 9 10 *11)
[    0.535443] ACPI: Enabled 2 GPEs in block 00 to 07
[    0.536863] vgaarb: setting as boot device: PCI:0000:00:02.0
[    0.538099] vgaarb: device added: PCI:0000:00:02.0,decodes=io+mem,owns=io+mem,locks=none
[    0.539985] vgaarb: loaded
[    0.541207] vgaarb: bridge control possible 0000:00:02.0
[    0.542856] SCSI subsystem initialized
[    0.543884] ACPI: bus type USB registered
[    0.544913] usbcore: registered new interface driver usbfs
[    0.546140] usbcore: registered new interface driver hub
[    0.547271] usbcore: registered new device driver usb
[    0.548528] PCI: Using ACPI for IRQ routing
[    0.550171] NetLabel: Initializing
[    0.550827] NetLabel:  domain hash size = 128
[    0.551839] NetLabel:  protocols = UNLABELED CIPSOv4
[    0.553012] NetLabel:  unlabeled traffic allowed by default
[    0.554112] amd_nb: Cannot enumerate AMD northbridges
[    0.555329] clocksource: Switched to clocksource kvm-clock
[    0.561284] AppArmor: AppArmor Filesystem Enabled
[    0.562401] pnp: PnP ACPI init
[    0.563834] pnp: PnP ACPI: found 3 devices
[    0.573683] clocksource: acpi_pm: mask: 0xffffff max_cycles: 0xffffff, max_idle_ns: 2085701024 ns
[    0.576413] NET: Registered protocol family 2
[    0.577626] TCP established hash table entries: 8192 (order: 4, 65536 bytes)
[    0.579147] TCP bind hash table entries: 8192 (order: 5, 131072 bytes)
[    0.580528] TCP: Hash tables configured (established 8192 bind 8192)
[    0.582421] UDP hash table entries: 512 (order: 2, 16384 bytes)
[    0.583786] UDP-Lite hash table entries: 512 (order: 2, 16384 bytes)
[    0.585111] NET: Registered protocol family 1
[    0.586086] pci 0000:00:00.0: Limiting direct PCI/PCI transfers
[    0.587406] pci 0000:00:01.0: Activating ISA DMA hang workarounds
[    0.589015] Unpacking initramfs...
[    0.782571] Freeing initrd memory: 14888K
[    0.783592] clocksource: tsc: mask: 0xffffffffffffffff max_cycles: 0x29dc05e54fc, max_idle_ns: 440795291716 ns
[    0.785766] platform rtc_cmos: registered platform RTC device (no PNP device found)
[    0.787781] Scanning for low memory corruption every 60 seconds
[    0.789444] audit: initializing netlink subsys (disabled)
[    0.790721] audit: type=2000 audit(1635189767.238:1): initialized
[    0.792082] Initialise system trusted keyring
[    0.793099] HugeTLB registered 2 MB page size, pre-allocated 0 pages
[    0.795683] zbud: loaded
[    0.796627] VFS: Disk quotas dquot_6.6.0
[    0.797541] VFS: Dquot-cache hash table entries: 512 (order 0, 4096 bytes)
[    0.799249] squashfs: version 4.0 (2009/01/31) Phillip Lougher
[    0.801010] fuse init (API version 7.23)
[    0.802103] Key type big_key registered
[    0.802996] Allocating IMA MOK and blacklist keyrings.
[    0.804756] Key type asymmetric registered
[    0.805739] Asymmetric key parser 'x509' registered
[    0.806934] Block layer SCSI generic (bsg) driver version 0.4 loaded (major 249)
[    0.808810] io scheduler noop registered
[    0.809704] io scheduler deadline registered (default)
[    0.810847] io scheduler cfq registered
[    0.812143] pci_hotplug: PCI Hot Plug PCI Core version: 0.5
[    0.813637] pciehp: PCI Express Hot Plug Controller Driver version: 0.4
[    0.815494] ACPI: AC Adapter [AC] (on-line)
[    0.816685] input: Power Button as /devices/LNXSYSTM:00/LNXPWRBN:00/input/input0
[    0.818344] ACPI: Power Button [PWRF]
[    0.819373] input: Sleep Button as /devices/LNXSYSTM:00/LNXSLPBN:00/input/input1
[    0.821390] ACPI: Sleep Button [SLPF]
[    0.822563] GHES: HEST is not enabled!
[    0.823600] Serial: 8250/16550 driver, 32 ports, IRQ sharing enabled
[    0.845659] 00:02: ttyS0 at I/O 0x3f8 (irq = 4, base_baud = 115200) is a 16550A
[    0.850178] Linux agpgart interface v0.103
[    0.852606] loop: module loaded
[    0.854063] scsi host0: ata_piix
[    0.855010] scsi host1: ata_piix
[    0.855794] ata1: PATA max UDMA/33 cmd 0x1f0 ctl 0x3f6 bmdma 0xd000 irq 14
[    0.857138] ata2: PATA max UDMA/33 cmd 0x170 ctl 0x376 bmdma 0xd008 irq 15
[    0.858769] libphy: Fixed MDIO Bus: probed
[    0.859863] tun: Universal TUN/TAP device driver, 1.6
[    0.860945] tun: (C) 1999-2004 Max Krasnyansky <maxk@qualcomm.com>
[    0.862281] PPP generic driver version 2.4.2
[    0.863367] ehci_hcd: USB 2.0 'Enhanced' Host Controller (EHCI) Driver
[    0.864546] ehci-pci: EHCI PCI platform driver
[    0.865553] ehci-platform: EHCI generic platform driver
[    0.866680] ohci_hcd: USB 1.1 'Open' Host Controller (OHCI) Driver
[    0.867862] ohci-pci: OHCI PCI platform driver
[    0.868779] ohci-platform: OHCI generic platform driver
[    0.869882] uhci_hcd: USB Universal Host Controller Interface driver
[    0.871185] i8042: PNP: PS/2 Controller [PNP0303:PS2K,PNP0f03:PS2M] at 0x60,0x64 irq 1,12
[    0.873639] serio: i8042 KBD port at 0x60,0x64 irq 1
[    0.875174] serio: i8042 AUX port at 0x60,0x64 irq 12
[    0.876527] mousedev: PS/2 mouse device common for all mice
[    0.878009] input: AT Translated Set 2 keyboard as /devices/platform/i8042/serio0/input/input2
[    0.880003] rtc_cmos rtc_cmos: rtc core: registered rtc_cmos as rtc0
[    0.881145] rtc_cmos rtc_cmos: alarms up to one day, 114 bytes nvram
[    0.882577] i2c /dev entries driver
[    0.883401] device-mapper: uevent: version 1.0.3
[    0.884573] device-mapper: ioctl: 4.34.0-ioctl (2015-10-28) initialised: dm-devel@redhat.com
[    0.886565] ledtrig-cpu: registered to indicate activity on CPUs
[    0.887946] NET: Registered protocol family 10
[    0.888981] NET: Registered protocol family 17
[    0.889973] Key type dns_resolver registered
[    0.891657] registered taskstats version 1
[    0.892606] Loading compiled-in X.509 certificates
[    0.894005] Loaded X.509 cert 'Build time autogenerated kernel key: cf00e047681d67edb2720680708b7d9498083038'
[    0.896055] zswap: loaded using pool lzo/zbud
[    0.898126] Key type trusted registered
[    0.901291] Key type encrypted registered
[    0.902173] AppArmor: AppArmor sha1 policy hashing enabled
[    0.903279] ima: No TPM chip found, activating TPM-bypass!
[    0.904529] ima: Allocated hash algorithm: sha1
[    0.905774] evm: HMAC attrs: 0x1
[    0.906837]   Magic number: 9:742:395
[    0.907827] pci 0000:00:07.0: hash matches
[    0.908747] rtc_cmos rtc_cmos: setting system clock to 2021-10-25 19:22:43 UTC (1635189763)
[    0.910535] BIOS EDD facility v0.16 2004-Jun-25, 0 devices found
[    0.911952] EDD information not available.
[    1.037090] Freeing unused kernel memory: 1492K
[    1.038194] Write protecting the kernel read-only data: 14336k
[    1.040107] Freeing unused kernel memory: 1584K
[    1.041403] Freeing unused kernel memory: 52K
Loading, please wait...
starting version 229
[    1.052608] random: systemd-udevd: uninitialized urandom read (16 bytes read, 3 bits of entropy available)
[    1.053072] random: udevadm: uninitialized urandom read (16 bytes read, 3 bits of entropy available)
[    1.053087] random: udevadm: uninitialized urandom read (16 bytes read, 3 bits of entropy available)
[    1.058383] random: systemd-udevd: uninitialized urandom read (16 bytes read, 3 bits of entropy available)
[    1.059560] random: udevadm: uninitialized urandom read (16 bytes read, 3 bits of entropy available)
[    1.059593] random: udevadm: uninitialized urandom read (16 bytes read, 3 bits of entropy available)
[    1.059685] random: udevadm: uninitialized urandom read (16 bytes read, 3 bits of entropy available)
[    1.059715] random: udevadm: uninitialized urandom read (16 bytes read, 3 bits of entropy available)
[    1.059746] random: udevadm: uninitialized urandom read (16 bytes read, 3 bits of entropy available)
[    1.059775] random: udevadm: uninitialized urandom read (16 bytes read, 3 bits of entropy available)
[    1.100270] Fusion MPT base driver 3.04.20
[    1.101358] Copyright (c) 1999-2008 LSI Corporation
[    1.108516] e1000: Intel(R) PRO/1000 Network Driver - version 7.3.21-k8-NAPI
[    1.111755] e1000: Copyright (c) 1999-2006 Intel Corporation.
[    1.115164] Fusion MPT SPI Host driver 3.04.20
[    1.120832] AVX2 version of gcm_enc/dec engaged.
[    1.121672] AES CTR mode by8 optimization enabled
[    1.124203] mptbase: ioc0: Initiating bringup
[    1.666345] input: ImExPS/2 Generic Explorer Mouse as /devices/platform/i8042/serio1/input/input4
[    1.676092] ioc0: LSI53C1030 A0: Capabilities={Initiator}
[    2.809628] scsi host2: ioc0: LSI53C1030 A0, FwRev=00000000h, Ports=1, MaxQ=256, IRQ=20
[    4.722292] scsi 2:0:0:0: Direct-Access     VBOX     HARDDISK         1.0  PQ: 0 ANSI: 5
[    4.724149] scsi target2:0:0: Beginning Domain Validation
[    4.727888] scsi target2:0:0: Domain Validation skipping write tests
[    4.729504] scsi target2:0:0: Ending Domain Validation
[    4.731009] scsi target2:0:0: asynchronous
[    4.732996] scsi 2:0:1:0: Direct-Access     VBOX     HARDDISK         1.0  PQ: 0 ANSI: 5
[    4.734940] scsi target2:0:1: Beginning Domain Validation
[    4.737922] scsi target2:0:1: Domain Validation skipping write tests
[    4.739362] scsi target2:0:1: Ending Domain Validation
[    4.740907] scsi target2:0:1: asynchronous
[    4.749075] sd 2:0:0:0: Attached scsi generic sg0 type 0
[    4.750690] sd 2:0:0:0: [sda] 83886080 512-byte logical blocks: (42.9 GB/40.0 GiB)
[    4.763135] sd 2:0:1:0: [sdb] 20480 512-byte logical blocks: (10.5 MB/10.0 MiB)
[    4.764890] sd 2:0:1:0: Attached scsi generic sg1 type 0
[    4.766492] sd 2:0:0:0: [sda] Write Protect is off
[    4.767716] sd 2:0:1:0: [sdb] Write Protect is off
[    4.769035] sd 2:0:1:0: [sdb] Incomplete mode parameter data
[    4.770246] sd 2:0:1:0: [sdb] Assuming drive cache: write through
[    4.771765] sd 2:0:0:0: [sda] Incomplete mode parameter data
[    4.773030] sd 2:0:0:0: [sda] Assuming drive cache: write through
[    4.777371]  sda: sda1
[    4.779299] sd 2:0:1:0: [sdb] Attached SCSI disk
[    4.780444] sd 2:0:0:0: [sda] Attached SCSI disk
[    5.492372] e1000 0000:00:03.0 eth0: (PCI:33MHz:32-bit) 02:be:82:6b:cc:1d
[    5.493966] e1000 0000:00:03.0 eth0: Intel(R) PRO/1000 Network Connection
[    6.023758] e1000 0000:00:08.0 eth1: (PCI:33MHz:32-bit) 08:00:27:c1:b8:c5
[    6.025178] e1000 0000:00:08.0 eth1: Intel(R) PRO/1000 Network Connection
[    6.027708] e1000 0000:00:03.0 enp0s3: renamed from eth0
[    6.039668] e1000 0000:00:08.0 enp0s8: renamed from eth1
Begin: Loading essential drivers ... [    7.316628] md: linear personality registered for level -1
[    7.319676] md: multipath personality registered for level -4
[    7.322642] md: raid0 personality registered for level 0
[    7.326213] md: raid1 personality registered for level 1
[    7.395399] raid6: sse2x1   gen() 10627 MB/s
[    7.463411] raid6: sse2x1   xor()  7466 MB/s
[    7.531621] raid6: sse2x2   gen() 15676 MB/s
[    7.599453] raid6: sse2x2   xor()  9917 MB/s
[    7.667411] raid6: sse2x4   gen() 16590 MB/s
[    7.735448] raid6: sse2x4   xor() 10140 MB/s
[    7.803399] raid6: avx2x1   gen() 21047 MB/s
[    7.871357] raid6: avx2x2   gen() 28613 MB/s
[    7.939438] raid6: avx2x4   gen() 30970 MB/s
[    7.940678] raid6: using algorithm avx2x4 gen() 30970 MB/s
[    7.941635] raid6: using avx2x2 recovery algorithm
[    7.943576] xor: automatically using best checksumming function:
[    7.983365]    avx       : 24490.000 MB/sec
[    7.985008] async_tx: api initialized (async)
[    7.992772] md: raid6 personality registered for level 6
[    7.993640] md: raid5 personality registered for level 5
[    7.994694] md: raid4 personality registered for level 4
[    8.000324] md: raid10 personality registered for level 10
done.
Begin: Running /scripts/init-premount ... done.
Begin: Mounting root file system ... Begin: Running /scripts/local-top ... done.
Begin: Running /scripts/local-premount ... [    8.025202] Btrfs loaded
Scanning for Btrfs filesystems
done.
Warning: fsck not present, so skipping root file system
[    8.050148] EXT4-fs (sda1): mounted filesystem with ordered data mode. Opts: (null)
done.
Begin: Running /scripts/local-bottom ... done.
Begin: Running /scripts/init-bottom ... done.
[    8.128705] systemd[1]: systemd 229 running in system mode. (+PAM +AUDIT +SELINUX +IMA +APPARMOR +SMACK +SYSVINIT +UTMP +LIBCRYPTSETUP +GCRYPT +GNUTLS +ACL +XZ -LZ4 +SECCOMP +BLKID +ELFUTILS +KMOD -IDN)
[    8.131866] systemd[1]: Detected virtualization oracle.
[    8.132759] systemd[1]: Detected architecture x86-64.

Welcome to [1mUbuntu 16.04.7 LTS[0m!

[    8.143773] systemd[1]: Set hostname to <ubuntu>.
[    8.146701] systemd[1]: Initializing machine ID from random generator.
[    8.147810] systemd[1]: Installed transient /etc/machine-id file.
[    8.260831] systemd[1]: Listening on Journal Socket.
[[0;32m  OK  [0m] Listening on Journal Socket.
[    8.263486] systemd[1]: Listening on /dev/initctl Compatibility Named Pipe.
[[0;32m  OK  [0m] Listening on /dev/initctl Compatibility Named Pipe.
[    8.265974] systemd[1]: Listening on Journal Audit Socket.
[[0;32m  OK  [0m] Listening on Journal Audit Socket.
[    8.267488] systemd[1]: Reached target User and Group Name Lookups.
[[0;32m  OK  [0m] Reached target User and Group Name Lookups.
[    8.404017] systemd[1]: Listening on LVM2 metadata daemon socket.
[[0;32m  OK  [0m] Listening on LVM2 metadata daemon socket.
[    8.406071] systemd[1]: Created slice System Slice.
[[0;32m  OK  [0m] Created slice System Slice.
[    8.419862] systemd[1]: Mounting Debug File System...
         Mounting Debug File System...
[    8.428393] systemd[1]: Starting Create list of required static device nodes for the current kernel...
         Starting Create list of required st... nodes for the current kernel...
[    8.432516] systemd[1]: Mounting POSIX Message Queue File System...
         Mounting POSIX Message Queue File System...
[    8.440294] systemd[1]: Starting Nameserver information manager...
         Starting Nameserver information manager...
[    8.442759] systemd[1]: Listening on LVM2 poll daemon socket.
[[0;32m  OK  [0m] Listening on LVM2 poll daemon socket.
[    8.445163] systemd[1]: Set up automount Arbitrary Executable File Formats File System Automount Point.
[[0;32m  OK  [0m] Set up automount Arbitrary Executab...ats File System Automount Point.
[    8.455725] systemd[1]: Reached target Encrypted Volumes.
[[0;32m  OK  [0m] Reached target Encrypted Volumes.
[    8.474472] systemd[1]: Starting Load Kernel Modules...
         Starting Load Kernel Modules...
[    8.476780] systemd[1]: Listening on udev Control Socket.
[[0;32m  OK  [0m] Listening on udev Control Socket.
[    8.478990] systemd[1]: Started Trigger resolvconf update for networkd DNS.
[[0;32m  OK  [0m] Started Trigger resolvconf update for networkd DNS.
[    8.485300] Loading iSCSI transport class v2.0-870.
[    8.487982] systemd[1]: Starting Set console keymap...
         Starting Set console keymap...
[    8.495800] iscsi: registered transport (tcp)
[    8.499523] systemd[1]: Reached target System Time Synchronized.
[[0;32m  OK  [0m] Reached target System Time Synchronized.
[    8.502230] systemd[1]: Listening on Syslog Socket.
[[0;32m  OK  [0m] Listening on Syslog Socket.
[    8.504845] systemd[1]: Mounting Huge Pages File System...
         Mounting Huge Pages File System...
[    8.506455] systemd[1]: Listening on udev Kernel Socket.
[[0;32m  OK  [0m] Listening on udev Kernel Socket.
[    8.510169] systemd[1]: Listening on Journal Socket (/dev/log).
[[0;32m  OK  [0m] Listening on Journal Socket (/dev/log).
[    8.513324] systemd[1]: Starting Journal Service...
         Starting Journal Service...
[    8.515448] systemd[1]: Created slice User and Session Slice.
[[0;32m  OK  [0m] Created slice User and Session Slice.
[    8.518997] systemd[1]: Reached target Slices.
[[0;32m  OK  [0m] Reached target Slices.
[    8.521677] systemd[1]: Reached target Swap.
[[0;32m  OK  [0m] Reached target Swap.
[    8.527599] systemd[1]: Starting Uncomplicated firewall...
         Starting Uncomplicated firewall...
[    8.530022] systemd[1]: Listening on fsck to fsckd communication Socket.
[[0;32m  OK  [0m] Listening on fsck to fsckd communication Socket.
[    8.533990] systemd[1]: Starting File System Check on Root Device...
         Starting File System Check on Root Device...
[    8.536818] systemd[1]: Listening on Device-mapper event daemon FIFOs.
[[0;32m  OK  [0m] Listening on Device-mapper event daemon FIFOs.
[    8.540362] systemd[1]: Starting Monitoring of LVM2 mirrors, snapshots etc. using dmeventd or progress polling...
         Starting Monitoring of LVM2 mirrors... dmeventd or progress polling...
[    8.545460] systemd[1]: Created slice system-serial\x2dgetty.slice.
[[0;32m  OK  [0[    8.547210] iscsi: registered transport (iser)
m] Created slice system-serial\x2dgetty.slice.
[    8.549613] systemd[1]: Started Forward Password Requests to Wall Directory Watch.
[[0;32m  OK  [0m] Started Forward Password Requests to Wall Directory Watch.
[    8.576273] systemd[1]: Mounted Huge Pages File System.
[[0;32m  OK  [0m] Mounted Huge Pages File System.
[    8.578006] systemd[1]: Mounted POSIX Message Queue File System.
[[0;32m  OK  [0m] Mounted POSIX Message Queue File System.
[    8.580404] systemd[1]: Mounted Debug File System.
[[0;32m  OK  [0m] Mounted Debug File System.
[    8.582330] systemd[1]: Started Journal Service.
[[0;32m  OK  [0m] Started Journal Service.
[[0;32m  OK  [0m] Started Create list of required sta...ce nodes for the current kernel.
[[0;32m  OK  [0m] Started Load Kernel Modules.
[[0;32m  OK  [0m] Started Set console keymap.
[[0;32m  OK  [0m] Started Uncomplicated firewall.
[[0;32m  OK  [0m] Started File System Check on Root Device.
[[0;32m  OK  [0m] Started Nameserver information manager.
[[0;32m  OK  [0m] Started File System Check Daemon to report status.
[[0;32m  OK  [0m] Started LVM2 metadata daemon.
         Starting Remount Root and Kernel File Systems...
         Mounting FUSE Control File System...
         Starting Apply Kernel Variables...
         Starting Create Static Device Nodes in /dev...
[    8.607074] EXT4-fs (sda1): re-mounted. Opts: (null)
[[0;32m  OK  [0m] Mounted FUSE Control File System.
[[0;32m  OK  [0m] Started Remount Root and Kernel File Systems.
[[0;32m  OK  [0m] Started Apply Kernel Variables.
         Starting udev Coldplug all Devices...
         Starting Load/Save Random Seed...
         Starting Flush Journal to Persistent Storage...
[[0;32m  OK  [0m] Started Load/Save Random Seed.
[[0;32m  OK  [0m] Started Create Static Device Nodes in /dev.
         Starting udev Kernel Device Manager...
[[0;32m  OK  [0m] Started Flush Journal to Persistent Storage.
[[0;32m  OK  [0m] Started udev Kernel Device Manager.
[[0;32m  OK  [0m] Started udev Coldplug all Devices.
[[0;32m  OK  [0m] Started Dispatch Password Requests to Console Directory Watch.
[[0;32m  OK  [0m] Found device /dev/ttyS0.
[[0;32m  OK  [0m] Listening on Load/Save RF Kill Switch Status /dev/rfkill Watch.
[[0;32m  OK  [0m] Started Monitoring of LVM2 mirrors,...ng dmeventd or progress polling.
[[0;32m  OK  [0m] Reached target Local File Systems (Pre).
[[0;32m  OK  [0m] Reached target Local File Systems.
         Starting Set console font and keymap...
         Starting Tell Plymouth To Write Out Runtime Data...
         Starting LSB: AppArmor initialization...
         Starting Commit a transient machine-id on disk...
         Starting Create Volatile Files and Directories...
         Starting Initial cloud-init job (pre-networking)...
[[0;32m  OK  [0m] Started Tell Plymouth To Write Out Runtime Data.
[[0;32m  OK  [0m] Started Commit a transient machine-id on disk.
[[0;32m  OK  [0m] Started Create Volatile Files and Directories.
         Starting Update UTMP about System Boot/Shutdown...
[[0;32m  OK  [0m] Started Update UTMP about System Boot/Shutdown.
[[0;32m  OK  [0m] Started Set console font and keymap.
[[0;32m  OK  [0m] Created slice system-getty.slice.
[[0;32m  OK  [0m] Started LSB: AppArmor initialization.
         Starting Load AppArmor profiles managed internally by snapd...
[[0;32m  OK  [0m] Started Load AppArmor profiles managed internally by snapd.
[    9.958306] cloud-init[667]: Cloud-init v. 21.1-19-gbad84ad4-0ubuntu1~16.04.2 running 'init-local' at Mon, 25 Oct 2021 19:22:52 +0000. Up 9.76 seconds.
[[0;32m  OK  [0m] Started Initial cloud-init job (pre-networking).
[[0;32m  OK  [0m] Reached target Network (Pre).
         Starting Raise network interfaces...
[[0;32m  OK  [0m] Started Raise network interfaces.
         Starting Initial cloud-init job (metadata service crawler)...
[[0;32m  OK  [0m] Reached target Network.
[   10.859995] cloud-init[958]: Cloud-init v. 21.1-19-gbad84ad4-0ubuntu1~16.04.2 running 'init' at Mon, 25 Oct 2021 19:22:53 +0000. Up 10.40 seconds.
[   10.861872] cloud-init[958]: ci-info: ++++++++++++++++++++++++++++++++++++++Net device info+++++++++++++++++++++++++++++++++++++++
[   10.868464] cloud-init[958]: ci-info: +--------+-------+----------------------------+---------------+--------+-------------------+
[   10.876295] cloud-init[958]: ci-info: | Device |   Up  |          Address           |      Mask     | Scope  |     Hw-Address    |
[   10.877485] cloud-init[958]: ci-info: +--------+-------+----------------------------+---------------+--------+-------------------+
[   10.884324] cloud-init[958]: ci-info: | enp0s3 |  True |         10.0.2.15          | 255.255.255.0 | global | 02:be:82:6b:cc:1d |
[   10.892311] cloud-init[958]: ci-info: | enp0s3 |  True | fe80::be:82ff:fe6b:cc1d/64 |       .       |  link  | 02:be:82:6b:cc:1d |
[[0;32m  OK  [0m] Started Initial cloud-init job (metadata service crawler).
[[0;32m  OK  [0m] Reached target Network is Online.
[   10.906526] cloud-init[958]: ci-info: | enp0s8 | False |             .              |       .       |   .    | 08:00:27:c1:b8:c5 |
[   10.924562] cloud-init[958]: ci-info: |   lo   |  True |         127.0.0.1          |   255.0.0.0   |  host  |         .         |
         [   10.932932] Starting iSCSI initiator daemon (iscsid)...cloud-init
[958]: ci-info: |   lo   |  True |          ::1/128           |       .       |  host  |         .         |
[   10.944617] cloud-init[958]: ci-info: +--------+-------+----------------------------+---------------+--------+-------------------+
[   10.944802] cloud-init[958]: ci-info: +++++++++++++++++++++++++++Route IPv4 info++++++++++++++++++++++++++++
[[0;32m  OK  [0m] Reached target Cloud-config availability.
[[0;32m  OK  [0m[   10.945102] cloud-init[958]: ci-info: +-------+-------------+----------+---------------+-----------+-------+
] Reached target System Initialization.
[   10.952948] cloud-init[958]: ci-info: | Route | Destination | Gateway  |    Genmask    | Interface | Flags |
[   10.960349] cloud-init[958]: ci-info: +-------+-------------+----------+---------------+-----------+-------+
[   10.961540] cloud-init[958]: ci-info: |   0   |   0.0.0.0   | 10.0.2.2 |    0.0.0.0    |   enp0s3  |   UG  |
[   10.961723] cloud-init[958]: ci-info: |   1   |   10.0.2.0  | 0.0.0.0  | 255.255.255.0 |   enp0s3  |   U   |
[   10.961802] cloud-init[958]: ci-info: +-------+-------------+----------+---------------+-----------+-------+
[   10.961871] cloud-init         [958]: Starting Socket activation for snappy daemon.ci-info: +++++++++++++++++++Route IPv6 info+++++++++++++++++++

[   10.961917] cloud-init[958]: ci-info: +-------+-------------+---------+-----------+-------+
[   10.969259] cloud-init[958]: ci-info: | Route | Destination | Gateway | Interface | Flags |
[   10.976195] cloud-init[958]: ci-info: +-------+-------------+---------+-----------+-------+
[   10.976325] cloud-init[[958]: [0;32m  OK  [0mci-info: |   0   |  fe80::/64  |    ::   |   enp0s3  |   U   |] 
Started ACPI Events Check.
[   10.976508] cloud-init[958]: ci-info: |   3   |   ff00::/8  |    ::   |   enp0s3  |   U   |
[   10.984940] cloud-init[958]: ci-info: +-------+-------------+---------+-----------+-------+
[   10.985060] cloud-init[[958]: [0;32m  OK  [0mGenerating public/private rsa key pair.] 
Reached target Paths.
[[   10.985098] cloud-init[958]: Your identification has been saved in /etc/ssh/ssh_host_rsa_key.
[0;32m  OK  [0m] Listening on D-Bus System Message Bus Socket.
[   10.992416] cloud-init[958]: Your public key has been saved in /etc/ssh/ssh_host_rsa_key.pub.
[   11.001576] cloud-init[958]: The key fingerprint is:
[   11.001713] cloud-init[958]: SHA256:5iROux/tR7MDL31EKqs+6tbZpT9xyKNYM49fEwcd+HI root@ubuntu-xenial
[   11.002065] cloud-init[958]: The key's randomart image is:
[   11.002279] cloud-init[958]: +---[RSA 2048]----+
[   11.002559] cloud-init[958]: |              .. |
[[0;32m  OK  [0m] Started Ubuntu Advantage update messaging.
[[0;32m  OK  [0m] Started Daily apt download activities.
[   11.002587] cloud-init[958]: |             . ..|
[   11.013102] cloud-init[958]: |              o .|
[   11.013233] cloud-init[[958]: [0;32m  OK  [0m|             ..E |] 
Started Daily apt upgrade and clean activities.
[[   11.013272] [0;32m  OK  [0mcloud-init] [958]: Listening on ACPID Listen Socket.|      o S  . ++ .|

[   11.028544] cloud-init[958]: |     o * .* X oo |
[   11.028874] cloud-init[958]: [|      o.o=./ Bo  |[0;32m  OK  [0m
] Started Message of the Day.
[[   11.028906] [0;32m  OK  [0mcloud-init] [958]: Listening on UUID daemon activation socket.|      ..=oB O... |

[   11.044290] cloud-init         [958]: Starting LXD - unix socket.|     o+++o.=o+   |

[   11.044887] cloud-init[958]: +----[SHA256]-----+
[   11.045019] cloud-init[958]: Generating public/private dsa key pair.
[   11.045080] cloud-init[958]: Your identification has been saved in /etc/ssh/ssh_host_dsa_key.
[[0;32m  OK  [0m] Started Daily Cleanup of Temporary Directories.
[   11.045172] cloud-init[958]: Your public key has been saved in /etc/ssh/ssh_host_dsa_key.pub.
[   11.064174] cloud-init[958]: The key fingerprint is:
[   11.064424] cloud-init[958]: [SHA256:r56C6m27sVRJ14nNPkXDXWL0fi9v8jg3qlft9JRs2n8 root@ubuntu-xenial[0;32m  OK  [0m
] Reached target Timers.
[   11.064686] cloud-init[958]: The key's randomart image is:
[   11.066275] cloud-init[958]: +---[DSA 1024]----+
[   11.073063] cloud-init[958]: |           .oo+..|
[   11.084326] cloud-init[958]: |         = o.o.o |
[   11.084519] cloud-init[958]: [|      . o = .   .|[0;32m  OK  [0m
] Listening on Socket activation for snappy daemon.
[[   11.084550] [0;32m  OK  [0mcloud-init] [958]: Listening on LXD - unix socket.|     . o . .   . |

[   11.087054] cloud-init[958]: |      o S o   . =|
[   11.087408] cloud-init[958]: [|     .   . .   =*|[0;32m  OK  [0m
] Started iSCSI initiator daemon (iscsid).
[   11.087440] cloud-init[958]: |    o.    .   *+o|
[   11.096860] cloud-init[958]: |   ooo.  o   oo*E|
[   11.097359] cloud-init[958]: | .oo=o o+  .o.o*B|
[   11.097891] cloud-init[958]: +----[SHA256]-----+
[   11.098067] cloud-init[958]: Generating public/private ecdsa key pair.
         Starting Login to default iSCSI targets...
[[   11.098381] [0;32m  OK  [0mcloud-init] [958]: Reached target Sockets.Your identification has been saved in /etc/ssh/ssh_host_ecdsa_key.

[   11.105549] cloud-init[958]: Your public key has been saved in /etc/ssh/ssh_host_ecdsa_key.pub.
[   11.105670] cloud-init[[958]: [0;32m  OK  [0mThe key fingerprint is:] 
Reached target Basic System.
[   11.105710] cloud-init[958]: SHA256:mWAKgd4WU0x0dGJK06A1TGti76iVNMz8aXJUX8NL9G8 root@ubuntu-xenial
         Starting Login Service...
[   11.116216] cloud-init[958]: The key's randomart image is:
[   11.132174] cloud-init[958]: +---[ECDSA 256]---+
[   11.132877] cloud-init[958]: | .. B@+= . .     |
[   11.133504] cloud-init[958]: |.  ++oB.o o .    |
[   11.140825] cloud-init[958]: |. o+o+o.   = .   |
[   11.140975] cloud-init[958]: | .=++o...oo o .  |
[   11.141174] cloud-init[958]: |  .*.o  S. .   E |
[   11.141351] cloud-init[958]: |  . B .       .  |
[   11.141373] cloud-init[958]: |   = *           |
         Starting Pollinate to seed the pseudo random number generator...
[   11.141463] cloud-init[958]: |  o +            |
[   11.143035] cloud-init[958]: | .               |
[   11.148994] cloud-init[958]: +----[SHA256]-----+
[   11.149143] cloud-init[[958]: [0;32m  OK  [0mGenerating public/private ed25519 key pair.] 
Started FUSE filesystem for LXC.
[   11.149179] cloud-init[958]: Your identification has been saved in /etc/ssh/ssh_host_ed25519_key.
[   11.150895] cloud-init[958]: Your public key has been saved in /etc/ssh/ssh_host_ed25519_key.pub.
[   11.156534] cloud-init[958]: The key fingerprint is:
[   11.156684] cloud-init[958]: SHA256:YFJPXldsEaHC7d44tYH2YSgY5ZCeb1QIKfnfScgcQ1s root@ubuntu-xenial
         Starting LSB: MD monitoring daemon...
[   11.156797] cloud-init[958]: The key's randomart image is:
[   11.164265] cloud-init[958]: +--[ED25519 256]--+
[   11.164564] cloud-init[958]: |      ..+=+.Eo=+ |
[   11.164902] cloud-init[958]: |     .o+o*+=..o  |
[   11.165135] cloud-init[958]: |    . o+++==o.   |
         Starting LSB: Record successful boot for GRUB...
[   11.165243] cloud-init[958]: |     o .+o=o.o   |
[   11.176177] cloud-init[958]: |        S+.o=.=  |
[   11.176333] cloud-init         [958]: Starting Virtualbox guest utils...|          ++o* + |

[   11.176369] cloud-init[958]: |         .  + +  |
[   11.196169] cloud-init[958]: |             .   |
[[0;32m  OK  [0m] Started D-Bus System Message Bus.
[   11.196374] cloud-init[958]: |                 |
[   11.212300] cloud-init[958]: +----[SHA256]-----+
[[0;32m  OK  [0m] Started Regular background program processing daemon.
         Starting LXD - container startup/shutdown...
         Starting /etc/rc.local Compatibility...
         Starting Accounts Service...
[[0;32m  OK  [0m] Started Deferred execution scheduler.
         Starting System Logging Service...
[[0;32m  OK  [0m] Started ACPI event daemon.
         Starting Snap Daemon...
[[0;32m  OK  [0m] Started System Logging Service.
[[0;32m  OK  [0m] Started /etc/rc.local Compatibility.
[[0;32m  OK  [0m] Started Login Service.
[[0;32m  OK  [0m] Started Unattended Upgrades Shutdown.
[[0;32m  OK  [0m] Started LSB: MD monitoring daemon.
[[0;32m  OK  [0m] Started LSB: Record successful boot for GRUB.
[[0;32m  OK  [0m] Started Login to default iSCSI targets.
[[0;32m  OK  [0m] Reached target Remote File Systems (Pre).
[[0;32m  OK  [0m] Reached target Remote File Systems.
         Starting LSB: Set the CPU Frequency Scaling governor to "ondemand"...
         Starting Permit User Sessions...
         Starting LSB: daemon to balance interrupts for SMP systems...
         Starting LSB: automatic crash report generation...
         Starting Authenticate and Authorize Users to Run Privileged Tasks...
[[0;32m  OK  [0m] Started Permit User Sessions.
         Starting Hold until boot process finishes up...
         Starting Terminate Plymouth Boot Screen...
[[0;32m  OK  [0m] Started LXD - container startup/shutdown.
[[0;32m  OK  [0m] Started Hold until boot process finishes up.
         Starting Set console scheme...
[[0;32m  OK  [0m] Started Serial Getty on ttyS0.
[[0;32m  OK  [0m] Started Getty on tty1.
[[0;32m  OK  [0m] Reached target Login Prompts.
[[0;32m  OK  [0m] Started Terminate Plymouth Boot Screen.
[[0;32m  OK  [0m] Started Set console scheme.
[[0;32m  OK  [0m] Started Authenticate and Authorize Users to Run Privileged Tasks.
[[0;32m  OK  [0m] Started Accounts Service.
[[0;32m  OK  [0m] Started LSB: Set the CPU Frequency Scaling governor to "ondemand".
[[0;32m  OK  [0m] Started Virtualbox guest utils.
[[0;32m  OK  [0m] Started LSB: automatic crash report generation.
[[0;32m  OK  [0m] Started LSB: daemon to balance interrupts for SMP systems.
[[0;32m  OK  [0m] Started Snap Daemon.
         Starting Wait until snapd is fully seeded...
[[0;32m  OK  [0m] Started Pollinate to seed the pseudo random number generator.
         Starting OpenBSD Secure Shell server...
[[0;32m  OK  [0m] Started OpenBSD Secure Shell server.
[[0;32m  OK  [0m] Started Wait until snapd is fully seeded.
         Starting Apply the settings specified in cloud-config...
[[0;32m  OK  [0m] Reached target Multi-User System.
[[0;32m  OK  [0m] Reached target Graphical Interface.
         Starting Update UTMP about System Runlevel Changes...
[[0;32m  OK  [0m] Started Update UTMP about System Runlevel Changes.
[[0;32m  OK  [0m] Created slice User Slice of vagrant.
         Starting User Manager for UID 1000...
[[0;32m  OK  [0m] Started Session 1 of user vagrant.
[[0;32m  OK  [0m] Started User Manager for UID 1000.
[   12.386872] cloud-init[1302]: Generating locales (this might take a while)...
[   12.964051] cloud-init[1302]:   en_US.UTF-8... done
[   12.965209] cloud-init[1302]: Generation complete.
[   13.218280] cloud-init[1302]: Cloud-init v. 21.1-19-gbad84ad4-0ubuntu1~16.04.2 running 'modules:config' at Mon, 25 Oct 2021 19:22:55 +0000. Up 12.30 seconds.
[[0;32m  OK  [0m] Started Apply the settings specified in cloud-config.
         Starting Execute cloud user/final scripts...
ci-info: no authorized SSH keys fingerprints found for user ubuntu.
<14>Oct 25 19:22:56 ec2: 
<14>Oct 25 19:22:56 ec2: #############################################################
<14>Oct 25 19:22:56 ec2: -----BEGIN SSH HOST KEY FINGERPRINTS-----
<14>Oct 25 19:22:56 ec2: 1024 SHA256:r56C6m27sVRJ14nNPkXDXWL0fi9v8jg3qlft9JRs2n8 root@ubuntu-xenial (DSA)
<14>Oct 25 19:22:56 ec2: 256 SHA256:mWAKgd4WU0x0dGJK06A1TGti76iVNMz8aXJUX8NL9G8 root@ubuntu-xenial (ECDSA)
<14>Oct 25 19:22:56 ec2: 256 SHA256:YFJPXldsEaHC7d44tYH2YSgY5ZCeb1QIKfnfScgcQ1s root@ubuntu-xenial (ED25519)
<14>Oct 25 19:22:56 ec2: 2048 SHA256:5iROux/tR7MDL31EKqs+6tbZpT9xyKNYM49fEwcd+HI root@ubuntu-xenial (RSA)
<14>Oct 25 19:22:56 ec2: -----END SSH HOST KEY FINGERPRINTS-----
<14>Oct 25 19:22:56 ec2: #############################################################
-----BEGIN SSH HOST KEY KEYS-----
ecdsa-sha2-nistp256 AAAAE2VjZHNhLXNoYTItbmlzdHAyNTYAAAAIbmlzdHAyNTYAAABBBF/W9kuO7laNFwCNJh5bhFUrk2KwQbJ+MW3iv9zsAOZ/VZ3GZZl+kcmGXu2OGvXAFodQre1POmR8k78mWSLD63w= root@ubuntu-xenial
ssh-ed25519 AAAAC3NzaC1lZDI1NTE5AAAAIDyp21OAs0vDkv+DnOxTKHIs1CAqPsYyjGP9AHnLdlkG root@ubuntu-xenial
ssh-rsa AAAAB3NzaC1yc2EAAAADAQABAAABAQDg01V9TqKU9nfaeIeaaCnt/s+KlaaQrU257OAw8dtS4ZmNiIjB7+AnziuIqpFDL4E3SdZP2Hfe4qmy9BANKewnbHNk6KK6ZyOAUZF79uT+hBWXvtme4zMVg3E1cKovcbhGqsy6qITp8sDJv2SxTlSicvpCN+TT1nLq6CPN7oyN+wt3TWkc8C+WqBN6usKys3QmSOeTzPRhYf44pH9vSUPCZqPtmuY3VTSe7xOjDBzCl6k0uO12RutoOzO4vI3M5Hv9Tdkna0wUkQFOQ8XFFf9sf67WhMKBiJV6JAsOBKLNgjIzx/lHd4KLPzG9kX0twF6x/83Rgs25VobZQ5E3agPp root@ubuntu-xenial
-----END SSH HOST KEY KEYS-----
[   13.611341] cloud-init[1461]: Cloud-init v. 21.1-19-gbad84ad4-0ubuntu1~16.04.2 running 'modules:final' at Mon, 25 Oct 2021 19:22:56 +0000. Up 13.49 seconds.
[   13.620574] cloud-init[1461]: ci-info: no authorized SSH keys fingerprints found for user ubuntu.
[   13.624516] cloud-init[1461]: Cloud-init v. 21.1-19-gbad84ad4-0ubuntu1~16.04.2 finished at Mon, 25 Oct 2021 19:22:56 +0000. Datasource DataSourceNoCloud [seed=/dev/sdb][dsmode=net].  Up 13.60 seconds
[[0;32m  OK  [0m] Started Execute cloud user/final scripts.
[[0;32m  OK  [0m] Reached target Cloud-init target.

Ubuntu 16.04.7 LTS ubuntu-xenial ttyS0

ubuntu-xenial login: 